kernel: Linux version 6.8.0-41-generic (buildd@lcy02-amd64-100) (x86_64-linux-gnu-gcc-13 (Ubuntu 13.2.0-23ubuntu4) 13.2.0, GNU ld (GNU Binutils for Ubuntu) 2.42) #41-Ubuntu SMP PREEMPT_DYNAMIC Fri Aug  2 20:41:06 UTC 2024 (Ubuntu 6.8.0-41.41-generic 6.8.12)
kernel: Command line: BOOT_IMAGE=/boot/vmlinuz-6.8.0-41-generic root=UUID=dab7ee4c-255d-407a-9d8b-62ce20b560be ro quiet splash
kernel: KERNEL supported cpus:
kernel:   Intel GenuineIntel
kernel:   AMD AuthenticAMD
kernel:   Hygon HygonGenuine
kernel:   Centaur CentaurHauls
kernel:   zhaoxin   Shanghai  
kernel: [Firmware Bug]: TSC doesn't count with P0 frequency!
kernel: BIOS-provided physical RAM map:
kernel: BIOS-e820: [mem 0x0000000000000000-0x000000000009fbff] usable
kernel: BIOS-e820: [mem 0x000000000009fc00-0x000000000009ffff] reserved
kernel: BIOS-e820: [mem 0x00000000000f0000-0x00000000000fffff] reserved
kernel: BIOS-e820: [mem 0x0000000000100000-0x000000007ffeffff] usable
kernel: BIOS-e820: [mem 0x000000007fff0000-0x000000007fffffff] ACPI data
kernel: BIOS-e820: [mem 0x00000000fec00000-0x00000000fec00fff] reserved
kernel: BIOS-e820: [mem 0x00000000fee00000-0x00000000fee00fff] reserved
kernel: BIOS-e820: [mem 0x00000000fffc0000-0x00000000ffffffff] reserved
kernel: NX (Execute Disable) protection: active
kernel: APIC: Static calls initialized
kernel: SMBIOS 2.5 present.
kernel: DMI: innotek GmbH VirtualBox/VirtualBox, BIOS VirtualBox 12/01/2006
kernel: Hypervisor detected: KVM
kernel: kvm-clock: Using msrs 4b564d01 and 4b564d00
kernel: kvm-clock: using sched offset of 3928710574 cycles
kernel: clocksource: kvm-clock: mask: 0xffffffffffffffff max_cycles: 0x1cd42e4dffb, max_idle_ns: 881590591483 ns
kernel: tsc: Detected 2096.064 MHz processor
kernel: e820: update [mem 0x00000000-0x00000fff] usable ==> reserved
kernel: e820: remove [mem 0x000a0000-0x000fffff] usable
kernel: last_pfn = 0x7fff0 max_arch_pfn = 0x400000000
kernel: MTRRs disabled by BIOS
kernel: x86/PAT: Configuration [0-7]: WB  WC  UC- UC  WB  WP  UC- WT  
kernel: found SMP MP-table at [mem 0x0009fff0-0x0009ffff]
kernel: RAMDISK: [mem 0x3029f000-0x34146fff]
kernel: ACPI: Early table checksum verification disabled
kernel: ACPI: RSDP 0x00000000000E0000 000024 (v02 VBOX  )
kernel: ACPI: XSDT 0x000000007FFF0030 00003C (v01 VBOX   VBOXXSDT 00000001 ASL  00000061)
kernel: ACPI: FACP 0x000000007FFF00F0 0000F4 (v04 VBOX   VBOXFACP 00000001 ASL  00000061)
kernel: ACPI: DSDT 0x000000007FFF0620 002353 (v02 VBOX   VBOXBIOS 00000002 INTL 20100528)
kernel: ACPI: FACS 0x000000007FFF0200 000040
kernel: ACPI: FACS 0x000000007FFF0200 000040
kernel: ACPI: APIC 0x000000007FFF0240 00006C (v02 VBOX   VBOXAPIC 00000001 ASL  00000061)
kernel: ACPI: SSDT 0x000000007FFF02B0 00036C (v01 VBOX   VBOXCPUT 00000002 INTL 20100528)
kernel: ACPI: Reserving FACP table memory at [mem 0x7fff00f0-0x7fff01e3]
kernel: ACPI: Reserving DSDT table memory at [mem 0x7fff0620-0x7fff2972]
kernel: ACPI: Reserving FACS table memory at [mem 0x7fff0200-0x7fff023f]
kernel: ACPI: Reserving FACS table memory at [mem 0x7fff0200-0x7fff023f]
kernel: ACPI: Reserving APIC table memory at [mem 0x7fff0240-0x7fff02ab]
kernel: ACPI: Reserving SSDT table memory at [mem 0x7fff02b0-0x7fff061b]
kernel: No NUMA configuration found
kernel: Faking a node at [mem 0x0000000000000000-0x000000007ffeffff]
kernel: NODE_DATA(0) allocated [mem 0x7ffc5000-0x7ffeffff]
kernel: Zone ranges:
kernel:   DMA      [mem 0x0000000000001000-0x0000000000ffffff]
kernel:   DMA32    [mem 0x0000000001000000-0x000000007ffeffff]
kernel:   Normal   empty
kernel:   Device   empty
kernel: Movable zone start for each node
kernel: Early memory node ranges
kernel:   node   0: [mem 0x0000000000001000-0x000000000009efff]
kernel:   node   0: [mem 0x0000000000100000-0x000000007ffeffff]
kernel: Initmem setup node 0 [mem 0x0000000000001000-0x000000007ffeffff]
kernel: On node 0, zone DMA: 1 pages in unavailable ranges
kernel: On node 0, zone DMA: 97 pages in unavailable ranges
kernel: On node 0, zone DMA32: 16 pages in unavailable ranges
kernel: ACPI: PM-Timer IO Port: 0x4008
kernel: IOAPIC[0]: apic_id 4, version 32, address 0xfec00000, GSI 0-23
kernel: ACPI: INT_SRC_OVR (bus 0 bus_irq 0 global_irq 2 dfl dfl)
kernel: ACPI: INT_SRC_OVR (bus 0 bus_irq 9 global_irq 9 low level)
kernel: ACPI: Using ACPI (MADT) for SMP configuration information
kernel: smpboot: Allowing 4 CPUs, 0 hotplug CPUs
kernel: PM: hibernation: Registered nosave memory: [mem 0x00000000-0x00000fff]
kernel: PM: hibernation: Registered nosave memory: [mem 0x0009f000-0x0009ffff]
kernel: PM: hibernation: Registered nosave memory: [mem 0x000a0000-0x000effff]
kernel: PM: hibernation: Registered nosave memory: [mem 0x000f0000-0x000fffff]
kernel: [mem 0x80000000-0xfebfffff] available for PCI devices
kernel: Booting paravirtualized kernel on KVM
kernel: clocksource: refined-jiffies: mask: 0xffffffff max_cycles: 0xffffffff, max_idle_ns: 1910969940391419 ns
kernel: setup_percpu: NR_CPUS:8192 nr_cpumask_bits:4 nr_cpu_ids:4 nr_node_ids:1
kernel: percpu: Embedded 86 pages/cpu s229376 r8192 d114688 u524288
kernel: pcpu-alloc: s229376 r8192 d114688 u524288 alloc=1*2097152
kernel: pcpu-alloc: [0] 0 1 2 3 
kernel: kvm-guest: PV spinlocks enabled
kernel: PV qspinlock hash table entries: 256 (order: 0, 4096 bytes, linear)
kernel: Kernel command line: BOOT_IMAGE=/boot/vmlinuz-6.8.0-41-generic root=UUID=dab7ee4c-255d-407a-9d8b-62ce20b560be ro quiet splash
kernel: Unknown kernel command line parameters "splash BOOT_IMAGE=/boot/vmlinuz-6.8.0-41-generic", will be passed to user space.
kernel: random: crng init done
kernel: Dentry cache hash table entries: 262144 (order: 9, 2097152 bytes, linear)
kernel: Inode-cache hash table entries: 131072 (order: 8, 1048576 bytes, linear)
kernel: Fallback order for Node 0: 0 
kernel: Built 1 zonelists, mobility grouping on.  Total pages: 515824
kernel: Policy zone: DMA32
kernel: mem auto-init: stack:all(zero), heap alloc:on, heap free:off
kernel: Memory: 1942904K/2096696K available (22528K kernel code, 4441K rwdata, 14308K rodata, 4972K init, 4736K bss, 153532K reserved, 0K cma-reserved)
kernel: SLUB: HWalign=64, Order=0-3, MinObjects=0, CPUs=4, Nodes=1
kernel: ftrace: allocating 57864 entries in 227 pages
kernel: ftrace: allocated 227 pages with 5 groups
kernel: Dynamic Preempt: voluntary
kernel: rcu: Preemptible hierarchical RCU implementation.
kernel: rcu:         RCU restricting CPUs from NR_CPUS=8192 to nr_cpu_ids=4.
kernel:         Trampoline variant of Tasks RCU enabled.
kernel:         Rude variant of Tasks RCU enabled.
kernel:         Tracing variant of Tasks RCU enabled.
kernel: rcu: RCU calculated value of scheduler-enlistment delay is 100 jiffies.
kernel: rcu: Adjusting geometry for rcu_fanout_leaf=16, nr_cpu_ids=4
kernel: NR_IRQS: 524544, nr_irqs: 456, preallocated irqs: 16
kernel: rcu: srcu_init: Setting srcu_struct sizes based on contention.
kernel: Console: colour VGA+ 80x25
kernel: printk: legacy console [tty0] enabled
kernel: ACPI: Core revision 20230628
kernel: APIC: Switch to symmetric I/O mode setup
kernel: x2apic enabled
kernel: APIC: Switched APIC routing to: physical x2apic
kernel: ..TIMER: vector=0x30 apic1=0 pin1=2 apic2=-1 pin2=-1
kernel: clocksource: tsc-early: mask: 0xffffffffffffffff max_cycles: 0x1e36aa4f9f7, max_idle_ns: 440795294663 ns
kernel: Calibrating delay loop (skipped) preset value.. 4192.12 BogoMIPS (lpj=2096064)
kernel: Last level iTLB entries: 4KB 1024, 2MB 1024, 4MB 512
kernel: Last level dTLB entries: 4KB 2048, 2MB 2048, 4MB 1024, 1GB 0
kernel: Spectre V1 : Mitigation: usercopy/swapgs barriers and __user pointer sanitization
kernel: Spectre V2 : Mitigation: Retpolines
kernel: Spectre V2 : Spectre v2 / SpectreRSB mitigation: Filling RSB on context switch
kernel: Spectre V2 : Spectre v2 / SpectreRSB : Filling RSB on VMEXIT
kernel: RETBleed: Mitigation: untrained return thunk
kernel: Speculative Return Stack Overflow: IBPB-extending microcode not applied!
kernel: Speculative Return Stack Overflow: WARNING: See https://kernel.org/doc/html/latest/admin-guide/hw-vuln/srso.html for mitigation options.
kernel: Speculative Return Stack Overflow: Vulnerable: Safe RET, no microcode
kernel: x86/fpu: Supporting XSAVE feature 0x001: 'x87 floating point registers'
kernel: x86/fpu: Supporting XSAVE feature 0x002: 'SSE registers'
kernel: x86/fpu: Supporting XSAVE feature 0x004: 'AVX registers'
kernel: x86/fpu: xstate_offset[2]:  576, xstate_sizes[2]:  256
kernel: x86/fpu: Enabled xstate features 0x7, context size is 832 bytes, using 'standard' format.
kernel: Freeing SMP alternatives memory: 48K
kernel: pid_max: default: 32768 minimum: 301
kernel: LSM: initializing lsm=lockdown,capability,landlock,yama,apparmor,integrity
kernel: landlock: Up and running.
kernel: Yama: becoming mindful.
kernel: AppArmor: AppArmor initialized
kernel: Mount-cache hash table entries: 4096 (order: 3, 32768 bytes, linear)
kernel: Mountpoint-cache hash table entries: 4096 (order: 3, 32768 bytes, linear)
kernel: APIC calibration not consistent with PM-Timer: 111ms instead of 100ms
kernel: APIC delta adjusted to PM-Timer: 6294974 (7007101)
kernel: smpboot: CPU0: AMD Ryzen 5 5500U with Radeon Graphics (family: 0x17, model: 0x68, stepping: 0x1)
kernel: RCU Tasks: Setting shift to 2 and lim to 1 rcu_task_cb_adjust=1.
kernel: RCU Tasks Rude: Setting shift to 2 and lim to 1 rcu_task_cb_adjust=1.
kernel: RCU Tasks Trace: Setting shift to 2 and lim to 1 rcu_task_cb_adjust=1.
kernel: Performance Events: PMU not available due to virtualization, using software events only.
kernel: signal: max sigframe size: 1776
kernel: rcu: Hierarchical SRCU implementation.
kernel: rcu:         Max phase no-delay instances is 400.
kernel: NMI watchdog: Perf NMI watchdog permanently disabled
kernel: smp: Bringing up secondary CPUs ...
kernel: smpboot: x86: Booting SMP configuration:
kernel: .... node  #0, CPUs:      #1 #2 #3
kernel: smp: Brought up 1 node, 4 CPUs
kernel: smpboot: Max logical packages: 1
kernel: smpboot: Total of 4 processors activated (16768.51 BogoMIPS)
kernel: devtmpfs: initialized
kernel: x86/mm: Memory block size: 128MB
kernel: clocksource: jiffies: mask: 0xffffffff max_cycles: 0xffffffff, max_idle_ns: 1911260446275000 ns
kernel: futex hash table entries: 1024 (order: 4, 65536 bytes, linear)
kernel: pinctrl core: initialized pinctrl subsystem
kernel: PM: RTC time: 17:09:25, date: 2024-09-03
kernel: NET: Registered PF_NETLINK/PF_ROUTE protocol family
kernel: DMA: preallocated 256 KiB GFP_KERNEL pool for atomic allocations
kernel: DMA: preallocated 256 KiB GFP_KERNEL|GFP_DMA pool for atomic allocations
kernel: DMA: preallocated 256 KiB GFP_KERNEL|GFP_DMA32 pool for atomic allocations
kernel: audit: initializing netlink subsys (disabled)
kernel: audit: type=2000 audit(1725383370.731:1): state=initialized audit_enabled=0 res=1
kernel: thermal_sys: Registered thermal governor 'fair_share'
kernel: thermal_sys: Registered thermal governor 'bang_bang'
kernel: thermal_sys: Registered thermal governor 'step_wise'
kernel: thermal_sys: Registered thermal governor 'user_space'
kernel: thermal_sys: Registered thermal governor 'power_allocator'
kernel: EISA bus registered
kernel: cpuidle: using governor ladder
kernel: cpuidle: using governor menu
kernel: acpiphp: ACPI Hot Plug PCI Controller Driver version: 0.5
kernel: PCI: Using configuration type 1 for base access
kernel: PCI: Using configuration type 1 for extended access
kernel: kprobes: kprobe jump-optimization is enabled. All kprobes are optimized if possible.
kernel: HugeTLB: registered 2.00 MiB page size, pre-allocated 0 pages
kernel: HugeTLB: 28 KiB vmemmap can be freed for a 2.00 MiB page
kernel: ACPI: Added _OSI(Module Device)
kernel: ACPI: Added _OSI(Processor Device)
kernel: ACPI: Added _OSI(3.0 _SCP Extensions)
kernel: ACPI: Added _OSI(Processor Aggregator Device)
kernel: ACPI: 2 ACPI AML tables successfully acquired and loaded
kernel: ACPI: _OSC evaluation for CPUs failed, trying _PDC
kernel: ACPI: Interpreter enabled
kernel: ACPI: PM: (supports S0 S5)
kernel: ACPI: Using IOAPIC for interrupt routing
kernel: PCI: Using host bridge windows from ACPI; if necessary, use "pci=nocrs" and report a bug
kernel: PCI: Using E820 reservations for host bridge windows
kernel: ACPI: Enabled 2 GPEs in block 00 to 07
kernel: ACPI: PCI Root Bridge [PCI0] (domain 0000 [bus 00-ff])
kernel: acpi PNP0A03:00: _OSC: OS supports [ExtendedConfig ASPM ClockPM Segments MSI EDR HPX-Type3]
kernel: acpi PNP0A03:00: _OSC: platform does not support [PCIeCapability LTR DPC]
kernel: acpi PNP0A03:00: _OSC: not requesting control; platform does not support [PCIeCapability]
kernel: acpi PNP0A03:00: _OSC: OS requested [PCIeHotplug SHPCHotplug PME AER PCIeCapability LTR DPC]
kernel: acpi PNP0A03:00: _OSC: platform willing to grant [PCIeHotplug SHPCHotplug PME AER]
kernel: acpi PNP0A03:00: _OSC: platform retains control of PCIe features (AE_SUPPORT)
kernel: PCI host bridge to bus 0000:00
kernel: pci_bus 0000:00: root bus resource [io  0x0000-0x0cf7 window]
kernel: pci_bus 0000:00: root bus resource [io  0x0d00-0xffff window]
kernel: pci_bus 0000:00: root bus resource [mem 0x000a0000-0x000bffff window]
kernel: pci_bus 0000:00: root bus resource [mem 0x80000000-0xfdffffff window]
kernel: pci_bus 0000:00: root bus resource [bus 00-ff]
kernel: pci 0000:00:00.0: [8086:1237] type 00 class 0x060000 conventional PCI endpoint
kernel: pci 0000:00:01.0: [8086:7000] type 00 class 0x060100 conventional PCI endpoint
kernel: pci 0000:00:01.1: [8086:7111] type 00 class 0x01018a conventional PCI endpoint
kernel: pci 0000:00:01.1: BAR 4 [io  0xd000-0xd00f]
kernel: pci 0000:00:01.1: BAR 0 [io  0x01f0-0x01f7]: legacy IDE quirk
kernel: pci 0000:00:01.1: BAR 1 [io  0x03f6]: legacy IDE quirk
kernel: pci 0000:00:01.1: BAR 2 [io  0x0170-0x0177]: legacy IDE quirk
kernel: pci 0000:00:01.1: BAR 3 [io  0x0376]: legacy IDE quirk
kernel: pci 0000:00:02.0: [15ad:0405] type 00 class 0x030000 conventional PCI endpoint
kernel: pci 0000:00:02.0: BAR 0 [io  0xd010-0xd01f]
kernel: pci 0000:00:02.0: BAR 1 [mem 0xe0000000-0xe7ffffff pref]
kernel: pci 0000:00:02.0: BAR 2 [mem 0xf0000000-0xf01fffff]
kernel: pci 0000:00:02.0: Video device with shadowed ROM at [mem 0x000c0000-0x000dffff]
kernel: pci 0000:00:03.0: [8086:100e] type 00 class 0x020000 conventional PCI endpoint
kernel: pci 0000:00:03.0: BAR 0 [mem 0xf0200000-0xf021ffff]
kernel: pci 0000:00:03.0: BAR 2 [io  0xd020-0xd027]
kernel: pci 0000:00:04.0: [80ee:cafe] type 00 class 0x088000 conventional PCI endpoint
kernel: pci 0000:00:04.0: BAR 0 [io  0xd040-0xd05f]
kernel: pci 0000:00:04.0: BAR 1 [mem 0xf0400000-0xf07fffff]
kernel: pci 0000:00:04.0: BAR 2 [mem 0xf0800000-0xf0803fff pref]
kernel: pci 0000:00:06.0: [106b:003f] type 00 class 0x0c0310 conventional PCI endpoint
kernel: pci 0000:00:06.0: BAR 0 [mem 0xf0804000-0xf0804fff]
kernel: pci 0000:00:07.0: [8086:7113] type 00 class 0x068000 conventional PCI endpoint
kernel: pci 0000:00:07.0: quirk: [io  0x4000-0x403f] claimed by PIIX4 ACPI
kernel: pci 0000:00:07.0: quirk: [io  0x4100-0x410f] claimed by PIIX4 SMB
kernel: pci 0000:00:0b.0: [8086:265c] type 00 class 0x0c0320 conventional PCI endpoint
kernel: pci 0000:00:0b.0: BAR 0 [mem 0xf0805000-0xf0805fff]
kernel: pci 0000:00:0d.0: [8086:2829] type 00 class 0x010601 conventional PCI endpoint
kernel: pci 0000:00:0d.0: BAR 0 [io  0xd060-0xd067]
kernel: pci 0000:00:0d.0: BAR 1 [io  0xd068-0xd06b]
kernel: pci 0000:00:0d.0: BAR 2 [io  0xd070-0xd077]
kernel: pci 0000:00:0d.0: BAR 3 [io  0xd078-0xd07b]
kernel: pci 0000:00:0d.0: BAR 4 [io  0xd080-0xd08f]
kernel: pci 0000:00:0d.0: BAR 5 [mem 0xf0806000-0xf0807fff]
kernel: ACPI: PCI: Interrupt link LNKA configured for IRQ 11
kernel: ACPI: PCI: Interrupt link LNKB configured for IRQ 10
kernel: ACPI: PCI: Interrupt link LNKC configured for IRQ 9
kernel: ACPI: PCI: Interrupt link LNKD configured for IRQ 11
kernel: iommu: Default domain type: Translated
kernel: iommu: DMA domain TLB invalidation policy: lazy mode
kernel: SCSI subsystem initialized
kernel: libata version 3.00 loaded.
kernel: ACPI: bus type USB registered
kernel: usbcore: registered new interface driver usbfs
kernel: usbcore: registered new interface driver hub
kernel: usbcore: registered new device driver usb
kernel: pps_core: LinuxPPS API ver. 1 registered
kernel: pps_core: Software ver. 5.3.6 - Copyright 2005-2007 Rodolfo Giometti <giometti@linux.it>
kernel: PTP clock support registered
kernel: EDAC MC: Ver: 3.0.0
kernel: NetLabel: Initializing
kernel: NetLabel:  domain hash size = 128
kernel: NetLabel:  protocols = UNLABELED CIPSOv4 CALIPSO
kernel: NetLabel:  unlabeled traffic allowed by default
kernel: mctp: management component transport protocol core
kernel: NET: Registered PF_MCTP protocol family
kernel: PCI: Using ACPI for IRQ routing
kernel: PCI: pci_cache_line_size set to 64 bytes
kernel: e820: reserve RAM buffer [mem 0x0009fc00-0x0009ffff]
kernel: e820: reserve RAM buffer [mem 0x7fff0000-0x7fffffff]
kernel: pci 0000:00:02.0: vgaarb: setting as boot VGA device
kernel: pci 0000:00:02.0: vgaarb: bridge control possible
kernel: pci 0000:00:02.0: vgaarb: VGA device added: decodes=io+mem,owns=io+mem,locks=none
kernel: vgaarb: loaded
kernel: clocksource: Switched to clocksource kvm-clock
kernel: VFS: Disk quotas dquot_6.6.0
kernel: VFS: Dquot-cache hash table entries: 512 (order 0, 4096 bytes)
kernel: AppArmor: AppArmor Filesystem Enabled
kernel: pnp: PnP ACPI init
kernel: pnp: PnP ACPI: found 2 devices
kernel: clocksource: acpi_pm: mask: 0xffffff max_cycles: 0xffffff, max_idle_ns: 2085701024 ns
kernel: NET: Registered PF_INET protocol family
kernel: IP idents hash table entries: 32768 (order: 6, 262144 bytes, linear)
kernel: tcp_listen_portaddr_hash hash table entries: 1024 (order: 2, 16384 bytes, linear)
kernel: Table-perturb hash table entries: 65536 (order: 6, 262144 bytes, linear)
kernel: TCP established hash table entries: 16384 (order: 5, 131072 bytes, linear)
kernel: TCP bind hash table entries: 16384 (order: 7, 524288 bytes, linear)
kernel: TCP: Hash tables configured (established 16384 bind 16384)
kernel: MPTCP token hash table entries: 2048 (order: 3, 49152 bytes, linear)
kernel: UDP hash table entries: 1024 (order: 3, 32768 bytes, linear)
kernel: UDP-Lite hash table entries: 1024 (order: 3, 32768 bytes, linear)
kernel: NET: Registered PF_UNIX/PF_LOCAL protocol family
kernel: NET: Registered PF_XDP protocol family
kernel: pci_bus 0000:00: resource 4 [io  0x0000-0x0cf7 window]
kernel: pci_bus 0000:00: resource 5 [io  0x0d00-0xffff window]
kernel: pci_bus 0000:00: resource 6 [mem 0x000a0000-0x000bffff window]
kernel: pci_bus 0000:00: resource 7 [mem 0x80000000-0xfdffffff window]
kernel: pci 0000:00:00.0: Limiting direct PCI/PCI transfers
kernel: PCI: CLS 0 bytes, default 64
kernel: clocksource: tsc: mask: 0xffffffffffffffff max_cycles: 0x1e36aa4f9f7, max_idle_ns: 440795294663 ns
kernel: clocksource: Switched to clocksource tsc
kernel: platform rtc_cmos: registered platform RTC device (no PNP device found)
kernel: Trying to unpack rootfs image as initramfs...
kernel: Initialise system trusted keyrings
kernel: Key type blacklist registered
kernel: workingset: timestamp_bits=36 max_order=19 bucket_order=0
kernel: zbud: loaded
kernel: squashfs: version 4.0 (2009/01/31) Phillip Lougher
kernel: fuse: init (API version 7.39)
kernel: integrity: Platform Keyring initialized
kernel: integrity: Machine keyring initialized
kernel: Key type asymmetric registered
kernel: Asymmetric key parser 'x509' registered
kernel: Block layer SCSI generic (bsg) driver version 0.4 loaded (major 243)
kernel: io scheduler mq-deadline registered
kernel: shpchp: Standard Hot Plug PCI Controller Driver version: 0.4
kernel: ACPI: AC: AC Adapter [AC] (on-line)
kernel: input: Power Button as /devices/LNXSYSTM:00/LNXPWRBN:00/input/input0
kernel: ACPI: button: Power Button [PWRF]
kernel: input: Sleep Button as /devices/LNXSYSTM:00/LNXSLPBN:00/input/input1
kernel: ACPI: button: Sleep Button [SLPF]
kernel: Serial: 8250/16550 driver, 32 ports, IRQ sharing enabled
kernel: ACPI: battery: Slot [BAT0] (battery present)
kernel: Linux agpgart interface v0.103
kernel: loop: module loaded
kernel: ata_piix 0000:00:01.1: version 2.13
kernel: scsi host0: ata_piix
kernel: scsi host1: ata_piix
kernel: ata1: PATA max UDMA/33 cmd 0x1f0 ctl 0x3f6 bmdma 0xd000 irq 14 lpm-pol 0
kernel: ata2: PATA max UDMA/33 cmd 0x170 ctl 0x376 bmdma 0xd008 irq 15 lpm-pol 0
kernel: ACPI: bus type drm_connector registered
kernel: tun: Universal TUN/TAP device driver, 1.6
kernel: PPP generic driver version 2.4.2
kernel: ohci-pci 0000:00:06.0: OHCI PCI host controller
kernel: ohci-pci 0000:00:06.0: new USB bus registered, assigned bus number 1
kernel: ohci-pci 0000:00:06.0: irq 22, io mem 0xf0804000
kernel: usb usb1: New USB device found, idVendor=1d6b, idProduct=0001, bcdDevice= 6.08
kernel: usb usb1: New USB device strings: Mfr=3, Product=2, SerialNumber=1
kernel: usb usb1: Product: OHCI PCI host controller
kernel: usb usb1: Manufacturer: Linux 6.8.0-41-generic ohci_hcd
kernel: usb usb1: SerialNumber: 0000:00:06.0
kernel: hub 1-0:1.0: USB hub found
kernel: hub 1-0:1.0: 12 ports detected
kernel: ehci-pci 0000:00:0b.0: EHCI Host Controller
kernel: ehci-pci 0000:00:0b.0: new USB bus registered, assigned bus number 2
kernel: i8042: PNP: PS/2 Controller [PNP0303:PS2K,PNP0f03:PS2M] at 0x60,0x64 irq 1,12
kernel: ehci-pci 0000:00:0b.0: irq 19, io mem 0xf0805000
kernel: serio: i8042 KBD port at 0x60,0x64 irq 1
kernel: serio: i8042 AUX port at 0x60,0x64 irq 12
kernel: mousedev: PS/2 mouse device common for all mice
kernel: rtc_cmos rtc_cmos: registered as rtc0
kernel: rtc_cmos rtc_cmos: setting system clock to 2024-09-03T17:09:25 UTC (1725383365)
kernel: input: AT Translated Set 2 keyboard as /devices/platform/i8042/serio0/input/input2
kernel: rtc_cmos rtc_cmos: alarms up to one day, 114 bytes nvram
kernel: i2c_dev: i2c /dev entries driver
kernel: device-mapper: core: CONFIG_IMA_DISABLE_HTABLE is disabled. Duplicate IMA measurements will not be recorded in the IMA log.
kernel: device-mapper: uevent: version 1.0.3
kernel: device-mapper: ioctl: 4.48.0-ioctl (2023-03-01) initialised: dm-devel@redhat.com
kernel: platform eisa.0: Probing EISA bus 0
kernel: platform eisa.0: EISA: Cannot allocate resource for mainboard
kernel: platform eisa.0: Cannot allocate resource for EISA slot 1
kernel: platform eisa.0: Cannot allocate resource for EISA slot 2
kernel: platform eisa.0: Cannot allocate resource for EISA slot 3
kernel: platform eisa.0: Cannot allocate resource for EISA slot 4
kernel: platform eisa.0: Cannot allocate resource for EISA slot 5
kernel: platform eisa.0: Cannot allocate resource for EISA slot 6
kernel: platform eisa.0: Cannot allocate resource for EISA slot 7
kernel: platform eisa.0: Cannot allocate resource for EISA slot 8
kernel: platform eisa.0: EISA: Detected 0 cards
kernel: amd_pstate: the _CPC object is not present in SBIOS or ACPI disabled
kernel: ledtrig-cpu: registered to indicate activity on CPUs
kernel: drop_monitor: Initializing network drop monitor service
kernel: NET: Registered PF_INET6 protocol family
kernel: ehci-pci 0000:00:0b.0: USB 2.0 started, EHCI 1.00
kernel: usb usb2: New USB device found, idVendor=1d6b, idProduct=0002, bcdDevice= 6.08
kernel: usb usb2: New USB device strings: Mfr=3, Product=2, SerialNumber=1
kernel: usb usb2: Product: EHCI Host Controller
kernel: usb usb2: Manufacturer: Linux 6.8.0-41-generic ehci_hcd
kernel: usb usb2: SerialNumber: 0000:00:0b.0
kernel: hub 2-0:1.0: USB hub found
kernel: hub 2-0:1.0: 12 ports detected
kernel: Freeing initrd memory: 64160K
kernel: Segment Routing with IPv6
kernel: In-situ OAM (IOAM) with IPv6
kernel: NET: Registered PF_PACKET protocol family
kernel: Key type dns_resolver registered
kernel: IPI shorthand broadcast: enabled
kernel: sched_clock: Marking stable (421201613, 9812364)->(478351095, -47337118)
kernel: registered taskstats version 1
kernel: Loading compiled-in X.509 certificates
kernel: Loaded X.509 cert 'Build time autogenerated kernel key: d20b288af354b2a30a8094f4881ca576c390e95f'
kernel: Loaded X.509 cert 'Canonical Ltd. Live Patch Signing: 14df34d1a87cf37625abec039ef2bf521249b969'
kernel: Loaded X.509 cert 'Canonical Ltd. Kernel Module Signing: 88f752e560a1e0737e31163a466ad7b70a850c19'
kernel: blacklist: Loading compiled-in revocation X.509 certificates
kernel: Loaded X.509 cert 'Canonical Ltd. Secure Boot Signing: 61482aa2830d0ab2ad5af10b7250da9033ddcef0'
kernel: Loaded X.509 cert 'Canonical Ltd. Secure Boot Signing (2017): 242ade75ac4a15e50d50c84b0d45ff3eae707a03'
kernel: Loaded X.509 cert 'Canonical Ltd. Secure Boot Signing (ESM 2018): 365188c1d374d6b07c3c8f240f8ef722433d6a8b'
kernel: Loaded X.509 cert 'Canonical Ltd. Secure Boot Signing (2019): c0746fd6c5da3ae827864651ad66ae47fe24b3e8'
kernel: Loaded X.509 cert 'Canonical Ltd. Secure Boot Signing (2021 v1): a8d54bbb3825cfb94fa13c9f8a594a195c107b8d'
kernel: Loaded X.509 cert 'Canonical Ltd. Secure Boot Signing (2021 v2): 4cf046892d6fd3c9a5b03f98d845f90851dc6a8c'
kernel: Loaded X.509 cert 'Canonical Ltd. Secure Boot Signing (2021 v3): 100437bb6de6e469b581e61cd66bce3ef4ed53af'
kernel: Loaded X.509 cert 'Canonical Ltd. Secure Boot Signing (Ubuntu Core 2019): c1d57b8f6b743f23ee41f4f7ee292f06eecadfb9'
kernel: Key type .fscrypt registered
kernel: Key type fscrypt-provisioning registered
kernel: Key type encrypted registered
kernel: AppArmor: AppArmor sha256 policy hashing enabled
kernel: ima: No TPM chip found, activating TPM-bypass!
kernel: Loading compiled-in module X.509 certificates
kernel: Loaded X.509 cert 'Build time autogenerated kernel key: d20b288af354b2a30a8094f4881ca576c390e95f'
kernel: ima: Allocated hash algorithm: sha256
kernel: ima: No architecture policies found
kernel: evm: Initialising EVM extended attributes:
kernel: evm: security.selinux
kernel: evm: security.SMACK64
kernel: evm: security.SMACK64EXEC
kernel: evm: security.SMACK64TRANSMUTE
kernel: evm: security.SMACK64MMAP
kernel: evm: security.apparmor
kernel: evm: security.ima
kernel: evm: security.capability
kernel: evm: HMAC attrs: 0x1
kernel: PM:   Magic number: 8:662:187
kernel: ata2.00: ATAPI: VBOX CD-ROM, 1.0, max UDMA/133
kernel: scsi 1:0:0:0: CD-ROM            VBOX     CD-ROM           1.0  PQ: 0 ANSI: 5
kernel: sr 1:0:0:0: [sr0] scsi3-mmc drive: 32x/32x xa/form2 tray
kernel: cdrom: Uniform CD-ROM driver Revision: 3.20
kernel: sr 1:0:0:0: Attached scsi CD-ROM sr0
kernel: sr 1:0:0:0: Attached scsi generic sg0 type 5
kernel: RAS: Correctable Errors collector initialized.
kernel: clk: Disabling unused clocks
kernel: Freeing unused decrypted memory: 2028K
kernel: Freeing unused kernel image (initmem) memory: 4972K
kernel: Write protecting the kernel read-only data: 36864k
kernel: Freeing unused kernel image (rodata/data gap) memory: 28K
kernel: x86/mm: Checked W+X mappings: passed, no W+X pages found.
kernel: Run /init as init process
kernel:   with arguments:
kernel:     /init
kernel:     splash
kernel:   with environment:
kernel:     HOME=/
kernel:     TERM=linux
kernel:     BOOT_IMAGE=/boot/vmlinuz-6.8.0-41-generic
kernel: e1000: Intel(R) PRO/1000 Network Driver
kernel: e1000: Copyright (c) 1999-2006 Intel Corporation.
kernel: ahci 0000:00:0d.0: version 3.0
kernel: ahci 0000:00:0d.0: SSS flag set, parallel bus scan disabled
kernel: ahci 0000:00:0d.0: AHCI 0001.0100 32 slots 1 ports 3 Gbps 0x1 impl SATA mode
kernel: ahci 0000:00:0d.0: flags: 64bit ncq stag only ccc 
kernel: ACPI: video: Video Device [GFX0] (multi-head: yes  rom: no  post: no)
kernel: scsi host2: ahci
kernel: ata3: SATA max UDMA/133 abar m8192@0xf0806000 port 0xf0806100 irq 21 lpm-pol 0
kernel: input: Video Bus as /devices/LNXSYSTM:00/LNXSYBUS:00/PNP0A03:00/LNXVIDEO:00/input/input4
kernel: usb 1-1: new full-speed USB device number 2 using ohci-pci
kernel: input: ImExPS/2 Generic Explorer Mouse as /devices/platform/i8042/serio1/input/input5
kernel: usb 1-1: New USB device found, idVendor=80ee, idProduct=0021, bcdDevice= 1.00
kernel: usb 1-1: New USB device strings: Mfr=1, Product=3, SerialNumber=0
kernel: usb 1-1: Product: USB Tablet
kernel: usb 1-1: Manufacturer: VirtualBox
kernel: hid: raw HID events driver (C) Jiri Kosina
kernel: ata3: SATA link up 3.0 Gbps (SStatus 123 SControl 300)
kernel: ata3.00: ATA-6: VBOX HARDDISK, 1.0, max UDMA/133
kernel: ata3.00: 209715200 sectors, multi 128: LBA48 NCQ (depth 32)
kernel: ata3.00: configured for UDMA/133
kernel: scsi 2:0:0:0: Direct-Access     ATA      VBOX HARDDISK    1.0  PQ: 0 ANSI: 5
kernel: sd 2:0:0:0: Attached scsi generic sg1 type 0
kernel: sd 2:0:0:0: [sda] 209715200 512-byte logical blocks: (107 GB/100 GiB)
kernel: sd 2:0:0:0: [sda] Write Protect is off
kernel: sd 2:0:0:0: [sda] Mode Sense: 00 3a 00 00
kernel: sd 2:0:0:0: [sda] Write cache: enabled, read cache: enabled, doesn't support DPO or FUA
kernel: sd 2:0:0:0: [sda] Preferred minimum I/O size 512 bytes
kernel:  sda: sda1 sda2
kernel: sd 2:0:0:0: [sda] Attached SCSI disk
kernel: e1000 0000:00:03.0 eth0: (PCI:33MHz:32-bit) 08:00:27:99:19:bf
kernel: e1000 0000:00:03.0 eth0: Intel(R) PRO/1000 Network Connection
kernel: e1000 0000:00:03.0 enp0s3: renamed from eth0
kernel: usbcore: registered new interface driver usbhid
kernel: usbhid: USB HID core driver
kernel: input: VirtualBox USB Tablet as /devices/pci0000:00/0000:00:06.0/usb1/1-1/1-1:1.0/0003:80EE:0021.0001/input/input6
kernel: hid-generic 0003:80EE:0021.0001: input,hidraw0: USB HID v1.10 Mouse [VirtualBox USB Tablet] on usb-0000:00:06.0-1/input0
kernel: EXT4-fs (sda2): mounted filesystem dab7ee4c-255d-407a-9d8b-62ce20b560be ro with ordered data mode. Quota mode: none.
systemd[1]: Inserted module 'autofs4'
systemd[1]: systemd 255.4-1ubuntu8.4 running in system mode (+PAM +AUDIT +SELINUX +APPARMOR +IMA +SMACK +SECCOMP +GCRYPT -GNUTLS +OPENSSL +ACL +BLKID +CURL +ELFUTILS +FIDO2 +IDN2 -IDN +IPTC +KMOD +LIBCRYPTSETUP +LIBFDISK +PCRE2 -PWQUALITY +P11KIT +QRENCODE +TPM2 +BZIP2 +LZ4 +XZ +ZLIB +ZSTD -BPF_FRAMEWORK -XKBCOMMON +UTMP +SYSVINIT default-hierarchy=unified)
systemd[1]: Detected virtualization oracle.
systemd[1]: Detected architecture x86-64.
systemd[1]: Invalid DMI field header.
systemd[1]: Hostname set to <lsj-VirtualBox>.
systemd[1]: Configuration file /run/systemd/system/netplan-ovs-cleanup.service is marked world-inaccessible. This has no effect as configuration data is accessible via APIs without restrictions. Proceeding anyway.
systemd[1]: Queued start job for default target graphical.target.
systemd[1]: Created slice system-modprobe.slice - Slice /system/modprobe.
systemd[1]: Created slice user.slice - User and Session Slice.
systemd[1]: Started systemd-ask-password-wall.path - Forward Password Requests to Wall Directory Watch.
systemd[1]: Set up automount proc-sys-fs-binfmt_misc.automount - Arbitrary Executable File Formats File System Automount Point.
systemd[1]: Reached target integritysetup.target - Local Integrity Protected Volumes.
systemd[1]: Reached target remote-fs.target - Remote File Systems.
systemd[1]: Reached target slices.target - Slice Units.
systemd[1]: Reached target snapd.mounts-pre.target - Mounting snaps.
systemd[1]: Reached target time-set.target - System Time Set.
systemd[1]: Reached target veritysetup.target - Local Verity Protected Volumes.
systemd[1]: Listening on syslog.socket - Syslog Socket.
systemd[1]: Listening on systemd-fsckd.socket - fsck to fsckd communication Socket.
systemd[1]: Listening on systemd-initctl.socket - initctl Compatibility Named Pipe.
systemd[1]: Listening on systemd-journald-dev-log.socket - Journal Socket (/dev/log).
systemd[1]: Listening on systemd-journald.socket - Journal Socket.
systemd[1]: Listening on systemd-oomd.socket - Userspace Out-Of-Memory (OOM) Killer Socket.
systemd[1]: systemd-pcrextend.socket - TPM2 PCR Extension (Varlink) was skipped because of an unmet condition check (ConditionSecurity=measured-uki).
systemd[1]: Listening on systemd-udevd-control.socket - udev Control Socket.
systemd[1]: Listening on systemd-udevd-kernel.socket - udev Kernel Socket.
systemd[1]: Mounting dev-hugepages.mount - Huge Pages File System...
systemd[1]: Mounting dev-mqueue.mount - POSIX Message Queue File System...
systemd[1]: Mounting sys-kernel-debug.mount - Kernel Debug File System...
systemd[1]: Mounting sys-kernel-tracing.mount - Kernel Trace File System...
systemd[1]: Starting systemd-journald.service - Journal Service...
systemd[1]: Starting keyboard-setup.service - Set the console keyboard layout...
systemd[1]: Starting kmod-static-nodes.service - Create List of Static Device Nodes...
systemd[1]: Starting modprobe@configfs.service - Load Kernel Module configfs...
systemd[1]: Starting modprobe@dm_mod.service - Load Kernel Module dm_mod...
systemd[1]: Starting modprobe@drm.service - Load Kernel Module drm...
systemd[1]: Starting modprobe@efi_pstore.service - Load Kernel Module efi_pstore...
systemd[1]: Starting modprobe@fuse.service - Load Kernel Module fuse...
systemd[1]: Starting modprobe@loop.service - Load Kernel Module loop...
systemd[1]: systemd-fsck-root.service - File System Check on Root Device was skipped because of an unmet condition check (ConditionPathExists=!/run/initramfs/fsck-root).
systemd-journald[252]: Collecting audit messages is disabled.
systemd[1]: Starting systemd-modules-load.service - Load Kernel Modules...
systemd[1]: systemd-pcrmachine.service - TPM2 PCR Machine ID Measurement was skipped because of an unmet condition check (ConditionSecurity=measured-uki).
systemd[1]: Starting systemd-remount-fs.service - Remount Root and Kernel File Systems...
systemd[1]: systemd-tpm2-setup-early.service - TPM2 SRK Setup (Early) was skipped because of an unmet condition check (ConditionSecurity=measured-uki).
systemd[1]: Starting systemd-udev-trigger.service - Coldplug All udev Devices...
systemd[1]: Mounted dev-hugepages.mount - Huge Pages File System.
systemd[1]: Mounted dev-mqueue.mount - POSIX Message Queue File System.
systemd[1]: Mounted sys-kernel-debug.mount - Kernel Debug File System.
systemd[1]: Mounted sys-kernel-tracing.mount - Kernel Trace File System.
systemd[1]: Finished kmod-static-nodes.service - Create List of Static Device Nodes.
systemd[1]: modprobe@configfs.service: Deactivated successfully.
systemd[1]: Finished modprobe@configfs.service - Load Kernel Module configfs.
systemd[1]: modprobe@dm_mod.service: Deactivated successfully.
systemd[1]: Finished modprobe@dm_mod.service - Load Kernel Module dm_mod.
systemd[1]: modprobe@drm.service: Deactivated successfully.
systemd[1]: Finished modprobe@drm.service - Load Kernel Module drm.
systemd[1]: modprobe@efi_pstore.service: Deactivated successfully.
systemd[1]: Finished modprobe@efi_pstore.service - Load Kernel Module efi_pstore.
systemd[1]: modprobe@fuse.service: Deactivated successfully.
systemd[1]: Finished modprobe@fuse.service - Load Kernel Module fuse.
systemd[1]: modprobe@loop.service: Deactivated successfully.
systemd[1]: Finished modprobe@loop.service - Load Kernel Module loop.
systemd[1]: Mounting sys-fs-fuse-connections.mount - FUSE Control File System...
kernel: lp: driver loaded but no devices found
systemd[1]: Mounting sys-kernel-config.mount - Kernel Configuration File System...
systemd[1]: systemd-repart.service - Repartition Root Disk was skipped because no trigger condition checks were met.
systemd-journald[252]: Journal started
systemd-journald[252]: Runtime Journal (/run/log/journal/b2e2015d374f46f2a0de988a0badd38e) is 2.4M, max 19.6M, 17.2M free.
systemd-modules-load[269]: Inserted module 'lp'
kernel: EXT4-fs (sda2): re-mounted dab7ee4c-255d-407a-9d8b-62ce20b560be r/w. Quota mode: none.
systemd[1]: Starting systemd-tmpfiles-setup-dev-early.service - Create Static Device Nodes in /dev gracefully...
systemd[1]: Started systemd-journald.service - Journal Service.
systemd-modules-load[269]: Inserted module 'ppdev'
kernel: ppdev: user-space parallel port driver
systemd[1]: Finished systemd-remount-fs.service - Remount Root and Kernel File Systems.
systemd[1]: Mounted sys-fs-fuse-connections.mount - FUSE Control File System.
systemd-modules-load[269]: Inserted module 'parport_pc'
systemd[1]: Mounted sys-kernel-config.mount - Kernel Configuration File System.
systemd-modules-load[269]: Inserted module 'msr'
systemd[1]: Finished systemd-modules-load.service - Load Kernel Modules.
systemd[1]: Activating swap swap.img.swap - /swap.img...
systemd[1]: systemd-hwdb-update.service - Rebuild Hardware Database was skipped because of an unmet condition check (ConditionNeedsUpdate=/etc).
systemd[1]: Starting systemd-journal-flush.service - Flush Journal to Persistent Storage...
systemd[1]: systemd-pstore.service - Platform Persistent Storage Archival was skipped because of an unmet condition check (ConditionDirectoryNotEmpty=/sys/fs/pstore).
systemd[1]: Starting systemd-random-seed.service - Load/Save OS Random Seed...
kernel: Adding 2097148k swap on /swap.img.  Priority:-2 extents:3 across:2236412k 
systemd[1]: Starting systemd-sysctl.service - Apply Kernel Variables...
systemd[1]: systemd-tpm2-setup.service - TPM2 SRK Setup was skipped because of an unmet condition check (ConditionSecurity=measured-uki).
systemd[1]: Activated swap swap.img.swap - /swap.img.
systemd[1]: Finished systemd-tmpfiles-setup-dev-early.service - Create Static Device Nodes in /dev gracefully.
systemd[1]: Reached target swap.target - Swaps.
systemd[1]: systemd-sysusers.service - Create System Users was skipped because no trigger condition checks were met.
systemd-journald[252]: Time spent on flushing to /var/log/journal/b2e2015d374f46f2a0de988a0badd38e is 36.446ms for 572 entries.
systemd-journald[252]: System Journal (/var/log/journal/b2e2015d374f46f2a0de988a0badd38e) is 65.5M, max 4.0G, 3.9G free.
systemd-journald[252]: Received client request to flush runtime journal.
systemd-journald[252]: /var/log/journal/b2e2015d374f46f2a0de988a0badd38e/system.journal: Journal file uses a different sequence number ID, rotating.
systemd-journald[252]: Rotating system journal.
kernel: loop0: detected capacity change from 0 to 8
kernel: loop1: detected capacity change from 0 to 152112
kernel: loop2: detected capacity change from 0 to 152112
kernel: loop3: detected capacity change from 0 to 552488
kernel: loop4: detected capacity change from 0 to 21952
kernel: loop5: detected capacity change from 0 to 187776
kernel: loop6: detected capacity change from 0 to 1034424
kernel: loop7: detected capacity change from 0 to 21584
kernel: loop8: detected capacity change from 0 to 79520
kernel: loop9: detected capacity change from 0 to 1000
kernel: audit: type=1400 audit(1725383368.098:2): apparmor="STATUS" operation="profile_load" profile="unconfined" name=4D6F6E676F444220436F6D70617373 pid=344 comm="apparmor_parser"
kernel: audit: type=1400 audit(1725383368.098:3): apparmor="STATUS" operation="profile_load" profile="unconfined" name="1password" pid=342 comm="apparmor_parser"
kernel: audit: type=1400 audit(1725383368.099:4): apparmor="STATUS" operation="profile_load" profile="unconfined" name="Discord" pid=343 comm="apparmor_parser"
kernel: audit: type=1400 audit(1725383368.100:5): apparmor="STATUS" operation="profile_load" profile="unconfined" name="QtWebEngineProcess" pid=345 comm="apparmor_parser"
kernel: audit: type=1400 audit(1725383368.101:6): apparmor="STATUS" operation="profile_load" profile="unconfined" name="brave" pid=346 comm="apparmor_parser"
kernel: audit: type=1400 audit(1725383368.101:7): apparmor="STATUS" operation="profile_load" profile="unconfined" name="buildah" pid=347 comm="apparmor_parser"
kernel: audit: type=1400 audit(1725383368.101:8): apparmor="STATUS" operation="profile_load" profile="unconfined" name="busybox" pid=348 comm="apparmor_parser"
kernel: audit: type=1400 audit(1725383368.103:9): apparmor="STATUS" operation="profile_load" profile="unconfined" name="cam" pid=349 comm="apparmor_parser"
kernel: audit: type=1400 audit(1725383368.103:10): apparmor="STATUS" operation="profile_load" profile="unconfined" name="ch-run" pid=351 comm="apparmor_parser"
systemd[1]: Starting systemd-tmpfiles-setup-dev.service - Create Static Device Nodes in /dev...
systemd[1]: Finished keyboard-setup.service - Set the console keyboard layout.
systemd[1]: Finished systemd-random-seed.service - Load/Save OS Random Seed.
systemd[1]: Finished systemd-tmpfiles-setup-dev.service - Create Static Device Nodes in /dev.
systemd[1]: Reached target local-fs-pre.target - Preparation for Local File Systems.
systemd[1]: Mounting snap-bare-5.mount - Mount unit for bare, revision 5...
systemd[1]: Mounting snap-core22-1564.mount - Mount unit for core22, revision 1564...
systemd[1]: Mounting snap-core22-1586.mount - Mount unit for core22, revision 1586...
systemd[1]: Mounting snap-firefox-4793.mount - Mount unit for firefox, revision 4793...
systemd[1]: Mounting snap-firmware\x2dupdater-127.mount - Mount unit for firmware-updater, revision 127...
systemd[1]: Mounting snap-gnome\x2d42\x2d2204-176.mount - Mount unit for gnome-42-2204, revision 176...
systemd[1]: Mounting snap-gtk\x2dcommon\x2dthemes-1535.mount - Mount unit for gtk-common-themes, revision 1535...
systemd[1]: Mounting snap-snap\x2dstore-1173.mount - Mount unit for snap-store, revision 1173...
systemd[1]: Mounting snap-snapd-21759.mount - Mount unit for snapd, revision 21759...
systemd[1]: Mounting snap-snapd\x2ddesktop\x2dintegration-178.mount - Mount unit for snapd-desktop-integration, revision 178...
apparmor.systemd[325]: Restarting AppArmor
apparmor.systemd[325]: Reloading AppArmor profiles
systemd[1]: Starting systemd-udevd.service - Rule-based Manager for Device Events and Files...
systemd[1]: Finished systemd-udev-trigger.service - Coldplug All udev Devices.
systemd[1]: Finished systemd-sysctl.service - Apply Kernel Variables.
systemd[1]: Mounted snap-bare-5.mount - Mount unit for bare, revision 5.
systemd[1]: Mounted snap-core22-1564.mount - Mount unit for core22, revision 1564.
systemd[1]: Mounted snap-core22-1586.mount - Mount unit for core22, revision 1586.
systemd[1]: Mounted snap-firefox-4793.mount - Mount unit for firefox, revision 4793.
systemd[1]: Mounted snap-firmware\x2dupdater-127.mount - Mount unit for firmware-updater, revision 127.
systemd[1]: Mounted snap-gnome\x2d42\x2d2204-176.mount - Mount unit for gnome-42-2204, revision 176.
systemd[1]: Mounted snap-gtk\x2dcommon\x2dthemes-1535.mount - Mount unit for gtk-common-themes, revision 1535.
systemd[1]: Mounted snap-snap\x2dstore-1173.mount - Mount unit for snap-store, revision 1173.
systemd[1]: Mounted snap-snapd-21759.mount - Mount unit for snapd, revision 21759.
systemd[1]: Mounted snap-snapd\x2ddesktop\x2dintegration-178.mount - Mount unit for snapd-desktop-integration, revision 178.
systemd[1]: Reached target snapd.mounts.target - Mounted snaps.
systemd[1]: Reached target local-fs.target - Local File Systems.
systemd[1]: Listening on systemd-sysext.socket - System Extension Image Management (Varlink).
systemd[1]: Starting apparmor.service - Load AppArmor profiles...
systemd[1]: Starting console-setup.service - Set console font and keymap...
systemd[1]: ldconfig.service - Rebuild Dynamic Linker Cache was skipped because no trigger condition checks were met.
systemd[1]: Starting plymouth-read-write.service - Tell Plymouth To Write Out Runtime Data...
systemd[1]: Starting systemd-binfmt.service - Set Up Additional Binary Formats...
systemd[1]: Starting ufw.service - Uncomplicated firewall...
systemd[1]: Finished console-setup.service - Set console font and keymap.
systemd[1]: Finished ufw.service - Uncomplicated firewall.
systemd-udevd[323]: Using default interface naming scheme 'v255'.
systemd[1]: proc-sys-fs-binfmt_misc.automount: Got automount request for /proc/sys/fs/binfmt_misc, triggered by 329 (systemd-binfmt)
systemd[1]: Mounting proc-sys-fs-binfmt_misc.mount - Arbitrary Executable File Formats File System...
systemd[1]: Finished plymouth-read-write.service - Tell Plymouth To Write Out Runtime Data.
systemd[1]: Received SIGRTMIN+20 from PID 180 (plymouthd).
systemd[1]: Mounted proc-sys-fs-binfmt_misc.mount - Arbitrary Executable File Formats File System.
systemd[1]: Finished systemd-binfmt.service - Set Up Additional Binary Formats.
systemd[1]: Finished systemd-journal-flush.service - Flush Journal to Persistent Storage.
systemd[1]: Started systemd-udevd.service - Rule-based Manager for Device Events and Files.
systemd[1]: Starting plymouth-start.service - Show Plymouth Boot Screen...
systemd[1]: Starting systemd-tmpfiles-setup.service - Create Volatile Files and Directories...
apparmor.systemd[479]: Warning: found usr.sbin.sssd in /etc/apparmor.d/force-complain, forcing complain mode
systemd[1]: Started plymouth-start.service - Show Plymouth Boot Screen.
systemd[1]: systemd-ask-password-console.path - Dispatch Password Requests to Console Directory Watch was skipped because of an unmet condition check (ConditionPathExists=!/run/plymouth/pid).
systemd[1]: Started systemd-ask-password-plymouth.path - Forward Password Requests to Plymouth Directory Watch.
systemd[1]: Reached target cryptsetup.target - Local Encrypted Volumes.
systemd[1]: Finished systemd-tmpfiles-setup.service - Create Volatile Files and Directories.
systemd[1]: systemd-firstboot.service - First Boot Wizard was skipped because of an unmet condition check (ConditionFirstBoot=yes).
systemd[1]: first-boot-complete.target - First Boot Complete was skipped because of an unmet condition check (ConditionFirstBoot=yes).
systemd[1]: systemd-journal-catalog-update.service - Rebuild Journal Catalog was skipped because of an unmet condition check (ConditionNeedsUpdate=/var).
systemd[1]: systemd-machine-id-commit.service - Commit a transient machine-id on disk was skipped because of an unmet condition check (ConditionPathIsMountPoint=/etc/machine-id).
apparmor.systemd[479]: Warning from /etc/apparmor.d (/etc/apparmor.d/usr.sbin.sssd line 63): Caching disabled for: 'usr.sbin.sssd' due to force complain
systemd[1]: Starting systemd-oomd.service - Userspace Out-Of-Memory (OOM) Killer...
systemd[1]: Starting systemd-resolved.service - Network Name Resolution...
systemd[1]: systemd-update-done.service - Update is Completed was skipped because no trigger condition checks were met.
systemd[1]: Starting systemd-update-utmp.service - Record System Boot/Shutdown in UTMP...
systemd[1]: Finished apparmor.service - Load AppArmor profiles.
systemd[1]: Finished systemd-update-utmp.service - Record System Boot/Shutdown in UTMP.
(udev-worker)[436]: sda: Process '/usr/bin/unshare -m /usr/bin/snap auto-import --mount=/dev/sda' failed with exit code 1.
systemd[1]: Started systemd-oomd.service - Userspace Out-Of-Memory (OOM) Killer.
(udev-worker)[459]: sr0: Process '/usr/bin/unshare -m /usr/bin/snap auto-import --mount=/dev/sr0' failed with exit code 1.
systemd-resolved[493]: Positive Trust Anchors:
systemd-resolved[493]: . IN DS 20326 8 2 e06d44b80b8f1d39a95c0b0d7c65d08458e880409bbc683457104237c7f8ec8d
systemd-resolved[493]: Negative trust anchors: home.arpa 10.in-addr.arpa 16.172.in-addr.arpa 17.172.in-addr.arpa 18.172.in-addr.arpa 19.172.in-addr.arpa 20.172.in-addr.arpa 21.172.in-addr.arpa 22.172.in-addr.arpa 23.172.in-addr.arpa 24.172.in-addr.arpa 25.172.in-addr.arpa 26.172.in-addr.arpa 27.172.in-addr.arpa 28.172.in-addr.arpa 29.172.in-addr.arpa 30.172.in-addr.arpa 31.172.in-addr.arpa 170.0.0.192.in-addr.arpa 171.0.0.192.in-addr.arpa 168.192.in-addr.arpa d.f.ip6.arpa ipv4only.arpa corp home internal intranet lan local private test
systemd[1]: Starting snapd.apparmor.service - Load AppArmor profiles managed internally by snapd...
mtp-probe[510]: checking bus 1, device 2: "/sys/devices/pci0000:00/0000:00:06.0/usb1/1-1"
mtp-probe[510]: bus: 1, device: 2 was not an MTP device
snapd-apparmor[505]: main.go:124: Loading profiles [/var/lib/snapd/apparmor/profiles/snap-confine.snapd.21759 /var/lib/snapd/apparmor/profiles/snap-update-ns.firefox /var/lib/snapd/apparmor/profiles/snap-update-ns.firmware-updater /var/lib/snapd/apparmor/profiles/snap-update-ns.snap-store /var/lib/snapd/apparmor/profiles/snap-update-ns.snapd-desktop-integration /var/lib/snapd/apparmor/profiles/snap.firefox.firefox /var/lib/snapd/apparmor/profiles/snap.firefox.geckodriver /var/lib/snapd/apparmor/profiles/snap.firefox.hook.configure /var/lib/snapd/apparmor/profiles/snap.firefox.hook.disconnect-plug-host-hunspell /var/lib/snapd/apparmor/profiles/snap.firefox.hook.post-refresh /var/lib/snapd/apparmor/profiles/snap.firmware-updater.firmware-notifier /var/lib/snapd/apparmor/profiles/snap.firmware-updater.firmware-updater /var/lib/snapd/apparmor/profiles/snap.firmware-updater.firmware-updater-app /var/lib/snapd/apparmor/profiles/snap.firmware-updater.hook.configure /var/lib/snapd/apparmor/profiles/snap.snap-store.hook.configure /var/lib/snapd/apparmor/profiles/snap.snap-store.show-updates /var/lib/snapd/apparmor/profiles/snap.snap-store.snap-store /var/lib/snapd/apparmor/profiles/snap.snapd-desktop-integration.hook.configure /var/lib/snapd/apparmor/profiles/snap.snapd-desktop-integration.snapd-desktop-integration]
systemd-resolved[493]: Using system hostname 'lsj-VirtualBox'.
systemd[1]: Started systemd-resolved.service - Network Name Resolution.
systemd[1]: Reached target nss-lookup.target - Host and Network Name Lookups.
(udev-worker)[436]: sda1: Process '/usr/bin/unshare -m /usr/bin/snap auto-import --mount=/dev/sda1' failed with exit code 1.
(udev-worker)[432]: sda2: Process '/usr/bin/unshare -m /usr/bin/snap auto-import --mount=/dev/sda2' failed with exit code 1.
systemd[1]: Finished snapd.apparmor.service - Load AppArmor profiles managed internally by snapd.
systemd[1]: Reached target sysinit.target - System Initialization.
systemd[1]: apport-autoreport.path - Process error reports when automatic reporting is enabled (file watch) was skipped because of an unmet condition check (ConditionPathExists=/var/lib/apport/autoreport).
systemd[1]: Started cups.path - CUPS Scheduler.
systemd[1]: tpm-udev.path - Handle dynamically added tpm devices was skipped because of an unmet condition check (ConditionVirtualization=container).
systemd[1]: Started whoopsie.path - Start whoopsie on modification of the /var/crash directory.
systemd[1]: Started anacron.timer - Trigger anacron every hour.
systemd[1]: apport-autoreport.timer - Process error reports when automatic reporting is enabled (timer based) was skipped because of an unmet condition check (ConditionPathExists=/var/lib/apport/autoreport).
systemd[1]: Started apt-daily.timer - Daily apt download activities.
systemd[1]: Started apt-daily-upgrade.timer - Daily apt upgrade and clean activities.
systemd[1]: Started dpkg-db-backup.timer - Daily dpkg database backup timer.
systemd[1]: Started e2scrub_all.timer - Periodic ext4 Online Metadata Check for All Filesystems.
systemd[1]: Started fstrim.timer - Discard unused filesystem blocks once a week.
kernel: piix4_smbus 0000:00:07.0: SMBus Host Controller at 0x4100, revision 0
systemd[1]: Started fwupd-refresh.timer - Refresh fwupd metadata regularly.
systemd[1]: Started logrotate.timer - Daily rotation of log files.
systemd[1]: Started man-db.timer - Daily man-db regeneration.
systemd[1]: Started motd-news.timer - Message of the Day.
systemd[1]: snapd.snap-repair.timer - Timer to automatically fetch and run repair assertions was skipped because no trigger condition checks were met.
systemd[1]: Started sysstat-collect.timer - Run system activity accounting tool every 10 minutes.
systemd[1]: Started sysstat-summary.timer - Generate summary of yesterday's process accounting.
systemd[1]: Started systemd-tmpfiles-clean.timer - Daily Cleanup of Temporary Directories.
systemd[1]: ua-timer.timer - Ubuntu Pro Timer for running repeated jobs was skipped because of an unmet condition check (ConditionPathExists=/var/lib/ubuntu-advantage/private/machine-token.json).
systemd[1]: Reached target paths.target - Path Units.
systemd[1]: apport-forward.socket - Unix socket for apport crash forwarding was skipped because of an unmet condition check (ConditionVirtualization=container).
systemd[1]: Listening on avahi-daemon.socket - Avahi mDNS/DNS-SD Stack Activation Socket.
systemd[1]: Listening on cups.socket - CUPS Scheduler.
systemd[1]: Listening on dbus.socket - D-Bus System Message Bus Socket.
systemd[1]: Starting snapd.socket - Socket activation for snappy daemon...
systemd[1]: Listening on ssh.socket - OpenBSD Secure Shell server socket.
systemd[1]: Listening on uuidd.socket - UUID daemon activation socket.
systemd[1]: systemd-pcrphase-sysinit.service - TPM2 PCR Barrier (Initialization) was skipped because of an unmet condition check (ConditionSecurity=measured-uki).
systemd[1]: Listening on snapd.socket - Socket activation for snappy daemon.
systemd[1]: Reached target sockets.target - Socket Units.
systemd[1]: Reached target basic.target - Basic System.
kernel: vboxguest: host-version: 7.0.8r156879 0x8000000f
kernel: vbg_heartbeat_init: Setting up heartbeat to trigger every 2000 milliseconds
kernel: cryptd: max_cpu_qlen set to 1000
kernel: input: VirtualBox mouse integration as /devices/pci0000:00/0000:00:04.0/input/input7
systemd[1]: Started anacron.service - Run anacron jobs.
systemd[1]: Starting apport.service - automatic crash report generation...
anacron[555]: Anacron 2.3 started on 2024-09-04
anacron[555]: Will run job `cron.daily' in 5 min.
anacron[555]: Jobs will be executed sequentially
systemd[1]: Starting avahi-daemon.service - Avahi mDNS/DNS-SD Stack...
systemd[1]: Starting dbus.service - D-Bus System Message Bus...
kernel: AVX2 version of gcm_enc/dec engaged.
systemd[1]: Started dmesg.service - Save initial kernel messages after boot.
kernel: AES CTR mode by8 optimization enabled
avahi-daemon[558]: Found user 'avahi' (UID 108) and group 'avahi' (GID 111).
kernel: vmwgfx 0000:00:02.0: vgaarb: deactivate vga console
kernel: Console: switching to colour dummy device 80x25
kernel: vmwgfx 0000:00:02.0: [drm] FIFO at 0x00000000f0000000 size is 2048 kiB
kernel: vmwgfx 0000:00:02.0: [drm] VRAM at 0x00000000e0000000 size is 131072 kiB
kernel: vmwgfx 0000:00:02.0: [drm] Running on SVGA version 2.
kernel: vmwgfx 0000:00:02.0: [drm] Capabilities: rect copy, cursor, cursor bypass, cursor bypass 2, alpha cursor, extended fifo, pitchlock, irq mask, gmr, traces, gmr2, screen object 2, command buffers, 
kernel: vmwgfx 0000:00:02.0: [drm] *ERROR* vmwgfx seems to be running on an unsupported hypervisor.
kernel: vmwgfx 0000:00:02.0: [drm] *ERROR* This configuration is likely broken.
kernel: vmwgfx 0000:00:02.0: [drm] *ERROR* Please switch to a supported graphics device to avoid problems.
kernel: vmwgfx 0000:00:02.0: [drm] DMA map mode: Caching DMA mappings.
kernel: vmwgfx 0000:00:02.0: [drm] Legacy memory limits: VRAM = 131072 kB, FIFO = 2048 kB, surface = 393216 kB
kernel: vmwgfx 0000:00:02.0: [drm] MOB limits: max mob size = 0 kB, max mob pages = 0
kernel: vmwgfx 0000:00:02.0: [drm] Max GMR ids is 8192
kernel: vmwgfx 0000:00:02.0: [drm] Max number of GMR pages is 1048576
kernel: vmwgfx 0000:00:02.0: [drm] Maximum display memory size is 131072 kiB
kernel: vmwgfx 0000:00:02.0: [drm] Screen Object display unit initialized
kernel: vmwgfx 0000:00:02.0: [drm] Fifo max 0x00200000 min 0x00001000 cap 0x00000355
kernel: vmwgfx 0000:00:02.0: [drm] Using command buffers with DMA pool.
kernel: vmwgfx 0000:00:02.0: [drm] Available shader model: Legacy.
systemd[1]: Starting e2scrub_reap.service - Remove Stale Online ext4 Metadata Check Snapshots...
dbus-daemon[559]: dbus[559]: Unknown group "power" in message bus configuration file
systemd[1]: getty-static.service - getty on tty2-tty6 if dbus and logind are not available was skipped because of an unmet condition check (ConditionPathExists=!/usr/bin/dbus-daemon).
systemd[1]: Reached target getty.target - Login Prompts.
systemd[1]: Starting gnome-remote-desktop.service - GNOME Remote Desktop...
systemd[1]: Starting gpu-manager.service - Detect the available GPUs and deal with any system changes...
kernel: [drm] Initialized vmwgfx 2.20.0 20211206 for 0000:00:02.0 on minor 0
systemd[1]: Starting grub-common.service - Record successful boot for GRUB...
systemd[1]: networkd-dispatcher.service - Dispatcher daemon for systemd-networkd was skipped because no trigger condition checks were met.
kernel: fbcon: vmwgfxdrmfb (fb0) is primary device
kernel: Console: switching to colour frame buffer device 160x50
kernel: vmwgfx 0000:00:02.0: [drm] fb0: vmwgfxdrmfb frame buffer device
systemd[1]: Starting polkit.service - Authorization Manager...
dbus-daemon[559]: [system] AppArmor D-Bus mediation is enabled
systemd[1]: Starting power-profiles-daemon.service - Power Profiles daemon...
systemd[1]: Starting rsyslog.service - System Logging Service...
systemd[1]: secureboot-db.service - Secure Boot updates for DB and DBX was skipped because of an unmet condition check (ConditionPathExists=/sys/firmware/efi/efivars/db-d719b2cb-3d3a-4596-a3bc-dad00e67656f).
systemd[1]: snapd.core-fixup.service - Automatically repair incorrect owner/permissions on core devices was skipped because no trigger condition checks were met.
systemd[1]: snapd.recovery-chooser-trigger.service - Wait for the Ubuntu Core chooser trigger was skipped because of an unmet condition check (ConditionKernelCommandLine=snapd_recovery_mode).
systemd[1]: Reached target getty-pre.target - Preparation for Logins.
systemd[1]: Starting snapd.seeded.service - Wait until snapd is fully seeded...
systemd[1]: Starting snapd.service - Snap Daemon...
systemd[1]: ssl-cert.service - Generate snakeoil SSL keypair was skipped because of an unmet condition check (ConditionPathExists=!/etc/ssl/private/ssl-cert-snakeoil.key).
systemd[1]: sssd.service - System Security Services Daemon was skipped because no trigger condition checks were met.
systemd[1]: Reached target nss-user-lookup.target - User and Group Name Lookups.
systemd[1]: sssd-nss.socket: Bound to unit sssd.service, but unit isn't active.
systemd[1]: Dependency failed for sssd-nss.socket - SSSD NSS Service responder socket.
systemd[1]: sssd-nss.socket: Job sssd-nss.socket/start failed with result 'dependency'.
systemd[1]: sssd-autofs.socket: Bound to unit sssd.service, but unit isn't active.
systemd[1]: Dependency failed for sssd-autofs.socket - SSSD AutoFS Service responder socket.
systemd[1]: sssd-autofs.socket: Job sssd-autofs.socket/start failed with result 'dependency'.
systemd[1]: sssd-pac.socket: Bound to unit sssd.service, but unit isn't active.
systemd[1]: Dependency failed for sssd-pac.socket - SSSD PAC Service responder socket.
systemd[1]: sssd-pac.socket: Job sssd-pac.socket/start failed with result 'dependency'.
systemd[1]: sssd-pam-priv.socket: Bound to unit sssd.service, but unit isn't active.
systemd[1]: Dependency failed for sssd-pam-priv.socket - SSSD PAM Service responder private socket.
systemd[1]: Dependency failed for sssd-pam.socket - SSSD PAM Service responder socket.
systemd[1]: sssd-pam.socket: Job sssd-pam.socket/start failed with result 'dependency'.
systemd[1]: sssd-pam-priv.socket: Job sssd-pam-priv.socket/start failed with result 'dependency'.
systemd[1]: sssd-ssh.socket: Bound to unit sssd.service, but unit isn't active.
systemd[1]: Dependency failed for sssd-ssh.socket - SSSD SSH Service responder socket.
systemd[1]: sssd-ssh.socket: Job sssd-ssh.socket/start failed with result 'dependency'.
systemd[1]: sssd-sudo.socket: Bound to unit sssd.service, but unit isn't active.
systemd[1]: Dependency failed for sssd-sudo.socket - SSSD Sudo Service responder socket.
systemd[1]: sssd-sudo.socket: Job sssd-sudo.socket/start failed with result 'dependency'.
(udev-worker)[451]: vboxguest: /etc/udev/rules.d/60-vboxadd.rules:1 Only network interfaces can be renamed, ignoring NAME="vboxguest".
systemd[1]: Starting accounts-daemon.service - Accounts Service...
(udev-worker)[442]: vboxuser: /etc/udev/rules.d/60-vboxadd.rules:2 Only network interfaces can be renamed, ignoring NAME="vboxuser".
systemd[1]: Started cron.service - Regular background program processing daemon.
dbus-daemon[559]: [system] Activating systemd to hand-off: service name='org.freedesktop.PolicyKit1' unit='polkit.service' requested by ':1.2' (uid=0 pid=598 comm="/usr/libexec/power-profiles-daemon" label="unconfined")
systemd[1]: Starting switcheroo-control.service - Switcheroo Control Proxy service...
(cron)[626]: cron.service: Referenced but unset environment variable evaluates to an empty string: EXTRA_OPTS
cron[626]: (CRON) INFO (pidfile fd = 3)
cron[626]: (CRON) INFO (Running @reboot jobs)
kernel: intel_rapl_common: Found RAPL domain package
kernel: intel_rapl_common: Found RAPL domain core
systemd[1]: Starting sysstat.service - Resets System Activity Logs...
systemd[1]: Starting systemd-logind.service - User Login Management...
systemd[1]: systemd-pcrphase.service - TPM2 PCR Barrier (User) was skipped because of an unmet condition check (ConditionSecurity=measured-uki).
systemd[1]: thermald.service - Thermal Daemon Service was skipped because of an unmet condition check (ConditionVirtualization=no).
systemd[1]: ua-reboot-cmds.service - Ubuntu Pro reboot cmds was skipped because of an unmet condition check (ConditionPathExists=/var/lib/ubuntu-advantage/private/machine-token.json).
systemd[1]: Starting udisks2.service - Disk Manager...
systemd[1]: Starting vboxadd.service...
systemd[1]: Started dbus.service - D-Bus System Message Bus.
systemd[1]: Finished sysstat.service - Resets System Activity Logs.
udisksd[664]: udisks daemon version 2.10.1 starting
systemd-logind[658]: New seat seat0.
systemd-logind[658]: Watching system buttons on /dev/input/event0 (Power Button)
systemd-logind[658]: Watching system buttons on /dev/input/event1 (Sleep Button)
systemd-logind[658]: Watching system buttons on /dev/input/event2 (AT Translated Set 2 keyboard)
systemd[1]: Started systemd-logind.service - User Login Management.
systemd[1]: gpu-manager.service: Deactivated successfully.
systemd[1]: Finished gpu-manager.service - Detect the available GPUs and deal with any system changes.
avahi-daemon[558]: Successfully dropped root privileges.
avahi-daemon[558]: avahi-daemon 0.8 starting up.
avahi-daemon[558]: Successfully called chroot().
avahi-daemon[558]: Successfully dropped remaining capabilities.
avahi-daemon[558]: No service file found in /etc/avahi/services.
avahi-daemon[558]: Joining mDNS multicast group on interface lo.IPv6 with address ::1.
dbus-daemon[559]: [system] Successfully activated service 'org.freedesktop.systemd1'
avahi-daemon[558]: New relevant interface lo.IPv6 for mDNS.
avahi-daemon[558]: Joining mDNS multicast group on interface lo.IPv4 with address 127.0.0.1.
avahi-daemon[558]: New relevant interface lo.IPv4 for mDNS.
avahi-daemon[558]: Network interface enumeration completed.
avahi-daemon[558]: Registering new address record for ::1 on lo.*.
avahi-daemon[558]: Registering new address record for 127.0.0.1 on lo.IPv4.
systemd[1]: Cannot find unit for notify message of PID 723, ignoring.
systemd[1]: Started avahi-daemon.service - Avahi mDNS/DNS-SD Stack.
systemd[1]: Started switcheroo-control.service - Switcheroo Control Proxy service.
systemd[1]: Listening on systemd-rfkill.socket - Load/Save RF Kill Switch Status /dev/rfkill Watch.
systemd[1]: Starting wpa_supplicant.service - WPA supplicant...
systemd[1]: grub-common.service: Deactivated successfully.
systemd[1]: Finished grub-common.service - Record successful boot for GRUB.
systemd[1]: Starting grub-initrd-fallback.service - GRUB failed boot detection...
systemd[1]: Cannot find unit for notify message of PID 745, ignoring.
rsyslogd[698]: imuxsock: Acquired UNIX socket '/run/systemd/journal/syslog' (fd 3) from systemd.  [v8.2312.0]
rsyslogd[698]: rsyslogd's groupid changed to 102
systemd[1]: Started rsyslog.service - System Logging Service.
rsyslogd[698]: rsyslogd's userid changed to 102
rsyslogd[698]: [origin software="rsyslogd" swVersion="8.2312.0" x-pid="698" x-info="https://www.rsyslog.com"] start
wpa_supplicant[746]: Successfully initialized wpa_supplicant
systemd[1]: Started wpa_supplicant.service - WPA supplicant.
systemd[1]: e2scrub_reap.service: Deactivated successfully.
systemd[1]: Finished e2scrub_reap.service - Remove Stale Online ext4 Metadata Check Snapshots.
systemd[1]: grub-initrd-fallback.service: Deactivated successfully.
systemd[1]: Finished grub-initrd-fallback.service - GRUB failed boot detection.
gnome-remote-de[570]: Init TPM credentials failed because No TPM device found, using GKeyFile as fallback
polkitd[582]: Started polkitd version 124
snapd[605]: overlord.go:271: Acquiring state lock file
snapd[605]: overlord.go:276: Acquired state lock file
polkitd[582]: Loading rules from directory /etc/polkit-1/rules.d
polkitd[582]: Loading rules from directory /usr/share/polkit-1/rules.d
snapd[605]: daemon.go:247: started snapd/2.63.1+24.04 (series 16; classic) ubuntu/24.04 (amd64) linux/6.8.0-41-generic.
polkitd[582]: Finished loading, compiling and executing 16 rules
dbus-daemon[559]: [system] Successfully activated service 'org.freedesktop.PolicyKit1'
polkitd[582]: Acquired the name org.freedesktop.PolicyKit1 on the system bus
systemd[1]: Started polkit.service - Authorization Manager.
accounts-daemon[609]: started daemon version 23.13.9
systemd[1]: Starting ModemManager.service - Modem Manager...
systemd[1]: Starting firewalld.service - firewalld - dynamic firewall daemon...
systemd[1]: Cannot find unit for notify message of PID 834, ignoring.
systemd[1]: Started accounts-daemon.service - Accounts Service.
systemd[1]: Started power-profiles-daemon.service - Power Profiles daemon.
systemd[1]: Started gnome-remote-desktop.service - GNOME Remote Desktop.
kernel: loop10: detected capacity change from 0 to 8
snapd[605]: daemon.go:340: adjusting startup timeout by 1m15s (pessimistic estimate of 30s plus 5s per snap)
systemd[1]: tmp-syscheck\x2dmountpoint\x2d2392464867.mount: Deactivated successfully.
ModemManager[836]: <msg> ModemManager (version 1.23.4) starting in system bus...
systemd[1]: Started udisks2.service - Disk Manager.
udisksd[664]: Cleaning up mount point /media/lsj/VBox_GAs_7.0.8 (device 11:0 is not mounted)
snapd[605]: backends.go:58: AppArmor status: apparmor is enabled and all features are available
udisksd[664]: Acquired the name org.freedesktop.UDisks2 on the system message bus
kernel: NET: Registered PF_QIPCRTR protocol family
systemd[1]: Started ModemManager.service - Modem Manager.
systemd[1]: Finished apport.service - automatic crash report generation.
vboxadd[677]: VirtualBox Guest Additions: Starting.
vboxadd[918]: VirtualBox Guest Additions: Setting up modules
vboxadd[934]: VirtualBox Guest Additions: Building the VirtualBox Guest Additions kernel
vboxadd[934]: modules.  This may take a while.
vboxadd[937]: VirtualBox Guest Additions: To build modules for other installed kernels, run
vboxadd[940]: VirtualBox Guest Additions:   /sbin/rcvboxadd quicksetup <version>
vboxadd[943]: VirtualBox Guest Additions: or
vboxadd[945]: VirtualBox Guest Additions:   /sbin/rcvboxadd quicksetup all
vboxadd[949]: VirtualBox Guest Additions: Building the modules for kernel 6.8.0-41-generic.
systemd[1]: Started snapd.service - Snap Daemon.
dbus-daemon[559]: [system] Activating via systemd: service name='org.freedesktop.timedate1' unit='dbus-org.freedesktop.timedate1.service' requested by ':1.13' (uid=0 pid=605 comm="/usr/lib/snapd/snapd" label="unconfined")
systemd[1]: Starting systemd-timedated.service - Time & Date Service...
dbus-daemon[559]: [system] Successfully activated service 'org.freedesktop.timedate1'
systemd[1]: Started systemd-timedated.service - Time & Date Service.
systemd[1]: Finished snapd.seeded.service - Wait until snapd is fully seeded.
systemd[1]: snapd.autoimport.service - Auto import assertions from block devices was skipped because no trigger condition checks were met.
systemd[1]: Started firewalld.service - firewalld - dynamic firewall daemon.
systemd[1]: Reached target network-pre.target - Preparation for Network.
systemd[1]: Starting NetworkManager.service - Network Manager...
NetworkManager[1044]: <info>  [1725383369.7407] NetworkManager (version 1.46.0) is starting... (boot:82c4f644-c726-4f7e-bf69-b018887f704a)
NetworkManager[1044]: <info>  [1725383369.7415] Read config: /etc/NetworkManager/NetworkManager.conf (lib: 10-dns-resolved.conf, 20-connectivity-ubuntu.conf, no-mac-addr-change.conf) (run: 10-globally-managed-devices.conf) (etc: default-wifi-powersave-on.conf)
NetworkManager[1044]: <info>  [1725383369.7522] manager[0x58b58ec18260]: monitoring kernel firmware directory '/lib/firmware'.
NetworkManager[1044]: <info>  [1725383369.7527] monitoring ifupdown state file '/run/network/ifstate'.
dbus-daemon[559]: [system] Activating via systemd: service name='org.freedesktop.hostname1' unit='dbus-org.freedesktop.hostname1.service' requested by ':1.16' (uid=0 pid=1044 comm="/usr/sbin/NetworkManager --no-daemon" label="unconfined")
systemd[1]: Starting systemd-hostnamed.service - Hostname Service...
dbus-daemon[559]: [system] Successfully activated service 'org.freedesktop.hostname1'
systemd[1]: Started systemd-hostnamed.service - Hostname Service.
NetworkManager[1044]: <info>  [1725383369.8354] hostname: hostname: using hostnamed
NetworkManager[1044]: <info>  [1725383369.8355] hostname: static hostname changed from (none) to "lsj-VirtualBox"
NetworkManager[1044]: <info>  [1725383369.8365] dns-mgr: init: dns=systemd-resolved rc-manager=unmanaged (auto), plugin=systemd-resolved
NetworkManager[1044]: <info>  [1725383369.8369] manager[0x58b58ec18260]: rfkill: Wi-Fi hardware radio set enabled
NetworkManager[1044]: <info>  [1725383369.8370] manager[0x58b58ec18260]: rfkill: WWAN hardware radio set enabled
NetworkManager[1044]: <info>  [1725383369.8434] Loaded device plugin: NMTeamFactory (/usr/lib/x86_64-linux-gnu/NetworkManager/1.46.0/libnm-device-plugin-team.so)
NetworkManager[1044]: <info>  [1725383369.8451] Loaded device plugin: NMWifiFactory (/usr/lib/x86_64-linux-gnu/NetworkManager/1.46.0/libnm-device-plugin-wifi.so)
NetworkManager[1044]: <info>  [1725383369.8479] Loaded device plugin: NMWwanFactory (/usr/lib/x86_64-linux-gnu/NetworkManager/1.46.0/libnm-device-plugin-wwan.so)
NetworkManager[1044]: <info>  [1725383369.8506] Loaded device plugin: NMBluezManager (/usr/lib/x86_64-linux-gnu/NetworkManager/1.46.0/libnm-device-plugin-bluetooth.so)
NetworkManager[1044]: <info>  [1725383369.8517] Loaded device plugin: NMAtmManager (/usr/lib/x86_64-linux-gnu/NetworkManager/1.46.0/libnm-device-plugin-adsl.so)
NetworkManager[1044]: <info>  [1725383369.8521] manager: rfkill: Wi-Fi enabled by radio killswitch; enabled by state file
NetworkManager[1044]: <info>  [1725383369.8522] manager: rfkill: WWAN enabled by radio killswitch; enabled by state file
NetworkManager[1044]: <info>  [1725383369.8522] manager: Networking is enabled by state file
dbus-daemon[559]: [system] Activating via systemd: service name='org.freedesktop.nm_dispatcher' unit='dbus-org.freedesktop.nm-dispatcher.service' requested by ':1.16' (uid=0 pid=1044 comm="/usr/sbin/NetworkManager --no-daemon" label="unconfined")
NetworkManager[1044]: <info>  [1725383369.8550] settings: Loaded settings plugin: ifupdown ("/usr/lib/x86_64-linux-gnu/NetworkManager/1.46.0/libnm-settings-plugin-ifupdown.so")
NetworkManager[1044]: <info>  [1725383369.8550] settings: Loaded settings plugin: keyfile (internal)
NetworkManager[1044]: <info>  [1725383369.8550] ifupdown: management mode: unmanaged
NetworkManager[1044]: <info>  [1725383369.8555] ifupdown: interfaces file /etc/network/interfaces doesn't exist
systemd[1]: Starting NetworkManager-dispatcher.service - Network Manager Script Dispatcher Service...
dbus-daemon[559]: [system] Successfully activated service 'org.freedesktop.nm_dispatcher'
systemd[1]: Started NetworkManager-dispatcher.service - Network Manager Script Dispatcher Service.
avahi-daemon[558]: Server startup complete. Host name is lsj-VirtualBox.local. Local service cookie is 527810970.
generate[1208]: Permissions for /etc/netplan/01-network-manager-all.yaml are too open. Netplan configuration should NOT be accessible by others.
systemd[1]: Reloading requested from client PID 1217 ('systemctl') (unit NetworkManager.service)...
systemd[1]: Reloading...
systemd[1]: Configuration file /run/systemd/system/netplan-ovs-cleanup.service is marked world-inaccessible. This has no effect as configuration data is accessible via APIs without restrictions. Proceeding anyway.
systemd[1]: Reloading finished in 369 ms.
NetworkManager[1044]: <info>  [1725383370.6205] dhcp: init: Using DHCP client 'internal'
NetworkManager[1044]: <info>  [1725383370.6207] manager: (lo): new Loopback device (/org/freedesktop/NetworkManager/Devices/1)
NetworkManager[1044]: <info>  [1725383370.6224] device (lo): state change: unmanaged -> unavailable (reason 'connection-assumed', sys-iface-state: 'external')
NetworkManager[1044]: <info>  [1725383370.6228] device (lo): state change: unavailable -> disconnected (reason 'connection-assumed', sys-iface-state: 'external')
NetworkManager[1044]: <info>  [1725383370.6235] device (lo): Activation: starting connection 'lo' (d8dfa858-c29b-46cf-bd78-7cd438829e27)
NetworkManager[1044]: <info>  [1725383370.6242] manager: (enp0s3): new Ethernet device (/org/freedesktop/NetworkManager/Devices/2)
NetworkManager[1044]: <info>  [1725383370.6257] settings: (enp0s3): created default wired connection ' 1'
NetworkManager[1044]: <info>  [1725383370.6257] device (enp0s3): state change: unmanaged -> unavailable (reason 'managed', sys-iface-state: 'external')
kernel: e1000: enp0s3 NIC Link is Up 1000 Mbps Full Duplex, Flow Control: RX
NetworkManager[1044]: <info>  [1725383370.6302] failed to open /run/network/ifstate
systemd[1]: Started NetworkManager.service - Network Manager.
NetworkManager[1044]: <info>  [1725383370.6312] bus-manager: acquired D-Bus service "org.freedesktop.NetworkManager"
systemd[1]: Reached target network.target - Network.
NetworkManager[1044]: <info>  [1725383370.6326] device (lo): state change: disconnected -> prepare (reason 'none', sys-iface-state: 'external')
NetworkManager[1044]: <info>  [1725383370.6327] device (lo): state change: prepare -> config (reason 'none', sys-iface-state: 'external')
NetworkManager[1044]: <info>  [1725383370.6329] device (lo): state change: config -> ip-config (reason 'none', sys-iface-state: 'external')
NetworkManager[1044]: <info>  [1725383370.6331] device (enp0s3): carrier: link connected
NetworkManager[1044]: <info>  [1725383370.6335] device (lo): state change: ip-config -> ip-check (reason 'none', sys-iface-state: 'external')
NetworkManager[1044]: <info>  [1725383370.6339] device (enp0s3): state change: unavailable -> disconnected (reason 'carrier-changed', sys-iface-state: 'managed')
NetworkManager[1044]: <info>  [1725383370.6352] policy: auto-activating connection ' 1' (be98cf63-661c-3ab9-9350-78ba93cd3a8a)
NetworkManager[1044]: <info>  [1725383370.6356] device (enp0s3): Activation: starting connection ' 1' (be98cf63-661c-3ab9-9350-78ba93cd3a8a)
NetworkManager[1044]: <info>  [1725383370.6356] device (enp0s3): state change: disconnected -> prepare (reason 'none', sys-iface-state: 'managed')
NetworkManager[1044]: <info>  [1725383370.6358] manager: NetworkManager state is now CONNECTING
NetworkManager[1044]: <info>  [1725383370.6359] device (enp0s3): state change: prepare -> config (reason 'none', sys-iface-state: 'managed')
NetworkManager[1044]: <info>  [1725383370.6395] modem-manager: ModemManager available
NetworkManager[1044]: <info>  [1725383370.6397] device (lo): state change: ip-check -> secondaries (reason 'none', sys-iface-state: 'external')
NetworkManager[1044]: <info>  [1725383370.6399] device (lo): state change: secondaries -> activated (reason 'none', sys-iface-state: 'external')
NetworkManager[1044]: <info>  [1725383370.6406] device (lo): Activation: successful, device activated.
systemd[1]: Starting NetworkManager-wait-online.service - Network Manager Wait Online...
systemd[1]: Starting cups.service - CUPS Scheduler...
systemd[1]: Starting openvpn.service - OpenVPN service...
systemd[1]: Starting systemd-user-sessions.service - Permit User Sessions...
systemd[1]: Started unattended-upgrades.service - Unattended Upgrades Shutdown.
systemd[1]: Finished openvpn.service - OpenVPN service.
systemd[1]: Finished systemd-user-sessions.service - Permit User Sessions.
systemd[1]: Starting plymouth-quit-wait.service - Hold until boot process finishes up...
systemd[1]: Started cups.service - CUPS Scheduler.
kernel: kauditd_printk_skb: 137 callbacks suppressed
kernel: audit: type=1400 audit(1725383370.702:148): apparmor="DENIED" operation="capable" class="cap" profile="/usr/sbin/cupsd" pid=1421 comm="cupsd" capability=12  capname="net_admin"
NetworkManager[1044]: <info>  [1725383370.7360] device (enp0s3): state change: config -> ip-config (reason 'none', sys-iface-state: 'managed')
NetworkManager[1044]: <info>  [1725383370.7399] dhcp4 (enp0s3): activation: beginning transaction (timeout in 45 seconds)
NetworkManager[1044]: <info>  [1725383370.7436] dhcp4 (enp0s3): state changed new lease, address=10.0.2.15, acd pending
avahi-daemon[558]: Joining mDNS multicast group on interface enp0s3.IPv6 with address fe80::b1ab:50b:6d:a256.
avahi-daemon[558]: New relevant interface enp0s3.IPv6 for mDNS.
avahi-daemon[558]: Registering new address record for fe80::b1ab:50b:6d:a256 on enp0s3.*.
NetworkManager[1044]: <info>  [1725383370.8863] dhcp4 (enp0s3): state changed new lease, address=10.0.2.15
NetworkManager[1044]: <info>  [1725383370.8886] policy: set ' 1' (enp0s3) as default for IPv4 routing and DNS
avahi-daemon[558]: Joining mDNS multicast group on interface enp0s3.IPv4 with address 10.0.2.15.
systemd-resolved[493]: enp0s3: Bus client set default route setting: yes
avahi-daemon[558]: New relevant interface enp0s3.IPv4 for mDNS.
avahi-daemon[558]: Registering new address record for 10.0.2.15 on enp0s3.IPv4.
systemd-resolved[493]: enp0s3: Bus client set DNS server list to: 223.5.5.5, 114.114.114.114
NetworkManager[1044]: <info>  [1725383370.9001] device (enp0s3): state change: ip-config -> ip-check (reason 'none', sys-iface-state: 'managed')
NetworkManager[1044]: <info>  [1725383370.9048] device (enp0s3): state change: ip-check -> secondaries (reason 'none', sys-iface-state: 'managed')
NetworkManager[1044]: <info>  [1725383370.9058] device (enp0s3): state change: secondaries -> activated (reason 'none', sys-iface-state: 'managed')
NetworkManager[1044]: <info>  [1725383370.9064] manager: NetworkManager state is now CONNECTED_SITE
NetworkManager[1044]: <info>  [1725383370.9066] device (enp0s3): Activation: successful, device activated.
NetworkManager[1044]: <info>  [1725383370.9082] manager: startup complete
systemd[1]: Finished NetworkManager-wait-online.service - Network Manager Wait Online.
systemd[1]: Reached target network-online.target - Network is Online.
systemd[1]: Started update-notifier-download.timer - Download data for packages that failed at package install time.
systemd[1]: Started update-notifier-motd.timer - Check to see whether there is a new version of Ubuntu available.
systemd[1]: Reached target timers.target - Timer Units.
systemd[1]: Started cups-browsed.service - Make remote CUPS printers available locally.
systemd[1]: Starting kerneloops.service - Tool to automatically collect and submit kernel crash signatures...
systemd[1]: ubuntu-advantage.service - Ubuntu Pro Background Auto Attach was skipped because no trigger condition checks were met.
systemd[1]: kerneloops.service: Found left-over process 1465 (kerneloops) in control group while starting unit. Ignoring.
systemd[1]: kerneloops.service: This usually indicates unclean termination of a previous run, or service implementation deficiencies.
(rneloops)[1466]: kerneloops.service: Referenced but unset environment variable evaluates to an empty string: DAEMON_ARGS
systemd[1]: Started kerneloops.service - Tool to automatically collect and submit kernel crash signatures.
ModemManager[836]: <msg> [base-manager] couldn't check support for device '/sys/devices/pci0000:00/0000:00:03.0': not supported by any plugin
NetworkManager[1044]: <info>  [1725383376.7133] manager: NetworkManager state is now CONNECTED_GLOBAL
vboxadd[1526]: VirtualBox Guest Additions: Look at /var/log/vboxadd-setup.log to find out what
vboxadd[1526]: went wrong
systemd[1]: NetworkManager-dispatcher.service: Deactivated successfully.
useradd[1530]: failed adding user 'vboxadd', exit code: 9
useradd[1531]: failed adding user 'vboxadd', exit code: 9
vboxadd[1547]: VirtualBox Guest Additions: Running kernel modules will not be replaced until
vboxadd[1547]: the system is restarted or 'rcvboxadd reload' triggered
vboxadd[677]: VirtualBox Guest Additions: reloading kernel modules and services
kernel: vboxguest: host-version: 7.0.8r156879 0x8000000f
kernel: vbg_heartbeat_init: Setting up heartbeat to trigger every 2000 milliseconds
kernel: input: VirtualBox mouse integration as /devices/pci0000:00/0000:00:04.0/input/input8
(udev-worker)[1579]: vboxguest: /etc/udev/rules.d/60-vboxadd.rules:1 Only network interfaces can be renamed, ignoring NAME="vboxguest".
(udev-worker)[2020]: vboxuser: /etc/udev/rules.d/60-vboxadd.rules:2 Only network interfaces can be renamed, ignoring NAME="vboxuser".
kernel: clocksource: Long readout interval, skipping watchdog check: cs_nsec: 1088016970 wd_nsec: 1088016002
systemd[1]: dmesg.service: Deactivated successfully.
systemd[1]: Starting sysstat-collect.service - system activity accounting tool...
systemd[1]: systemd-hostnamed.service: Deactivated successfully.
systemd[1]: sysstat-collect.service: Deactivated successfully.
systemd[1]: Finished sysstat-collect.service - system activity accounting tool.
systemd[1]: systemd-timedated.service: Deactivated successfully.
kernel: clocksource: Long readout interval, skipping watchdog check: cs_nsec: 4217566323 wd_nsec: 4217563099
systemd[1]: Starting update-notifier-download.service - Download data for packages that failed at package install time...
systemd[1]: update-notifier-download.service: Deactivated successfully.
systemd[1]: Finished update-notifier-download.service - Download data for packages that failed at package install time.
anacron[555]: Job `cron.daily' started
anacron[2045]: Updated timestamp for job `cron.daily' to 2024-09-04
anacron[555]: Job `cron.daily' terminated
anacron[555]: Normal exit (1 job run)
systemd[1]: anacron.service: Deactivated successfully.
systemd[1]: vboxadd.service: start operation timed out. Terminating.
systemd[1]: vboxadd.service: Main process exited, code=killed, status=15/TERM
systemd[1]: vboxadd.service: Failed with result 'timeout'.
systemd[1]: vboxadd.service: Unit process 2029 (systemctl) remains running after unit stopped.
systemd[1]: Failed to start vboxadd.service.
systemd[1]: vboxadd.service: Consumed 15.987s CPU time, 332.9M memory peak, 0B memory swap peak.
systemd[1]: Starting gdm.service - GNOME Display Manager...
systemd[1]: Starting vboxadd-service.service...
vboxadd-service[2057]: vboxadd-service.sh: Starting VirtualBox Guest Addition service.
vboxadd-service.sh[2063]: Starting VirtualBox Guest Addition service.
kernel: 17:14:29.131723 main     VBoxService 7.0.8 r156879 (verbosity: 0) linux.amd64 (Apr 17 2023 18:38:33) release log
                                    17:14:29.13172
kernel: 17:14:29.132527 main     OS Product: Linux
kernel: 17:14:29.132795 main     OS Release: 6.8.0-41-generic
kernel: 17:14:29.133079 main     OS Version: #41-Ubuntu SMP PREEMPT_DYNAMIC Fri Aug  2 20:41:06 UTC 2024
kernel: 17:14:29.133616 main     Executable: /opt/VBoxGuestAdditions-7.0.8/sbin/VBoxService
                                    17:14:29.133617 main     Process ID: 2066
                                    1
kernel: 17:14:29.136833 main     7.0.8 r156879 started. Verbose level = 0
kernel: 17:14:29.138626 main     vbglR3GuestCtrlDetectPeekGetCancelSupport: Supported (#1)
vboxadd-service.sh[2074]: VirtualBox Guest Addition service started.
kernel: 17:14:29.138898 main     VBoxClient 7.0.8 r156879 (verbosity: 0) linux.amd64 (Apr 17 2023 18:38:39) release log
                                    17:14:29.138900
kernel: 17:14:29.139835 main     OS Product: Linux
kernel: 17:14:29.140131 main     OS Release: 6.8.0-41-generic
kernel: 17:14:29.140437 main     OS Version: #41-Ubuntu SMP PREEMPT_DYNAMIC Fri Aug  2 20:41:06 UTC 2024
kernel: 17:14:29.141005 main     Executable: /opt/VBoxGuestAdditions-7.0.8/bin/VBoxDRMClient
                                    17:14:29.141007 main     Process ID: 2071
systemd[1]: Started vboxadd-service.service.
kernel: 17:14:29.142035 main     VBoxDRMClient: found compatible device: /dev/dri/renderD128
kernel: 17:14:29.143449 main     VBoxDRMClient: IPC server socket access granted to all users
kernel: 17:14:29.145857 DrmResizeThread VBoxDRMClient: push screen layout data of 1 display(s) to DRM stack, fPartialLayout=false, rc=V
kernel: vboxsf: Unknown parameter 'tag'
kernel: 17:14:29.150348 automount vbsvcAutomounterMountIt: Running outdated vboxsf module without support for the 'tag' option?
kernel: 17:14:29.151189 automount vbsvcAutomounterMountIt: Successfully mounted '_projects' on '/mnt/_projects'
gnome-remote-de[570]: Error calling GetManagedObjects() when name owner :1.27 for name org.gnome.DisplayManager came back: GDBus.Error:org.freedesktop.DBus.Error.UnknownMethod: /org/gnome/DisplayManager/Displays
systemd[1]: Started gdm.service - GNOME Display Manager.
systemd[1]: Received SIGRTMIN+21 from PID 180 (plymouthd).
gdm-launch-environment][2116]: pam_unix(gdm-launch-environment:session): session opened for user gdm(uid=120) by (uid=0)
systemd[1]: Created slice user-120.slice - User Slice of UID 120.
systemd[1]: Starting user-runtime-dir@120.service - User Runtime Directory /run/user/120...
systemd-logind[658]: New session c1 of user gdm.
systemd[1]: Finished user-runtime-dir@120.service - User Runtime Directory /run/user/120.
systemd[1]: Starting user@120.service - User Manager for UID 120...
(systemd)[2124]: pam_unix(systemd-user:session): session opened for user gdm(uid=120) by gdm(uid=0)
systemd[2124]: Queued start job for default target default.target.
systemd[2124]: Created slice app.slice - User Application Slice.
systemd[2124]: Created slice session.slice - User Core Session Slice.
systemd[2124]: Started ubuntu-report.path - Pending report trigger for Ubuntu Report.
systemd[2124]: Started launchpadlib-cache-clean.timer - Clean up old files in the Launchpadlib cache.
systemd[2124]: Started snap.firmware-updater.firmware-notifier.timer - Timer firmware-notifier for snap application firmware-updater.firmware-notifier.
systemd[2124]: Reached target paths.target - Paths.
systemd[2124]: Reached target timers.target - Timers.
systemd[2124]: Starting dbus.socket - D-Bus User Message Bus Socket...
systemd[2124]: Listening on dirmngr.socket - GnuPG network certificate management daemon.
systemd[2124]: Listening on gcr-ssh-agent.socket - GCR ssh-agent wrapper.
systemd[2124]: Listening on gnome-keyring-daemon.socket - GNOME Keyring daemon.
systemd[2124]: Listening on gpg-agent-browser.socket - GnuPG cryptographic agent and passphrase cache (access for web browsers).
systemd[2124]: Listening on gpg-agent-extra.socket - GnuPG cryptographic agent and passphrase cache (restricted).
systemd[2124]: Starting gpg-agent-ssh.socket - GnuPG cryptographic agent (ssh-agent emulation)...
systemd[2124]: Listening on gpg-agent.socket - GnuPG cryptographic agent and passphrase cache.
systemd[2124]: Listening on keyboxd.socket - GnuPG public key management service.
systemd[2124]: Listening on pipewire-pulse.socket - PipeWire PulseAudio.
systemd[2124]: Listening on pipewire.socket - PipeWire Multimedia System Sockets.
systemd[2124]: Listening on pk-debconf-helper.socket - debconf communication socket.
systemd[2124]: Listening on snapd.session-agent.socket - REST API socket for snapd user session agent.
systemd[2124]: Listening on speech-dispatcher.socket - Speech Dispatcher Socket.
systemd[2124]: Listening on dbus.socket - D-Bus User Message Bus Socket.
systemd[2124]: Listening on gpg-agent-ssh.socket - GnuPG cryptographic agent (ssh-agent emulation).
systemd[2124]: Reached target sockets.target - Sockets.
systemd[2124]: Reached target basic.target - Basic System.
systemd[2124]: gnome-initial-setup-copy-worker.service - GNOME Initial Setup Copy Worker was skipped because of an unmet condition check (ConditionUser=!@system).
systemd[1]: Started user@120.service - User Manager for UID 120.
systemd[2124]: Started pipewire.service - PipeWire Multimedia Service.
systemd[1]: Started session-c1.scope - Session c1 of User gdm.
systemd[2124]: Started filter-chain.service - PipeWire filter chain daemon.
systemd[2124]: Started snap.snapd-desktop-integration.snapd-desktop-integration.service - Service for snap application snapd-desktop-integration.snapd-desktop-integration.
systemd[2124]: Started wireplumber.service - Multimedia Service Session Manager.
systemd[2124]: Started pipewire-pulse.service - PipeWire PulseAudio.
systemd[2124]: Reached target default.target - Main User Target.
systemd[2124]: Startup finished in 285ms.
systemd[2124]: Starting dbus.service - D-Bus User Message Bus...
dbus-daemon[2149]: [session uid=120 pid=2149] AppArmor D-Bus mediation is enabled
systemd[2124]: Started dbus.service - D-Bus User Message Bus.
dbus-daemon[2149]: [session uid=120 pid=2149] Successfully activated service 'org.freedesktop.systemd1'
dbus-daemon[559]: [system] Activating via systemd: service name='org.freedesktop.RealtimeKit1' unit='rtkit-daemon.service' requested by ':1.31' (uid=120 pid=2138 comm="/usr/bin/pipewire -c filter-chain.conf" label="unconfined")
dbus-daemon[2149]: [session uid=120 pid=2149] Activating via systemd: service name='org.freedesktop.portal.Documents' unit='xdg-document-portal.service' requested by ':1.6' (uid=120 pid=2139 comm="/usr/bin/snap run snapd-desktop-integration" label="unconfined")
systemd[2124]: Starting xdg-document-portal.service - flatpak document portal service...
systemd[1]: Starting rtkit-daemon.service - RealtimeKit Scheduling Policy Service...
dbus-daemon[2149]: [session uid=120 pid=2149] Activating via systemd: service name='org.freedesktop.impl.portal.PermissionStore' unit='xdg-permission-store.service' requested by ':1.10' (uid=120 pid=2166 comm="/usr/libexec/xdg-document-portal" label="unconfined")
pipewire[2137]: mod.jackdbus-detect: Failed to receive jackdbus reply: org.freedesktop.DBus.Error.ServiceUnknown: The name org.jackaudio.service was not provided by any .service files
dbus-daemon[559]: [system] Successfully activated service 'org.freedesktop.RealtimeKit1'
systemd[1]: Started rtkit-daemon.service - RealtimeKit Scheduling Policy Service.
rtkit-daemon[2164]: Successfully called chroot.
rtkit-daemon[2164]: Successfully dropped privileges.
rtkit-daemon[2164]: Successfully limited resources.
rtkit-daemon[2164]: Running.
rtkit-daemon[2164]: Canary thread running.
rtkit-daemon[2164]: Watchdog thread running.
rtkit-daemon[2164]: Supervising 0 threads of 0 processes of 0 users.
rtkit-daemon[2164]: Supervising 0 threads of 0 processes of 0 users.
rtkit-daemon[2164]: Supervising 0 threads of 0 processes of 0 users.
rtkit-daemon[2164]: Supervising 0 threads of 0 processes of 0 users.
rtkit-daemon[2164]: Supervising 0 threads of 0 processes of 0 users.
rtkit-daemon[2164]: Supervising 0 threads of 0 processes of 0 users.
rtkit-daemon[2164]: Supervising 0 threads of 0 processes of 0 users.
rtkit-daemon[2164]: Supervising 0 threads of 0 processes of 0 users.
rtkit-daemon[2164]: Supervising 0 threads of 0 processes of 0 users.
rtkit-daemon[2164]: Supervising 0 threads of 0 processes of 0 users.
rtkit-daemon[2164]: Supervising 0 threads of 0 processes of 0 users.
rtkit-daemon[2164]: Supervising 0 threads of 0 processes of 0 users.
systemd[2124]: Starting xdg-permission-store.service - sandboxed app permission store...
rtkit-daemon[2164]: Successfully made thread 2165 of process 2138 owned by '120' RT at priority 20.
rtkit-daemon[2164]: Supervising 1 threads of 1 processes of 1 users.
dbus-daemon[2149]: [session uid=120 pid=2149] Successfully activated service 'org.freedesktop.impl.portal.PermissionStore'
systemd[2124]: Started xdg-permission-store.service - sandboxed app permission store.
rtkit-daemon[2164]: Successfully made thread 2141 of process 2141 owned by '120' high priority at nice level -11.
rtkit-daemon[2164]: Supervising 2 threads of 2 processes of 1 users.
dbus-daemon[2149]: [session uid=120 pid=2149] Successfully activated service 'org.freedesktop.portal.Documents'
systemd[2124]: Started xdg-document-portal.service - flatpak document portal service.
rtkit-daemon[2164]: Successfully made thread 2168 of process 2141 owned by '120' RT at priority 20.
rtkit-daemon[2164]: Supervising 3 threads of 2 processes of 1 users.
rtkit-daemon[2164]: Successfully made thread 2137 of process 2137 owned by '120' high priority at nice level -11.
rtkit-daemon[2164]: Supervising 4 threads of 3 processes of 1 users.
xdg-document-portal[2166]: Ignoring invalid max threads value 4294967295 > max (100000).
rtkit-daemon[2164]: Successfully made thread 2175 of process 2137 owned by '120' RT at priority 20.
rtkit-daemon[2164]: Supervising 5 threads of 3 processes of 1 users.
rtkit-daemon[2164]: Successfully made thread 2144 of process 2144 owned by '120' high priority at nice level -11.
rtkit-daemon[2164]: Supervising 6 threads of 4 processes of 1 users.
kernel: 17:14:29.161655 DrmResizeThread VBoxDRMClient: push screen layout data of 1 display(s) to DRM stack, fPartialLayout=false, rc=V
kernel: audit: type=1400 audit(1725383669.780:149): apparmor="DENIED" operation="capable" class="cap" profile="/usr/lib/snapd/snap-confine" pid=2139 comm="snap-confine" capability=12  capname="net_admin"
rtkit-daemon[2164]: Successfully made thread 2171 of process 2144 owned by '120' RT at priority 20.
rtkit-daemon[2164]: Supervising 7 threads of 4 processes of 1 users.
kernel: audit: type=1400 audit(1725383669.781:150): apparmor="DENIED" operation="capable" class="cap" profile="/usr/lib/snapd/snap-confine" pid=2139 comm="snap-confine" capability=38  capname="perfmon"
/usr/libexec/gdm-wayland-session[2167]: dbus-daemon[2167]: [session uid=120 pid=2167] Activating service name='org.freedesktop.systemd1' requested by ':1.2' (uid=120 pid=2170 comm="/usr/libexec/gnome-session-binary --autostart /usr" label="unconfined")
wireplumber[2141]: SPA handle 'api.libcamera.enum.manager' could not be loaded; is it installed?
wireplumber[2141]: PipeWire's libcamera SPA missing or broken. libcamera not supported.
/usr/libexec/gdm-wayland-session[2167]: dbus-daemon[2167]: [session uid=120 pid=2167] Activated service 'org.freedesktop.systemd1' failed: Process org.freedesktop.systemd1 exited with status 1
gnome-session-binary[2170]: WARNING: Could not check if unit gnome-session-wayland@gnome-login.target is active:  org.freedesktop.systemd1  StartServiceByName  Process org.freedesktop.systemd1 exited with status 1
gnome-session[2170]: gnome-session-binary[2170]: WARNING: Could not check if unit gnome-session-wayland@gnome-login.target is active:  org.freedesktop.systemd1  StartServiceByName  Process org.freedesktop.systemd1 exited with status 1
wireplumber[2141]: Failed to get percentage from UPower: org.freedesktop.DBus.Error.NameHasNoOwner
wireplumber[2141]: BlueZ system service is not available
gnome-shell[2213]: Running GNOME Shell (using mutter 46.2) as a Wayland display server
kernel: audit: type=1400 audit(1725383669.999:151): apparmor="DENIED" operation="open" class="file" profile="snap-update-ns.snapd-desktop-integration" name="/proc/2242/maps" pid=2242 comm="5" requested_mask="r" denied_mask="r" fsuid=120 ouid=0
snapd-desktop-integration.snapd-desktop-integration[2139]: Sorry, home directories outside of /home needs configuration.
snapd-desktop-integration.snapd-desktop-integration[2139]: See https://forum.snapcraft.io/t/11209 for details.
systemd[2124]: snap.snapd-desktop-integration.snapd-desktop-integration.service: Main process exited, code=exited, status=1/FAILURE
systemd[2124]: snap.snapd-desktop-integration.snapd-desktop-integration.service: Failed with result 'exit-code'.
rtkit-daemon[2164]: Supervising 7 threads of 4 processes of 1 users.
rtkit-daemon[2164]: Supervising 7 threads of 4 processes of 1 users.
rtkit-daemon[2164]: Successfully made thread 2249 of process 2213 owned by '120' RT at priority 20.
rtkit-daemon[2164]: Supervising 8 threads of 5 processes of 1 users.
gnome-shell[2213]: Made thread 'KMS thread' realtime scheduled
systemd[1]: tmp-snap.rootfs_aGTePc.mount: Deactivated successfully.
org.gnome.Shell.desktop[2213]: VMware: No 3D enabled (0, ).
org.gnome.Shell.desktop[2213]: VMware: No 3D enabled (0, ).
org.gnome.Shell.desktop[2213]: libEGL warning: egl: failed to create dri2 screen
org.gnome.Shell.desktop[2213]: VMware: No 3D enabled (0, ).
org.gnome.Shell.desktop[2213]: libEGL warning: egl: failed to create dri2 screen
org.gnome.Shell.desktop[2213]: VMware: No 3D enabled (0, ).
org.gnome.Shell.desktop[2213]: libEGL warning: egl: failed to create dri2 screen
gnome-shell[2213]: Added device '/dev/dri/card0' (vmwgfx) using atomic mode setting.
gnome-shell[2213]: Failed to initialize accelerated iGPU/dGPU framebuffer sharing: Not hardware accelerated
gnome-shell[2213]: Created gbm renderer for '/dev/dri/card0'
gnome-shell[2213]: Boot VGA GPU /dev/dri/card0 selected as primary
/usr/libexec/gdm-wayland-session[2167]: dbus-daemon[2167]: [session uid=120 pid=2167] Activating service name='org.a11y.Bus' requested by ':1.4' (uid=120 pid=2213 comm="/usr/bin/gnome-shell" label="unconfined")
/usr/libexec/gdm-wayland-session[2167]: dbus-daemon[2167]: [session uid=120 pid=2167] Successfully activated service 'org.a11y.Bus'
gnome-shell[2213]: Using public X11 display :1024, (using :1025 for managed services)
gnome-shell[2213]: Using Wayland display name 'wayland-0'
org.gnome.Shell.desktop[2270]: VMware: No 3D enabled (0, Success).
org.gnome.Shell.desktop[2270]: libEGL warning: egl: failed to create dri2 screen
org.gnome.Shell.desktop[2270]: VMware: No 3D enabled (0, Success).
org.gnome.Shell.desktop[2270]: libEGL warning: egl: failed to create dri2 screen
org.gnome.Shell.desktop[2270]: VMware: No 3D enabled (0, Success).
org.gnome.Shell.desktop[2270]: libEGL warning: egl: failed to create dri2 screen
/usr/libexec/gdm-wayland-session[2268]: dbus-daemon[2268]: Activating service name='org.a11y.atspi.Registry' requested by ':1.0' (uid=120 pid=2213 comm="/usr/bin/gnome-shell" label="unconfined")
dbus-daemon[559]: [system] Activating via systemd: service name='org.freedesktop.ColorManager' unit='colord.service' requested by ':1.39' (uid=120 pid=2213 comm="/usr/bin/gnome-shell" label="unconfined")
org.gnome.Shell.desktop[2270]: Failed to initialize glamor, falling back to sw
/usr/libexec/gdm-wayland-session[2268]: dbus-daemon[2268]: Successfully activated service 'org.a11y.atspi.Registry'
/usr/libexec/gdm-wayland-session[2272]: SpiRegistry daemon is running with well-known name - org.a11y.atspi.Registry
systemd[1]: Starting colord.service - Manage, Install and Generate Color Profiles...
colord[2274]: failed to get edid data: EDID length is too small
dbus-daemon[559]: [system] Successfully activated service 'org.freedesktop.ColorManager'
systemd[1]: Started colord.service - Manage, Install and Generate Color Profiles.
gnome-shell[2213]: Unset XDG_SESSION_ID, getCurrentSessionProxy() called outside a user session. Asking logind directly.
gnome-shell[2213]: Will monitor session c1
dbus-daemon[559]: [system] Activating via systemd: service name='org.freedesktop.locale1' unit='dbus-org.freedesktop.locale1.service' requested by ':1.39' (uid=120 pid=2213 comm="/usr/bin/gnome-shell" label="unconfined")
