9月 04 01:17:58 lsj-VirtualBox kernel: Linux version 6.8.0-41-generic (buildd@lcy02-amd64-100) (x86_64-linux-gnu-gcc-13 (Ubuntu 13.2.0-23ubuntu4) 13.2.0, GNU ld (GNU Binutils for Ubuntu) 2.42) #41-Ubuntu SMP PREEMPT_DYNAMIC Fri Aug  2 20:41:06 UTC 2024 (Ubuntu 6.8.0-41.41-generic 6.8.12)
9月 04 01:17:58 lsj-VirtualBox kernel: Command line: BOOT_IMAGE=/boot/vmlinuz-6.8.0-41-generic root=UUID=dab7ee4c-255d-407a-9d8b-62ce20b560be ro quiet splash
9月 04 01:17:58 lsj-VirtualBox kernel: KERNEL supported cpus:
9月 04 01:17:58 lsj-VirtualBox kernel:   Intel GenuineIntel
9月 04 01:17:58 lsj-VirtualBox kernel:   AMD AuthenticAMD
9月 04 01:17:58 lsj-VirtualBox kernel:   Hygon HygonGenuine
9月 04 01:17:58 lsj-VirtualBox kernel:   Centaur CentaurHauls
9月 04 01:17:58 lsj-VirtualBox kernel:   zhaoxin   Shanghai  
9月 04 01:17:58 lsj-VirtualBox kernel: [Firmware Bug]: TSC doesn't count with P0 frequency!
9月 04 01:17:58 lsj-VirtualBox kernel: BIOS-provided physical RAM map:
9月 04 01:17:58 lsj-VirtualBox kernel: BIOS-e820: [mem 0x0000000000000000-0x000000000009fbff] usable
9月 04 01:17:58 lsj-VirtualBox kernel: BIOS-e820: [mem 0x000000000009fc00-0x000000000009ffff] reserved
9月 04 01:17:58 lsj-VirtualBox kernel: BIOS-e820: [mem 0x00000000000f0000-0x00000000000fffff] reserved
9月 04 01:17:58 lsj-VirtualBox kernel: BIOS-e820: [mem 0x0000000000100000-0x000000007ffeffff] usable
9月 04 01:17:58 lsj-VirtualBox kernel: BIOS-e820: [mem 0x000000007fff0000-0x000000007fffffff] ACPI data
9月 04 01:17:58 lsj-VirtualBox kernel: BIOS-e820: [mem 0x00000000fec00000-0x00000000fec00fff] reserved
9月 04 01:17:58 lsj-VirtualBox kernel: BIOS-e820: [mem 0x00000000fee00000-0x00000000fee00fff] reserved
9月 04 01:17:58 lsj-VirtualBox kernel: BIOS-e820: [mem 0x00000000fffc0000-0x00000000ffffffff] reserved
9月 04 01:17:58 lsj-VirtualBox kernel: NX (Execute Disable) protection: active
9月 04 01:17:58 lsj-VirtualBox kernel: APIC: Static calls initialized
9月 04 01:17:58 lsj-VirtualBox kernel: SMBIOS 2.5 present.
9月 04 01:17:58 lsj-VirtualBox kernel: DMI: innotek GmbH VirtualBox/VirtualBox, BIOS VirtualBox 12/01/2006
9月 04 01:17:58 lsj-VirtualBox kernel: Hypervisor detected: KVM
9月 04 01:17:58 lsj-VirtualBox kernel: kvm-clock: Using msrs 4b564d01 and 4b564d00
9月 04 01:17:58 lsj-VirtualBox kernel: kvm-clock: using sched offset of 3957257824 cycles
9月 04 01:17:58 lsj-VirtualBox kernel: clocksource: kvm-clock: mask: 0xffffffffffffffff max_cycles: 0x1cd42e4dffb, max_idle_ns: 881590591483 ns
9月 04 01:17:58 lsj-VirtualBox kernel: tsc: Detected 2096.064 MHz processor
9月 04 01:17:58 lsj-VirtualBox kernel: e820: update [mem 0x00000000-0x00000fff] usable ==> reserved
9月 04 01:17:58 lsj-VirtualBox kernel: e820: remove [mem 0x000a0000-0x000fffff] usable
9月 04 01:17:58 lsj-VirtualBox kernel: last_pfn = 0x7fff0 max_arch_pfn = 0x400000000
9月 04 01:17:58 lsj-VirtualBox kernel: MTRRs disabled by BIOS
9月 04 01:17:58 lsj-VirtualBox kernel: x86/PAT: Configuration [0-7]: WB  WC  UC- UC  WB  WP  UC- WT  
9月 04 01:17:58 lsj-VirtualBox kernel: found SMP MP-table at [mem 0x0009fff0-0x0009ffff]
9月 04 01:17:58 lsj-VirtualBox kernel: RAMDISK: [mem 0x3029f000-0x34146fff]
9月 04 01:17:58 lsj-VirtualBox kernel: ACPI: Early table checksum verification disabled
9月 04 01:17:58 lsj-VirtualBox kernel: ACPI: RSDP 0x00000000000E0000 000024 (v02 VBOX  )
9月 04 01:17:58 lsj-VirtualBox kernel: ACPI: XSDT 0x000000007FFF0030 00003C (v01 VBOX   VBOXXSDT 00000001 ASL  00000061)
9月 04 01:17:58 lsj-VirtualBox kernel: ACPI: FACP 0x000000007FFF00F0 0000F4 (v04 VBOX   VBOXFACP 00000001 ASL  00000061)
9月 04 01:17:58 lsj-VirtualBox kernel: ACPI: DSDT 0x000000007FFF0620 002353 (v02 VBOX   VBOXBIOS 00000002 INTL 20100528)
9月 04 01:17:58 lsj-VirtualBox kernel: ACPI: FACS 0x000000007FFF0200 000040
9月 04 01:17:58 lsj-VirtualBox kernel: ACPI: FACS 0x000000007FFF0200 000040
9月 04 01:17:58 lsj-VirtualBox kernel: ACPI: APIC 0x000000007FFF0240 00006C (v02 VBOX   VBOXAPIC 00000001 ASL  00000061)
9月 04 01:17:58 lsj-VirtualBox kernel: ACPI: SSDT 0x000000007FFF02B0 00036C (v01 VBOX   VBOXCPUT 00000002 INTL 20100528)
9月 04 01:17:58 lsj-VirtualBox kernel: ACPI: Reserving FACP table memory at [mem 0x7fff00f0-0x7fff01e3]
9月 04 01:17:58 lsj-VirtualBox kernel: ACPI: Reserving DSDT table memory at [mem 0x7fff0620-0x7fff2972]
9月 04 01:17:58 lsj-VirtualBox kernel: ACPI: Reserving FACS table memory at [mem 0x7fff0200-0x7fff023f]
9月 04 01:17:58 lsj-VirtualBox kernel: ACPI: Reserving FACS table memory at [mem 0x7fff0200-0x7fff023f]
9月 04 01:17:58 lsj-VirtualBox kernel: ACPI: Reserving APIC table memory at [mem 0x7fff0240-0x7fff02ab]
9月 04 01:17:58 lsj-VirtualBox kernel: ACPI: Reserving SSDT table memory at [mem 0x7fff02b0-0x7fff061b]
9月 04 01:17:58 lsj-VirtualBox kernel: No NUMA configuration found
9月 04 01:17:58 lsj-VirtualBox kernel: Faking a node at [mem 0x0000000000000000-0x000000007ffeffff]
9月 04 01:17:58 lsj-VirtualBox kernel: NODE_DATA(0) allocated [mem 0x7ffc5000-0x7ffeffff]
9月 04 01:17:58 lsj-VirtualBox kernel: Zone ranges:
9月 04 01:17:58 lsj-VirtualBox kernel:   DMA      [mem 0x0000000000001000-0x0000000000ffffff]
9月 04 01:17:58 lsj-VirtualBox kernel:   DMA32    [mem 0x0000000001000000-0x000000007ffeffff]
9月 04 01:17:58 lsj-VirtualBox kernel:   Normal   empty
9月 04 01:17:58 lsj-VirtualBox kernel:   Device   empty
9月 04 01:17:58 lsj-VirtualBox kernel: Movable zone start for each node
9月 04 01:17:58 lsj-VirtualBox kernel: Early memory node ranges
9月 04 01:17:58 lsj-VirtualBox kernel:   node   0: [mem 0x0000000000001000-0x000000000009efff]
9月 04 01:17:58 lsj-VirtualBox kernel:   node   0: [mem 0x0000000000100000-0x000000007ffeffff]
9月 04 01:17:58 lsj-VirtualBox kernel: Initmem setup node 0 [mem 0x0000000000001000-0x000000007ffeffff]
9月 04 01:17:58 lsj-VirtualBox kernel: On node 0, zone DMA: 1 pages in unavailable ranges
9月 04 01:17:58 lsj-VirtualBox kernel: On node 0, zone DMA: 97 pages in unavailable ranges
9月 04 01:17:58 lsj-VirtualBox kernel: On node 0, zone DMA32: 16 pages in unavailable ranges
9月 04 01:17:58 lsj-VirtualBox kernel: ACPI: PM-Timer IO Port: 0x4008
9月 04 01:17:58 lsj-VirtualBox kernel: IOAPIC[0]: apic_id 4, version 32, address 0xfec00000, GSI 0-23
9月 04 01:17:58 lsj-VirtualBox kernel: ACPI: INT_SRC_OVR (bus 0 bus_irq 0 global_irq 2 dfl dfl)
9月 04 01:17:58 lsj-VirtualBox kernel: ACPI: INT_SRC_OVR (bus 0 bus_irq 9 global_irq 9 low level)
9月 04 01:17:58 lsj-VirtualBox kernel: ACPI: Using ACPI (MADT) for SMP configuration information
9月 04 01:17:58 lsj-VirtualBox kernel: smpboot: Allowing 4 CPUs, 0 hotplug CPUs
9月 04 01:17:58 lsj-VirtualBox kernel: PM: hibernation: Registered nosave memory: [mem 0x00000000-0x00000fff]
9月 04 01:17:58 lsj-VirtualBox kernel: PM: hibernation: Registered nosave memory: [mem 0x0009f000-0x0009ffff]
9月 04 01:17:58 lsj-VirtualBox kernel: PM: hibernation: Registered nosave memory: [mem 0x000a0000-0x000effff]
9月 04 01:17:58 lsj-VirtualBox kernel: PM: hibernation: Registered nosave memory: [mem 0x000f0000-0x000fffff]
9月 04 01:17:58 lsj-VirtualBox kernel: [mem 0x80000000-0xfebfffff] available for PCI devices
9月 04 01:17:58 lsj-VirtualBox kernel: Booting paravirtualized kernel on KVM
9月 04 01:17:58 lsj-VirtualBox kernel: clocksource: refined-jiffies: mask: 0xffffffff max_cycles: 0xffffffff, max_idle_ns: 1910969940391419 ns
9月 04 01:17:58 lsj-VirtualBox kernel: setup_percpu: NR_CPUS:8192 nr_cpumask_bits:4 nr_cpu_ids:4 nr_node_ids:1
9月 04 01:17:58 lsj-VirtualBox kernel: percpu: Embedded 86 pages/cpu s229376 r8192 d114688 u524288
9月 04 01:17:58 lsj-VirtualBox kernel: pcpu-alloc: s229376 r8192 d114688 u524288 alloc=1*2097152
9月 04 01:17:58 lsj-VirtualBox kernel: pcpu-alloc: [0] 0 1 2 3 
9月 04 01:17:58 lsj-VirtualBox kernel: kvm-guest: PV spinlocks enabled
9月 04 01:17:58 lsj-VirtualBox kernel: PV qspinlock hash table entries: 256 (order: 0, 4096 bytes, linear)
9月 04 01:17:58 lsj-VirtualBox kernel: Kernel command line: BOOT_IMAGE=/boot/vmlinuz-6.8.0-41-generic root=UUID=dab7ee4c-255d-407a-9d8b-62ce20b560be ro quiet splash
9月 04 01:17:58 lsj-VirtualBox kernel: Unknown kernel command line parameters "splash BOOT_IMAGE=/boot/vmlinuz-6.8.0-41-generic", will be passed to user space.
9月 04 01:17:58 lsj-VirtualBox kernel: random: crng init done
9月 04 01:17:58 lsj-VirtualBox kernel: Dentry cache hash table entries: 262144 (order: 9, 2097152 bytes, linear)
9月 04 01:17:58 lsj-VirtualBox kernel: Inode-cache hash table entries: 131072 (order: 8, 1048576 bytes, linear)
9月 04 01:17:58 lsj-VirtualBox kernel: Fallback order for Node 0: 0 
9月 04 01:17:58 lsj-VirtualBox kernel: Built 1 zonelists, mobility grouping on.  Total pages: 515824
9月 04 01:17:58 lsj-VirtualBox kernel: Policy zone: DMA32
9月 04 01:17:58 lsj-VirtualBox kernel: mem auto-init: stack:all(zero), heap alloc:on, heap free:off
9月 04 01:17:58 lsj-VirtualBox kernel: Memory: 1942904K/2096696K available (22528K kernel code, 4441K rwdata, 14308K rodata, 4972K init, 4736K bss, 153532K reserved, 0K cma-reserved)
9月 04 01:17:58 lsj-VirtualBox kernel: SLUB: HWalign=64, Order=0-3, MinObjects=0, CPUs=4, Nodes=1
9月 04 01:17:58 lsj-VirtualBox kernel: ftrace: allocating 57864 entries in 227 pages
9月 04 01:17:58 lsj-VirtualBox kernel: ftrace: allocated 227 pages with 5 groups
9月 04 01:17:58 lsj-VirtualBox kernel: Dynamic Preempt: voluntary
9月 04 01:17:58 lsj-VirtualBox kernel: rcu: Preemptible hierarchical RCU implementation.
9月 04 01:17:58 lsj-VirtualBox kernel: rcu:         RCU restricting CPUs from NR_CPUS=8192 to nr_cpu_ids=4.
9月 04 01:17:58 lsj-VirtualBox kernel:         Trampoline variant of Tasks RCU enabled.
9月 04 01:17:58 lsj-VirtualBox kernel:         Rude variant of Tasks RCU enabled.
9月 04 01:17:58 lsj-VirtualBox kernel:         Tracing variant of Tasks RCU enabled.
9月 04 01:17:58 lsj-VirtualBox kernel: rcu: RCU calculated value of scheduler-enlistment delay is 100 jiffies.
9月 04 01:17:58 lsj-VirtualBox kernel: rcu: Adjusting geometry for rcu_fanout_leaf=16, nr_cpu_ids=4
9月 04 01:17:58 lsj-VirtualBox kernel: NR_IRQS: 524544, nr_irqs: 456, preallocated irqs: 16
9月 04 01:17:58 lsj-VirtualBox kernel: rcu: srcu_init: Setting srcu_struct sizes based on contention.
9月 04 01:17:58 lsj-VirtualBox kernel: Console: colour VGA+ 80x25
9月 04 01:17:58 lsj-VirtualBox kernel: printk: legacy console [tty0] enabled
9月 04 01:17:58 lsj-VirtualBox kernel: ACPI: Core revision 20230628
9月 04 01:17:58 lsj-VirtualBox kernel: APIC: Switch to symmetric I/O mode setup
9月 04 01:17:58 lsj-VirtualBox kernel: x2apic enabled
9月 04 01:17:58 lsj-VirtualBox kernel: APIC: Switched APIC routing to: physical x2apic
9月 04 01:17:58 lsj-VirtualBox kernel: ..TIMER: vector=0x30 apic1=0 pin1=2 apic2=-1 pin2=-1
9月 04 01:17:58 lsj-VirtualBox kernel: clocksource: tsc-early: mask: 0xffffffffffffffff max_cycles: 0x1e36aa4f9f7, max_idle_ns: 440795294663 ns
9月 04 01:17:58 lsj-VirtualBox kernel: Calibrating delay loop (skipped) preset value.. 4192.12 BogoMIPS (lpj=2096064)
9月 04 01:17:58 lsj-VirtualBox kernel: Last level iTLB entries: 4KB 1024, 2MB 1024, 4MB 512
9月 04 01:17:58 lsj-VirtualBox kernel: Last level dTLB entries: 4KB 2048, 2MB 2048, 4MB 1024, 1GB 0
9月 04 01:17:58 lsj-VirtualBox kernel: Spectre V1 : Mitigation: usercopy/swapgs barriers and __user pointer sanitization
9月 04 01:17:58 lsj-VirtualBox kernel: Spectre V2 : Mitigation: Retpolines
9月 04 01:17:58 lsj-VirtualBox kernel: Spectre V2 : Spectre v2 / SpectreRSB mitigation: Filling RSB on context switch
9月 04 01:17:58 lsj-VirtualBox kernel: Spectre V2 : Spectre v2 / SpectreRSB : Filling RSB on VMEXIT
9月 04 01:17:58 lsj-VirtualBox kernel: RETBleed: Mitigation: untrained return thunk
9月 04 01:17:58 lsj-VirtualBox kernel: Speculative Return Stack Overflow: IBPB-extending microcode not applied!
9月 04 01:17:58 lsj-VirtualBox kernel: Speculative Return Stack Overflow: WARNING: See https://kernel.org/doc/html/latest/admin-guide/hw-vuln/srso.html for mitigation options.
9月 04 01:17:58 lsj-VirtualBox kernel: Speculative Return Stack Overflow: Vulnerable: Safe RET, no microcode
9月 04 01:17:58 lsj-VirtualBox kernel: x86/fpu: Supporting XSAVE feature 0x001: 'x87 floating point registers'
9月 04 01:17:58 lsj-VirtualBox kernel: x86/fpu: Supporting XSAVE feature 0x002: 'SSE registers'
9月 04 01:17:58 lsj-VirtualBox kernel: x86/fpu: Supporting XSAVE feature 0x004: 'AVX registers'
9月 04 01:17:58 lsj-VirtualBox kernel: x86/fpu: xstate_offset[2]:  576, xstate_sizes[2]:  256
9月 04 01:17:58 lsj-VirtualBox kernel: x86/fpu: Enabled xstate features 0x7, context size is 832 bytes, using 'standard' format.
9月 04 01:17:58 lsj-VirtualBox kernel: Freeing SMP alternatives memory: 48K
9月 04 01:17:58 lsj-VirtualBox kernel: pid_max: default: 32768 minimum: 301
9月 04 01:17:58 lsj-VirtualBox kernel: LSM: initializing lsm=lockdown,capability,landlock,yama,apparmor,integrity
9月 04 01:17:58 lsj-VirtualBox kernel: landlock: Up and running.
9月 04 01:17:58 lsj-VirtualBox kernel: Yama: becoming mindful.
9月 04 01:17:58 lsj-VirtualBox kernel: AppArmor: AppArmor initialized
9月 04 01:17:58 lsj-VirtualBox kernel: Mount-cache hash table entries: 4096 (order: 3, 32768 bytes, linear)
9月 04 01:17:58 lsj-VirtualBox kernel: Mountpoint-cache hash table entries: 4096 (order: 3, 32768 bytes, linear)
9月 04 01:17:58 lsj-VirtualBox kernel: APIC calibration not consistent with PM-Timer: 127ms instead of 100ms
9月 04 01:17:58 lsj-VirtualBox kernel: APIC delta adjusted to PM-Timer: 6295310 (7998780)
9月 04 01:17:58 lsj-VirtualBox kernel: smpboot: CPU0: AMD Ryzen 5 5500U with Radeon Graphics (family: 0x17, model: 0x68, stepping: 0x1)
9月 04 01:17:58 lsj-VirtualBox kernel: RCU Tasks: Setting shift to 2 and lim to 1 rcu_task_cb_adjust=1.
9月 04 01:17:58 lsj-VirtualBox kernel: RCU Tasks Rude: Setting shift to 2 and lim to 1 rcu_task_cb_adjust=1.
9月 04 01:17:58 lsj-VirtualBox kernel: RCU Tasks Trace: Setting shift to 2 and lim to 1 rcu_task_cb_adjust=1.
9月 04 01:17:58 lsj-VirtualBox kernel: Performance Events: PMU not available due to virtualization, using software events only.
9月 04 01:17:58 lsj-VirtualBox kernel: signal: max sigframe size: 1776
9月 04 01:17:58 lsj-VirtualBox kernel: rcu: Hierarchical SRCU implementation.
9月 04 01:17:58 lsj-VirtualBox kernel: rcu:         Max phase no-delay instances is 400.
9月 04 01:17:58 lsj-VirtualBox kernel: NMI watchdog: Perf NMI watchdog permanently disabled
9月 04 01:17:58 lsj-VirtualBox kernel: smp: Bringing up secondary CPUs ...
9月 04 01:17:58 lsj-VirtualBox kernel: smpboot: x86: Booting SMP configuration:
9月 04 01:17:58 lsj-VirtualBox kernel: .... node  #0, CPUs:      #1 #2 #3
9月 04 01:17:58 lsj-VirtualBox kernel: smp: Brought up 1 node, 4 CPUs
9月 04 01:17:58 lsj-VirtualBox kernel: smpboot: Max logical packages: 1
9月 04 01:17:58 lsj-VirtualBox kernel: smpboot: Total of 4 processors activated (16768.51 BogoMIPS)
9月 04 01:17:58 lsj-VirtualBox kernel: devtmpfs: initialized
9月 04 01:17:58 lsj-VirtualBox kernel: x86/mm: Memory block size: 128MB
9月 04 01:17:58 lsj-VirtualBox kernel: clocksource: jiffies: mask: 0xffffffff max_cycles: 0xffffffff, max_idle_ns: 1911260446275000 ns
9月 04 01:17:58 lsj-VirtualBox kernel: futex hash table entries: 1024 (order: 4, 65536 bytes, linear)
9月 04 01:17:58 lsj-VirtualBox kernel: pinctrl core: initialized pinctrl subsystem
9月 04 01:17:58 lsj-VirtualBox kernel: PM: RTC time: 17:17:54, date: 2024-09-03
9月 04 01:17:58 lsj-VirtualBox kernel: NET: Registered PF_NETLINK/PF_ROUTE protocol family
9月 04 01:17:58 lsj-VirtualBox kernel: DMA: preallocated 256 KiB GFP_KERNEL pool for atomic allocations
9月 04 01:17:58 lsj-VirtualBox kernel: DMA: preallocated 256 KiB GFP_KERNEL|GFP_DMA pool for atomic allocations
9月 04 01:17:58 lsj-VirtualBox kernel: DMA: preallocated 256 KiB GFP_KERNEL|GFP_DMA32 pool for atomic allocations
9月 04 01:17:58 lsj-VirtualBox kernel: audit: initializing netlink subsys (disabled)
9月 04 01:17:58 lsj-VirtualBox kernel: audit: type=2000 audit(1725383879.841:1): state=initialized audit_enabled=0 res=1
9月 04 01:17:58 lsj-VirtualBox kernel: thermal_sys: Registered thermal governor 'fair_share'
9月 04 01:17:58 lsj-VirtualBox kernel: thermal_sys: Registered thermal governor 'bang_bang'
9月 04 01:17:58 lsj-VirtualBox kernel: thermal_sys: Registered thermal governor 'step_wise'
9月 04 01:17:58 lsj-VirtualBox kernel: thermal_sys: Registered thermal governor 'user_space'
9月 04 01:17:58 lsj-VirtualBox kernel: thermal_sys: Registered thermal governor 'power_allocator'
9月 04 01:17:58 lsj-VirtualBox kernel: EISA bus registered
9月 04 01:17:58 lsj-VirtualBox kernel: cpuidle: using governor ladder
9月 04 01:17:58 lsj-VirtualBox kernel: cpuidle: using governor menu
9月 04 01:17:58 lsj-VirtualBox kernel: acpiphp: ACPI Hot Plug PCI Controller Driver version: 0.5
9月 04 01:17:58 lsj-VirtualBox kernel: PCI: Using configuration type 1 for base access
9月 04 01:17:58 lsj-VirtualBox kernel: PCI: Using configuration type 1 for extended access
9月 04 01:17:58 lsj-VirtualBox kernel: kprobes: kprobe jump-optimization is enabled. All kprobes are optimized if possible.
9月 04 01:17:58 lsj-VirtualBox kernel: HugeTLB: registered 2.00 MiB page size, pre-allocated 0 pages
9月 04 01:17:58 lsj-VirtualBox kernel: HugeTLB: 28 KiB vmemmap can be freed for a 2.00 MiB page
9月 04 01:17:58 lsj-VirtualBox kernel: ACPI: Added _OSI(Module Device)
9月 04 01:17:58 lsj-VirtualBox kernel: ACPI: Added _OSI(Processor Device)
9月 04 01:17:58 lsj-VirtualBox kernel: ACPI: Added _OSI(3.0 _SCP Extensions)
9月 04 01:17:58 lsj-VirtualBox kernel: ACPI: Added _OSI(Processor Aggregator Device)
9月 04 01:17:58 lsj-VirtualBox kernel: ACPI: 2 ACPI AML tables successfully acquired and loaded
9月 04 01:17:58 lsj-VirtualBox kernel: ACPI: _OSC evaluation for CPUs failed, trying _PDC
9月 04 01:17:58 lsj-VirtualBox kernel: ACPI: Interpreter enabled
9月 04 01:17:58 lsj-VirtualBox kernel: ACPI: PM: (supports S0 S5)
9月 04 01:17:58 lsj-VirtualBox kernel: ACPI: Using IOAPIC for interrupt routing
9月 04 01:17:58 lsj-VirtualBox kernel: PCI: Using host bridge windows from ACPI; if necessary, use "pci=nocrs" and report a bug
9月 04 01:17:58 lsj-VirtualBox kernel: PCI: Using E820 reservations for host bridge windows
9月 04 01:17:58 lsj-VirtualBox kernel: ACPI: Enabled 2 GPEs in block 00 to 07
9月 04 01:17:58 lsj-VirtualBox kernel: ACPI: PCI Root Bridge [PCI0] (domain 0000 [bus 00-ff])
9月 04 01:17:58 lsj-VirtualBox kernel: acpi PNP0A03:00: _OSC: OS supports [ExtendedConfig ASPM ClockPM Segments MSI EDR HPX-Type3]
9月 04 01:17:58 lsj-VirtualBox kernel: acpi PNP0A03:00: _OSC: platform does not support [PCIeCapability LTR DPC]
9月 04 01:17:58 lsj-VirtualBox kernel: acpi PNP0A03:00: _OSC: not requesting control; platform does not support [PCIeCapability]
9月 04 01:17:58 lsj-VirtualBox kernel: acpi PNP0A03:00: _OSC: OS requested [PCIeHotplug SHPCHotplug PME AER PCIeCapability LTR DPC]
9月 04 01:17:58 lsj-VirtualBox kernel: acpi PNP0A03:00: _OSC: platform willing to grant [PCIeHotplug SHPCHotplug PME AER]
9月 04 01:17:58 lsj-VirtualBox kernel: acpi PNP0A03:00: _OSC: platform retains control of PCIe features (AE_SUPPORT)
9月 04 01:17:58 lsj-VirtualBox kernel: PCI host bridge to bus 0000:00
9月 04 01:17:58 lsj-VirtualBox kernel: pci_bus 0000:00: root bus resource [io  0x0000-0x0cf7 window]
9月 04 01:17:58 lsj-VirtualBox kernel: pci_bus 0000:00: root bus resource [io  0x0d00-0xffff window]
9月 04 01:17:58 lsj-VirtualBox kernel: pci_bus 0000:00: root bus resource [mem 0x000a0000-0x000bffff window]
9月 04 01:17:58 lsj-VirtualBox kernel: pci_bus 0000:00: root bus resource [mem 0x80000000-0xfdffffff window]
9月 04 01:17:58 lsj-VirtualBox kernel: pci_bus 0000:00: root bus resource [bus 00-ff]
9月 04 01:17:58 lsj-VirtualBox kernel: pci 0000:00:00.0: [8086:1237] type 00 class 0x060000 conventional PCI endpoint
9月 04 01:17:58 lsj-VirtualBox kernel: pci 0000:00:01.0: [8086:7000] type 00 class 0x060100 conventional PCI endpoint
9月 04 01:17:58 lsj-VirtualBox kernel: pci 0000:00:01.1: [8086:7111] type 00 class 0x01018a conventional PCI endpoint
9月 04 01:17:58 lsj-VirtualBox kernel: pci 0000:00:01.1: BAR 4 [io  0xd000-0xd00f]
9月 04 01:17:58 lsj-VirtualBox kernel: pci 0000:00:01.1: BAR 0 [io  0x01f0-0x01f7]: legacy IDE quirk
9月 04 01:17:58 lsj-VirtualBox kernel: pci 0000:00:01.1: BAR 1 [io  0x03f6]: legacy IDE quirk
9月 04 01:17:58 lsj-VirtualBox kernel: pci 0000:00:01.1: BAR 2 [io  0x0170-0x0177]: legacy IDE quirk
9月 04 01:17:58 lsj-VirtualBox kernel: pci 0000:00:01.1: BAR 3 [io  0x0376]: legacy IDE quirk
9月 04 01:17:58 lsj-VirtualBox kernel: pci 0000:00:02.0: [15ad:0405] type 00 class 0x030000 conventional PCI endpoint
9月 04 01:17:58 lsj-VirtualBox kernel: pci 0000:00:02.0: BAR 0 [io  0xd010-0xd01f]
9月 04 01:17:58 lsj-VirtualBox kernel: pci 0000:00:02.0: BAR 1 [mem 0xe0000000-0xe7ffffff pref]
9月 04 01:17:58 lsj-VirtualBox kernel: pci 0000:00:02.0: BAR 2 [mem 0xf0000000-0xf01fffff]
9月 04 01:17:58 lsj-VirtualBox kernel: pci 0000:00:02.0: Video device with shadowed ROM at [mem 0x000c0000-0x000dffff]
9月 04 01:17:58 lsj-VirtualBox kernel: pci 0000:00:03.0: [8086:100e] type 00 class 0x020000 conventional PCI endpoint
9月 04 01:17:58 lsj-VirtualBox kernel: pci 0000:00:03.0: BAR 0 [mem 0xf0200000-0xf021ffff]
9月 04 01:17:58 lsj-VirtualBox kernel: pci 0000:00:03.0: BAR 2 [io  0xd020-0xd027]
9月 04 01:17:58 lsj-VirtualBox kernel: pci 0000:00:04.0: [80ee:cafe] type 00 class 0x088000 conventional PCI endpoint
9月 04 01:17:58 lsj-VirtualBox kernel: pci 0000:00:04.0: BAR 0 [io  0xd040-0xd05f]
9月 04 01:17:58 lsj-VirtualBox kernel: pci 0000:00:04.0: BAR 1 [mem 0xf0400000-0xf07fffff]
9月 04 01:17:58 lsj-VirtualBox kernel: pci 0000:00:04.0: BAR 2 [mem 0xf0800000-0xf0803fff pref]
9月 04 01:17:58 lsj-VirtualBox kernel: pci 0000:00:06.0: [106b:003f] type 00 class 0x0c0310 conventional PCI endpoint
9月 04 01:17:58 lsj-VirtualBox kernel: pci 0000:00:06.0: BAR 0 [mem 0xf0804000-0xf0804fff]
9月 04 01:17:58 lsj-VirtualBox kernel: pci 0000:00:07.0: [8086:7113] type 00 class 0x068000 conventional PCI endpoint
9月 04 01:17:58 lsj-VirtualBox kernel: pci 0000:00:07.0: quirk: [io  0x4000-0x403f] claimed by PIIX4 ACPI
9月 04 01:17:58 lsj-VirtualBox kernel: pci 0000:00:07.0: quirk: [io  0x4100-0x410f] claimed by PIIX4 SMB
9月 04 01:17:58 lsj-VirtualBox kernel: pci 0000:00:0b.0: [8086:265c] type 00 class 0x0c0320 conventional PCI endpoint
9月 04 01:17:58 lsj-VirtualBox kernel: pci 0000:00:0b.0: BAR 0 [mem 0xf0805000-0xf0805fff]
9月 04 01:17:58 lsj-VirtualBox kernel: pci 0000:00:0d.0: [8086:2829] type 00 class 0x010601 conventional PCI endpoint
9月 04 01:17:58 lsj-VirtualBox kernel: pci 0000:00:0d.0: BAR 0 [io  0xd060-0xd067]
9月 04 01:17:58 lsj-VirtualBox kernel: pci 0000:00:0d.0: BAR 1 [io  0xd068-0xd06b]
9月 04 01:17:58 lsj-VirtualBox kernel: pci 0000:00:0d.0: BAR 2 [io  0xd070-0xd077]
9月 04 01:17:58 lsj-VirtualBox kernel: pci 0000:00:0d.0: BAR 3 [io  0xd078-0xd07b]
9月 04 01:17:58 lsj-VirtualBox kernel: pci 0000:00:0d.0: BAR 4 [io  0xd080-0xd08f]
9月 04 01:17:58 lsj-VirtualBox kernel: pci 0000:00:0d.0: BAR 5 [mem 0xf0806000-0xf0807fff]
9月 04 01:17:58 lsj-VirtualBox kernel: ACPI: PCI: Interrupt link LNKA configured for IRQ 11
9月 04 01:17:58 lsj-VirtualBox kernel: ACPI: PCI: Interrupt link LNKB configured for IRQ 10
9月 04 01:17:58 lsj-VirtualBox kernel: ACPI: PCI: Interrupt link LNKC configured for IRQ 9
9月 04 01:17:58 lsj-VirtualBox kernel: ACPI: PCI: Interrupt link LNKD configured for IRQ 11
9月 04 01:17:58 lsj-VirtualBox kernel: iommu: Default domain type: Translated
9月 04 01:17:58 lsj-VirtualBox kernel: iommu: DMA domain TLB invalidation policy: lazy mode
9月 04 01:17:58 lsj-VirtualBox kernel: SCSI subsystem initialized
9月 04 01:17:58 lsj-VirtualBox kernel: libata version 3.00 loaded.
9月 04 01:17:58 lsj-VirtualBox kernel: ACPI: bus type USB registered
9月 04 01:17:58 lsj-VirtualBox kernel: usbcore: registered new interface driver usbfs
9月 04 01:17:58 lsj-VirtualBox kernel: usbcore: registered new interface driver hub
9月 04 01:17:58 lsj-VirtualBox kernel: usbcore: registered new device driver usb
9月 04 01:17:58 lsj-VirtualBox kernel: pps_core: LinuxPPS API ver. 1 registered
9月 04 01:17:58 lsj-VirtualBox kernel: pps_core: Software ver. 5.3.6 - Copyright 2005-2007 Rodolfo Giometti <giometti@linux.it>
9月 04 01:17:58 lsj-VirtualBox kernel: PTP clock support registered
9月 04 01:17:58 lsj-VirtualBox kernel: EDAC MC: Ver: 3.0.0
9月 04 01:17:58 lsj-VirtualBox kernel: NetLabel: Initializing
9月 04 01:17:58 lsj-VirtualBox kernel: NetLabel:  domain hash size = 128
9月 04 01:17:58 lsj-VirtualBox kernel: NetLabel:  protocols = UNLABELED CIPSOv4 CALIPSO
9月 04 01:17:58 lsj-VirtualBox kernel: NetLabel:  unlabeled traffic allowed by default
9月 04 01:17:58 lsj-VirtualBox kernel: mctp: management component transport protocol core
9月 04 01:17:58 lsj-VirtualBox kernel: NET: Registered PF_MCTP protocol family
9月 04 01:17:58 lsj-VirtualBox kernel: PCI: Using ACPI for IRQ routing
9月 04 01:17:58 lsj-VirtualBox kernel: PCI: pci_cache_line_size set to 64 bytes
9月 04 01:17:58 lsj-VirtualBox kernel: e820: reserve RAM buffer [mem 0x0009fc00-0x0009ffff]
9月 04 01:17:58 lsj-VirtualBox kernel: e820: reserve RAM buffer [mem 0x7fff0000-0x7fffffff]
9月 04 01:17:58 lsj-VirtualBox kernel: pci 0000:00:02.0: vgaarb: setting as boot VGA device
9月 04 01:17:58 lsj-VirtualBox kernel: pci 0000:00:02.0: vgaarb: bridge control possible
9月 04 01:17:58 lsj-VirtualBox kernel: pci 0000:00:02.0: vgaarb: VGA device added: decodes=io+mem,owns=io+mem,locks=none
9月 04 01:17:58 lsj-VirtualBox kernel: vgaarb: loaded
9月 04 01:17:58 lsj-VirtualBox kernel: clocksource: Switched to clocksource kvm-clock
9月 04 01:17:58 lsj-VirtualBox kernel: VFS: Disk quotas dquot_6.6.0
9月 04 01:17:58 lsj-VirtualBox kernel: VFS: Dquot-cache hash table entries: 512 (order 0, 4096 bytes)
9月 04 01:17:58 lsj-VirtualBox kernel: AppArmor: AppArmor Filesystem Enabled
9月 04 01:17:58 lsj-VirtualBox kernel: pnp: PnP ACPI init
9月 04 01:17:58 lsj-VirtualBox kernel: pnp: PnP ACPI: found 2 devices
9月 04 01:17:58 lsj-VirtualBox kernel: clocksource: acpi_pm: mask: 0xffffff max_cycles: 0xffffff, max_idle_ns: 2085701024 ns
9月 04 01:17:58 lsj-VirtualBox kernel: NET: Registered PF_INET protocol family
9月 04 01:17:58 lsj-VirtualBox kernel: IP idents hash table entries: 32768 (order: 6, 262144 bytes, linear)
9月 04 01:17:58 lsj-VirtualBox kernel: tcp_listen_portaddr_hash hash table entries: 1024 (order: 2, 16384 bytes, linear)
9月 04 01:17:58 lsj-VirtualBox kernel: Table-perturb hash table entries: 65536 (order: 6, 262144 bytes, linear)
9月 04 01:17:58 lsj-VirtualBox kernel: TCP established hash table entries: 16384 (order: 5, 131072 bytes, linear)
9月 04 01:17:58 lsj-VirtualBox kernel: TCP bind hash table entries: 16384 (order: 7, 524288 bytes, linear)
9月 04 01:17:58 lsj-VirtualBox kernel: TCP: Hash tables configured (established 16384 bind 16384)
9月 04 01:17:58 lsj-VirtualBox kernel: MPTCP token hash table entries: 2048 (order: 3, 49152 bytes, linear)
9月 04 01:17:58 lsj-VirtualBox kernel: UDP hash table entries: 1024 (order: 3, 32768 bytes, linear)
9月 04 01:17:58 lsj-VirtualBox kernel: UDP-Lite hash table entries: 1024 (order: 3, 32768 bytes, linear)
9月 04 01:17:58 lsj-VirtualBox kernel: NET: Registered PF_UNIX/PF_LOCAL protocol family
9月 04 01:17:58 lsj-VirtualBox kernel: NET: Registered PF_XDP protocol family
9月 04 01:17:58 lsj-VirtualBox kernel: pci_bus 0000:00: resource 4 [io  0x0000-0x0cf7 window]
9月 04 01:17:58 lsj-VirtualBox kernel: pci_bus 0000:00: resource 5 [io  0x0d00-0xffff window]
9月 04 01:17:58 lsj-VirtualBox kernel: pci_bus 0000:00: resource 6 [mem 0x000a0000-0x000bffff window]
9月 04 01:17:58 lsj-VirtualBox kernel: pci_bus 0000:00: resource 7 [mem 0x80000000-0xfdffffff window]
9月 04 01:17:58 lsj-VirtualBox kernel: pci 0000:00:00.0: Limiting direct PCI/PCI transfers
9月 04 01:17:58 lsj-VirtualBox kernel: PCI: CLS 0 bytes, default 64
9月 04 01:17:58 lsj-VirtualBox kernel: clocksource: tsc: mask: 0xffffffffffffffff max_cycles: 0x1e36aa4f9f7, max_idle_ns: 440795294663 ns
9月 04 01:17:58 lsj-VirtualBox kernel: clocksource: Switched to clocksource tsc
9月 04 01:17:58 lsj-VirtualBox kernel: Trying to unpack rootfs image as initramfs...
9月 04 01:17:58 lsj-VirtualBox kernel: platform rtc_cmos: registered platform RTC device (no PNP device found)
9月 04 01:17:58 lsj-VirtualBox kernel: Initialise system trusted keyrings
9月 04 01:17:58 lsj-VirtualBox kernel: Key type blacklist registered
9月 04 01:17:58 lsj-VirtualBox kernel: workingset: timestamp_bits=36 max_order=19 bucket_order=0
9月 04 01:17:58 lsj-VirtualBox kernel: zbud: loaded
9月 04 01:17:58 lsj-VirtualBox kernel: squashfs: version 4.0 (2009/01/31) Phillip Lougher
9月 04 01:17:58 lsj-VirtualBox kernel: fuse: init (API version 7.39)
9月 04 01:17:58 lsj-VirtualBox kernel: integrity: Platform Keyring initialized
9月 04 01:17:58 lsj-VirtualBox kernel: integrity: Machine keyring initialized
9月 04 01:17:58 lsj-VirtualBox kernel: Key type asymmetric registered
9月 04 01:17:58 lsj-VirtualBox kernel: Asymmetric key parser 'x509' registered
9月 04 01:17:58 lsj-VirtualBox kernel: Block layer SCSI generic (bsg) driver version 0.4 loaded (major 243)
9月 04 01:17:58 lsj-VirtualBox kernel: io scheduler mq-deadline registered
9月 04 01:17:58 lsj-VirtualBox kernel: shpchp: Standard Hot Plug PCI Controller Driver version: 0.4
9月 04 01:17:58 lsj-VirtualBox kernel: ACPI: AC: AC Adapter [AC] (on-line)
9月 04 01:17:58 lsj-VirtualBox kernel: input: Power Button as /devices/LNXSYSTM:00/LNXPWRBN:00/input/input0
9月 04 01:17:58 lsj-VirtualBox kernel: ACPI: button: Power Button [PWRF]
9月 04 01:17:58 lsj-VirtualBox kernel: input: Sleep Button as /devices/LNXSYSTM:00/LNXSLPBN:00/input/input1
9月 04 01:17:58 lsj-VirtualBox kernel: ACPI: button: Sleep Button [SLPF]
9月 04 01:17:58 lsj-VirtualBox kernel: Serial: 8250/16550 driver, 32 ports, IRQ sharing enabled
9月 04 01:17:58 lsj-VirtualBox kernel: ACPI: battery: Slot [BAT0] (battery present)
9月 04 01:17:58 lsj-VirtualBox kernel: Linux agpgart interface v0.103
9月 04 01:17:58 lsj-VirtualBox kernel: loop: module loaded
9月 04 01:17:58 lsj-VirtualBox kernel: ata_piix 0000:00:01.1: version 2.13
9月 04 01:17:58 lsj-VirtualBox kernel: scsi host0: ata_piix
9月 04 01:17:58 lsj-VirtualBox kernel: scsi host1: ata_piix
9月 04 01:17:58 lsj-VirtualBox kernel: ata1: PATA max UDMA/33 cmd 0x1f0 ctl 0x3f6 bmdma 0xd000 irq 14 lpm-pol 0
9月 04 01:17:58 lsj-VirtualBox kernel: ata2: PATA max UDMA/33 cmd 0x170 ctl 0x376 bmdma 0xd008 irq 15 lpm-pol 0
9月 04 01:17:58 lsj-VirtualBox kernel: ACPI: bus type drm_connector registered
9月 04 01:17:58 lsj-VirtualBox kernel: tun: Universal TUN/TAP device driver, 1.6
9月 04 01:17:58 lsj-VirtualBox kernel: PPP generic driver version 2.4.2
9月 04 01:17:58 lsj-VirtualBox kernel: ohci-pci 0000:00:06.0: OHCI PCI host controller
9月 04 01:17:58 lsj-VirtualBox kernel: ohci-pci 0000:00:06.0: new USB bus registered, assigned bus number 1
9月 04 01:17:58 lsj-VirtualBox kernel: ohci-pci 0000:00:06.0: irq 22, io mem 0xf0804000
9月 04 01:17:58 lsj-VirtualBox kernel: usb usb1: New USB device found, idVendor=1d6b, idProduct=0001, bcdDevice= 6.08
9月 04 01:17:58 lsj-VirtualBox kernel: usb usb1: New USB device strings: Mfr=3, Product=2, SerialNumber=1
9月 04 01:17:58 lsj-VirtualBox kernel: usb usb1: Product: OHCI PCI host controller
9月 04 01:17:58 lsj-VirtualBox kernel: usb usb1: Manufacturer: Linux 6.8.0-41-generic ohci_hcd
9月 04 01:17:58 lsj-VirtualBox kernel: usb usb1: SerialNumber: 0000:00:06.0
9月 04 01:17:58 lsj-VirtualBox kernel: hub 1-0:1.0: USB hub found
9月 04 01:17:58 lsj-VirtualBox kernel: hub 1-0:1.0: 12 ports detected
9月 04 01:17:58 lsj-VirtualBox kernel: ehci-pci 0000:00:0b.0: EHCI Host Controller
9月 04 01:17:58 lsj-VirtualBox kernel: ehci-pci 0000:00:0b.0: new USB bus registered, assigned bus number 2
9月 04 01:17:58 lsj-VirtualBox kernel: i8042: PNP: PS/2 Controller [PNP0303:PS2K,PNP0f03:PS2M] at 0x60,0x64 irq 1,12
9月 04 01:17:58 lsj-VirtualBox kernel: ehci-pci 0000:00:0b.0: irq 19, io mem 0xf0805000
9月 04 01:17:58 lsj-VirtualBox kernel: serio: i8042 KBD port at 0x60,0x64 irq 1
9月 04 01:17:58 lsj-VirtualBox kernel: serio: i8042 AUX port at 0x60,0x64 irq 12
9月 04 01:17:58 lsj-VirtualBox kernel: mousedev: PS/2 mouse device common for all mice
9月 04 01:17:58 lsj-VirtualBox kernel: rtc_cmos rtc_cmos: registered as rtc0
9月 04 01:17:58 lsj-VirtualBox kernel: rtc_cmos rtc_cmos: setting system clock to 2024-09-03T17:17:54 UTC (1725383874)
9月 04 01:17:58 lsj-VirtualBox kernel: rtc_cmos rtc_cmos: alarms up to one day, 114 bytes nvram
9月 04 01:17:58 lsj-VirtualBox kernel: i2c_dev: i2c /dev entries driver
9月 04 01:17:58 lsj-VirtualBox kernel: device-mapper: core: CONFIG_IMA_DISABLE_HTABLE is disabled. Duplicate IMA measurements will not be recorded in the IMA log.
9月 04 01:17:58 lsj-VirtualBox kernel: device-mapper: uevent: version 1.0.3
9月 04 01:17:58 lsj-VirtualBox kernel: input: AT Translated Set 2 keyboard as /devices/platform/i8042/serio0/input/input2
9月 04 01:17:58 lsj-VirtualBox kernel: device-mapper: ioctl: 4.48.0-ioctl (2023-03-01) initialised: dm-devel@redhat.com
9月 04 01:17:58 lsj-VirtualBox kernel: platform eisa.0: Probing EISA bus 0
9月 04 01:17:58 lsj-VirtualBox kernel: platform eisa.0: EISA: Cannot allocate resource for mainboard
9月 04 01:17:58 lsj-VirtualBox kernel: platform eisa.0: Cannot allocate resource for EISA slot 1
9月 04 01:17:58 lsj-VirtualBox kernel: platform eisa.0: Cannot allocate resource for EISA slot 2
9月 04 01:17:58 lsj-VirtualBox kernel: platform eisa.0: Cannot allocate resource for EISA slot 3
9月 04 01:17:58 lsj-VirtualBox kernel: platform eisa.0: Cannot allocate resource for EISA slot 4
9月 04 01:17:58 lsj-VirtualBox kernel: platform eisa.0: Cannot allocate resource for EISA slot 5
9月 04 01:17:58 lsj-VirtualBox kernel: platform eisa.0: Cannot allocate resource for EISA slot 6
9月 04 01:17:58 lsj-VirtualBox kernel: platform eisa.0: Cannot allocate resource for EISA slot 7
9月 04 01:17:58 lsj-VirtualBox kernel: platform eisa.0: Cannot allocate resource for EISA slot 8
9月 04 01:17:58 lsj-VirtualBox kernel: platform eisa.0: EISA: Detected 0 cards
9月 04 01:17:58 lsj-VirtualBox kernel: amd_pstate: the _CPC object is not present in SBIOS or ACPI disabled
9月 04 01:17:58 lsj-VirtualBox kernel: ledtrig-cpu: registered to indicate activity on CPUs
9月 04 01:17:58 lsj-VirtualBox kernel: drop_monitor: Initializing network drop monitor service
9月 04 01:17:58 lsj-VirtualBox kernel: NET: Registered PF_INET6 protocol family
9月 04 01:17:58 lsj-VirtualBox kernel: ehci-pci 0000:00:0b.0: USB 2.0 started, EHCI 1.00
9月 04 01:17:58 lsj-VirtualBox kernel: usb usb2: New USB device found, idVendor=1d6b, idProduct=0002, bcdDevice= 6.08
9月 04 01:17:58 lsj-VirtualBox kernel: usb usb2: New USB device strings: Mfr=3, Product=2, SerialNumber=1
9月 04 01:17:58 lsj-VirtualBox kernel: usb usb2: Product: EHCI Host Controller
9月 04 01:17:58 lsj-VirtualBox kernel: usb usb2: Manufacturer: Linux 6.8.0-41-generic ehci_hcd
9月 04 01:17:58 lsj-VirtualBox kernel: usb usb2: SerialNumber: 0000:00:0b.0
9月 04 01:17:58 lsj-VirtualBox kernel: hub 2-0:1.0: USB hub found
9月 04 01:17:58 lsj-VirtualBox kernel: hub 2-0:1.0: 12 ports detected
9月 04 01:17:58 lsj-VirtualBox kernel: Freeing initrd memory: 64160K
9月 04 01:17:58 lsj-VirtualBox kernel: Segment Routing with IPv6
9月 04 01:17:58 lsj-VirtualBox kernel: In-situ OAM (IOAM) with IPv6
9月 04 01:17:58 lsj-VirtualBox kernel: NET: Registered PF_PACKET protocol family
9月 04 01:17:58 lsj-VirtualBox kernel: Key type dns_resolver registered
9月 04 01:17:58 lsj-VirtualBox kernel: IPI shorthand broadcast: enabled
9月 04 01:17:58 lsj-VirtualBox kernel: sched_clock: Marking stable (411354031, 8590625)->(501049753, -81105097)
9月 04 01:17:58 lsj-VirtualBox kernel: registered taskstats version 1
9月 04 01:17:58 lsj-VirtualBox kernel: Loading compiled-in X.509 certificates
9月 04 01:17:58 lsj-VirtualBox kernel: Loaded X.509 cert 'Build time autogenerated kernel key: d20b288af354b2a30a8094f4881ca576c390e95f'
9月 04 01:17:58 lsj-VirtualBox kernel: Loaded X.509 cert 'Canonical Ltd. Live Patch Signing: 14df34d1a87cf37625abec039ef2bf521249b969'
9月 04 01:17:58 lsj-VirtualBox kernel: Loaded X.509 cert 'Canonical Ltd. Kernel Module Signing: 88f752e560a1e0737e31163a466ad7b70a850c19'
9月 04 01:17:58 lsj-VirtualBox kernel: blacklist: Loading compiled-in revocation X.509 certificates
9月 04 01:17:58 lsj-VirtualBox kernel: Loaded X.509 cert 'Canonical Ltd. Secure Boot Signing: 61482aa2830d0ab2ad5af10b7250da9033ddcef0'
9月 04 01:17:58 lsj-VirtualBox kernel: Loaded X.509 cert 'Canonical Ltd. Secure Boot Signing (2017): 242ade75ac4a15e50d50c84b0d45ff3eae707a03'
9月 04 01:17:58 lsj-VirtualBox kernel: Loaded X.509 cert 'Canonical Ltd. Secure Boot Signing (ESM 2018): 365188c1d374d6b07c3c8f240f8ef722433d6a8b'
9月 04 01:17:58 lsj-VirtualBox kernel: Loaded X.509 cert 'Canonical Ltd. Secure Boot Signing (2019): c0746fd6c5da3ae827864651ad66ae47fe24b3e8'
9月 04 01:17:58 lsj-VirtualBox kernel: Loaded X.509 cert 'Canonical Ltd. Secure Boot Signing (2021 v1): a8d54bbb3825cfb94fa13c9f8a594a195c107b8d'
9月 04 01:17:58 lsj-VirtualBox kernel: Loaded X.509 cert 'Canonical Ltd. Secure Boot Signing (2021 v2): 4cf046892d6fd3c9a5b03f98d845f90851dc6a8c'
9月 04 01:17:58 lsj-VirtualBox kernel: Loaded X.509 cert 'Canonical Ltd. Secure Boot Signing (2021 v3): 100437bb6de6e469b581e61cd66bce3ef4ed53af'
9月 04 01:17:58 lsj-VirtualBox kernel: Loaded X.509 cert 'Canonical Ltd. Secure Boot Signing (Ubuntu Core 2019): c1d57b8f6b743f23ee41f4f7ee292f06eecadfb9'
9月 04 01:17:58 lsj-VirtualBox kernel: Key type .fscrypt registered
9月 04 01:17:58 lsj-VirtualBox kernel: Key type fscrypt-provisioning registered
9月 04 01:17:58 lsj-VirtualBox kernel: Key type encrypted registered
9月 04 01:17:58 lsj-VirtualBox kernel: AppArmor: AppArmor sha256 policy hashing enabled
9月 04 01:17:58 lsj-VirtualBox kernel: ima: No TPM chip found, activating TPM-bypass!
9月 04 01:17:58 lsj-VirtualBox kernel: Loading compiled-in module X.509 certificates
9月 04 01:17:58 lsj-VirtualBox kernel: Loaded X.509 cert 'Build time autogenerated kernel key: d20b288af354b2a30a8094f4881ca576c390e95f'
9月 04 01:17:58 lsj-VirtualBox kernel: ima: Allocated hash algorithm: sha256
9月 04 01:17:58 lsj-VirtualBox kernel: ima: No architecture policies found
9月 04 01:17:58 lsj-VirtualBox kernel: evm: Initialising EVM extended attributes:
9月 04 01:17:58 lsj-VirtualBox kernel: evm: security.selinux
9月 04 01:17:58 lsj-VirtualBox kernel: evm: security.SMACK64
9月 04 01:17:58 lsj-VirtualBox kernel: evm: security.SMACK64EXEC
9月 04 01:17:58 lsj-VirtualBox kernel: evm: security.SMACK64TRANSMUTE
9月 04 01:17:58 lsj-VirtualBox kernel: evm: security.SMACK64MMAP
9月 04 01:17:58 lsj-VirtualBox kernel: evm: security.apparmor
9月 04 01:17:58 lsj-VirtualBox kernel: evm: security.ima
9月 04 01:17:58 lsj-VirtualBox kernel: evm: security.capability
9月 04 01:17:58 lsj-VirtualBox kernel: evm: HMAC attrs: 0x1
9月 04 01:17:58 lsj-VirtualBox kernel: PM:   Magic number: 8:765:288
9月 04 01:17:58 lsj-VirtualBox kernel: tty tty21: hash matches
9月 04 01:17:58 lsj-VirtualBox kernel: acpi PNP0400:01: hash matches
9月 04 01:17:58 lsj-VirtualBox kernel: ata2.00: ATAPI: VBOX CD-ROM, 1.0, max UDMA/133
9月 04 01:17:58 lsj-VirtualBox kernel: scsi 1:0:0:0: CD-ROM            VBOX     CD-ROM           1.0  PQ: 0 ANSI: 5
9月 04 01:17:58 lsj-VirtualBox kernel: sr 1:0:0:0: [sr0] scsi3-mmc drive: 32x/32x xa/form2 tray
9月 04 01:17:58 lsj-VirtualBox kernel: cdrom: Uniform CD-ROM driver Revision: 3.20
9月 04 01:17:58 lsj-VirtualBox kernel: sr 1:0:0:0: Attached scsi CD-ROM sr0
9月 04 01:17:58 lsj-VirtualBox kernel: sr 1:0:0:0: Attached scsi generic sg0 type 5
9月 04 01:17:58 lsj-VirtualBox kernel: RAS: Correctable Errors collector initialized.
9月 04 01:17:58 lsj-VirtualBox kernel: clk: Disabling unused clocks
9月 04 01:17:58 lsj-VirtualBox kernel: Freeing unused decrypted memory: 2028K
9月 04 01:17:58 lsj-VirtualBox kernel: Freeing unused kernel image (initmem) memory: 4972K
9月 04 01:17:58 lsj-VirtualBox kernel: Write protecting the kernel read-only data: 36864k
9月 04 01:17:58 lsj-VirtualBox kernel: Freeing unused kernel image (rodata/data gap) memory: 28K
9月 04 01:17:58 lsj-VirtualBox kernel: x86/mm: Checked W+X mappings: passed, no W+X pages found.
9月 04 01:17:58 lsj-VirtualBox kernel: Run /init as init process
9月 04 01:17:58 lsj-VirtualBox kernel:   with arguments:
9月 04 01:17:58 lsj-VirtualBox kernel:     /init
9月 04 01:17:58 lsj-VirtualBox kernel:     splash
9月 04 01:17:58 lsj-VirtualBox kernel:   with environment:
9月 04 01:17:58 lsj-VirtualBox kernel:     HOME=/
9月 04 01:17:58 lsj-VirtualBox kernel:     TERM=linux
9月 04 01:17:58 lsj-VirtualBox kernel:     BOOT_IMAGE=/boot/vmlinuz-6.8.0-41-generic
9月 04 01:17:58 lsj-VirtualBox kernel: e1000: Intel(R) PRO/1000 Network Driver
9月 04 01:17:58 lsj-VirtualBox kernel: e1000: Copyright (c) 1999-2006 Intel Corporation.
9月 04 01:17:58 lsj-VirtualBox kernel: ACPI: video: Video Device [GFX0] (multi-head: yes  rom: no  post: no)
9月 04 01:17:58 lsj-VirtualBox kernel: ahci 0000:00:0d.0: version 3.0
9月 04 01:17:58 lsj-VirtualBox kernel: ahci 0000:00:0d.0: SSS flag set, parallel bus scan disabled
9月 04 01:17:58 lsj-VirtualBox kernel: ahci 0000:00:0d.0: AHCI 0001.0100 32 slots 1 ports 3 Gbps 0x1 impl SATA mode
9月 04 01:17:58 lsj-VirtualBox kernel: ahci 0000:00:0d.0: flags: 64bit ncq stag only ccc 
9月 04 01:17:58 lsj-VirtualBox kernel: input: Video Bus as /devices/LNXSYSTM:00/LNXSYBUS:00/PNP0A03:00/LNXVIDEO:00/input/input4
9月 04 01:17:58 lsj-VirtualBox kernel: scsi host2: ahci
9月 04 01:17:58 lsj-VirtualBox kernel: ata3: SATA max UDMA/133 abar m8192@0xf0806000 port 0xf0806100 irq 21 lpm-pol 0
9月 04 01:17:58 lsj-VirtualBox kernel: usb 1-1: new full-speed USB device number 2 using ohci-pci
9月 04 01:17:58 lsj-VirtualBox kernel: input: ImExPS/2 Generic Explorer Mouse as /devices/platform/i8042/serio1/input/input5
9月 04 01:17:58 lsj-VirtualBox kernel: ata3: SATA link up 3.0 Gbps (SStatus 123 SControl 300)
9月 04 01:17:58 lsj-VirtualBox kernel: ata3.00: ATA-6: VBOX HARDDISK, 1.0, max UDMA/133
9月 04 01:17:58 lsj-VirtualBox kernel: ata3.00: 209715200 sectors, multi 128: LBA48 NCQ (depth 32)
9月 04 01:17:58 lsj-VirtualBox kernel: ata3.00: configured for UDMA/133
9月 04 01:17:58 lsj-VirtualBox kernel: scsi 2:0:0:0: Direct-Access     ATA      VBOX HARDDISK    1.0  PQ: 0 ANSI: 5
9月 04 01:17:58 lsj-VirtualBox kernel: sd 2:0:0:0: Attached scsi generic sg1 type 0
9月 04 01:17:58 lsj-VirtualBox kernel: sd 2:0:0:0: [sda] 209715200 512-byte logical blocks: (107 GB/100 GiB)
9月 04 01:17:58 lsj-VirtualBox kernel: sd 2:0:0:0: [sda] Write Protect is off
9月 04 01:17:58 lsj-VirtualBox kernel: sd 2:0:0:0: [sda] Mode Sense: 00 3a 00 00
9月 04 01:17:58 lsj-VirtualBox kernel: sd 2:0:0:0: [sda] Write cache: enabled, read cache: enabled, doesn't support DPO or FUA
9月 04 01:17:58 lsj-VirtualBox kernel: sd 2:0:0:0: [sda] Preferred minimum I/O size 512 bytes
9月 04 01:17:58 lsj-VirtualBox kernel:  sda: sda1 sda2
9月 04 01:17:58 lsj-VirtualBox kernel: sd 2:0:0:0: [sda] Attached SCSI disk
9月 04 01:17:58 lsj-VirtualBox kernel: e1000 0000:00:03.0 eth0: (PCI:33MHz:32-bit) 08:00:27:99:19:bf
9月 04 01:17:58 lsj-VirtualBox kernel: e1000 0000:00:03.0 eth0: Intel(R) PRO/1000 Network Connection
9月 04 01:17:58 lsj-VirtualBox kernel: e1000 0000:00:03.0 enp0s3: renamed from eth0
9月 04 01:17:58 lsj-VirtualBox kernel: usb 1-1: New USB device found, idVendor=80ee, idProduct=0021, bcdDevice= 1.00
9月 04 01:17:58 lsj-VirtualBox kernel: usb 1-1: New USB device strings: Mfr=1, Product=3, SerialNumber=0
9月 04 01:17:58 lsj-VirtualBox kernel: usb 1-1: Product: USB Tablet
9月 04 01:17:58 lsj-VirtualBox kernel: usb 1-1: Manufacturer: VirtualBox
9月 04 01:17:58 lsj-VirtualBox kernel: hid: raw HID events driver (C) Jiri Kosina
9月 04 01:17:58 lsj-VirtualBox kernel: usbcore: registered new interface driver usbhid
9月 04 01:17:58 lsj-VirtualBox kernel: usbhid: USB HID core driver
9月 04 01:17:58 lsj-VirtualBox kernel: input: VirtualBox USB Tablet as /devices/pci0000:00/0000:00:06.0/usb1/1-1/1-1:1.0/0003:80EE:0021.0001/input/input6
9月 04 01:17:58 lsj-VirtualBox kernel: hid-generic 0003:80EE:0021.0001: input,hidraw0: USB HID v1.10 Mouse [VirtualBox USB Tablet] on usb-0000:00:06.0-1/input0
9月 04 01:17:58 lsj-VirtualBox kernel: EXT4-fs (sda2): mounted filesystem dab7ee4c-255d-407a-9d8b-62ce20b560be ro with ordered data mode. Quota mode: none.
9月 04 01:17:58 lsj-VirtualBox systemd[1]: Inserted module 'autofs4'
9月 04 01:17:58 lsj-VirtualBox systemd[1]: systemd 255.4-1ubuntu8.4 running in system mode (+PAM +AUDIT +SELINUX +APPARMOR +IMA +SMACK +SECCOMP +GCRYPT -GNUTLS +OPENSSL +ACL +BLKID +CURL +ELFUTILS +FIDO2 +IDN2 -IDN +IPTC +KMOD +LIBCRYPTSETUP +LIBFDISK +PCRE2 -PWQUALITY +P11KIT +QRENCODE +TPM2 +BZIP2 +LZ4 +XZ +ZLIB +ZSTD -BPF_FRAMEWORK -XKBCOMMON +UTMP +SYSVINIT default-hierarchy=unified)
9月 04 01:17:58 lsj-VirtualBox systemd[1]: Detected virtualization oracle.
9月 04 01:17:58 lsj-VirtualBox systemd[1]: Detected architecture x86-64.
9月 04 01:17:58 lsj-VirtualBox systemd[1]: Invalid DMI field header.
9月 04 01:17:58 lsj-VirtualBox systemd[1]: Hostname set to <lsj-VirtualBox>.
9月 04 01:17:58 lsj-VirtualBox systemd[1]: Configuration file /run/systemd/system/netplan-ovs-cleanup.service is marked world-inaccessible. This has no effect as configuration data is accessible via APIs without restrictions. Proceeding anyway.
9月 04 01:17:58 lsj-VirtualBox systemd[1]: Queued start job for default target graphical.target.
9月 04 01:17:58 lsj-VirtualBox systemd[1]: Created slice system-modprobe.slice - Slice /system/modprobe.
9月 04 01:17:58 lsj-VirtualBox systemd[1]: Created slice user.slice - User and Session Slice.
9月 04 01:17:58 lsj-VirtualBox systemd[1]: Started systemd-ask-password-wall.path - Forward Password Requests to Wall Directory Watch.
9月 04 01:17:58 lsj-VirtualBox systemd[1]: Set up automount proc-sys-fs-binfmt_misc.automount - Arbitrary Executable File Formats File System Automount Point.
9月 04 01:17:58 lsj-VirtualBox systemd[1]: Reached target integritysetup.target - Local Integrity Protected Volumes.
9月 04 01:17:58 lsj-VirtualBox systemd[1]: Reached target remote-fs.target - Remote File Systems.
9月 04 01:17:58 lsj-VirtualBox systemd[1]: Reached target slices.target - Slice Units.
9月 04 01:17:58 lsj-VirtualBox systemd[1]: Reached target snapd.mounts-pre.target - Mounting snaps.
9月 04 01:17:58 lsj-VirtualBox systemd[1]: Reached target time-set.target - System Time Set.
9月 04 01:17:58 lsj-VirtualBox systemd[1]: Reached target veritysetup.target - Local Verity Protected Volumes.
9月 04 01:17:58 lsj-VirtualBox systemd[1]: Listening on syslog.socket - Syslog Socket.
9月 04 01:17:58 lsj-VirtualBox systemd[1]: Listening on systemd-fsckd.socket - fsck to fsckd communication Socket.
9月 04 01:17:58 lsj-VirtualBox systemd[1]: Listening on systemd-initctl.socket - initctl Compatibility Named Pipe.
9月 04 01:17:58 lsj-VirtualBox systemd[1]: Listening on systemd-journald-dev-log.socket - Journal Socket (/dev/log).
9月 04 01:17:58 lsj-VirtualBox systemd[1]: Listening on systemd-journald.socket - Journal Socket.
9月 04 01:17:58 lsj-VirtualBox systemd[1]: Listening on systemd-oomd.socket - Userspace Out-Of-Memory (OOM) Killer Socket.
9月 04 01:17:58 lsj-VirtualBox systemd[1]: systemd-pcrextend.socket - TPM2 PCR Extension (Varlink) was skipped because of an unmet condition check (ConditionSecurity=measured-uki).
9月 04 01:17:58 lsj-VirtualBox systemd[1]: Listening on systemd-udevd-control.socket - udev Control Socket.
9月 04 01:17:58 lsj-VirtualBox systemd[1]: Listening on systemd-udevd-kernel.socket - udev Kernel Socket.
9月 04 01:17:58 lsj-VirtualBox systemd[1]: Mounting dev-hugepages.mount - Huge Pages File System...
9月 04 01:17:58 lsj-VirtualBox systemd[1]: Mounting dev-mqueue.mount - POSIX Message Queue File System...
9月 04 01:17:58 lsj-VirtualBox systemd[1]: Mounting sys-kernel-debug.mount - Kernel Debug File System...
9月 04 01:17:58 lsj-VirtualBox systemd[1]: Mounting sys-kernel-tracing.mount - Kernel Trace File System...
9月 04 01:17:58 lsj-VirtualBox systemd[1]: Starting systemd-journald.service - Journal Service...
9月 04 01:17:58 lsj-VirtualBox systemd[1]: Starting keyboard-setup.service - Set the console keyboard layout...
9月 04 01:17:58 lsj-VirtualBox systemd[1]: Starting kmod-static-nodes.service - Create List of Static Device Nodes...
9月 04 01:17:58 lsj-VirtualBox systemd[1]: Starting modprobe@configfs.service - Load Kernel Module configfs...
9月 04 01:17:58 lsj-VirtualBox systemd[1]: Starting modprobe@dm_mod.service - Load Kernel Module dm_mod...
9月 04 01:17:58 lsj-VirtualBox systemd[1]: Starting modprobe@drm.service - Load Kernel Module drm...
9月 04 01:17:58 lsj-VirtualBox systemd[1]: Starting modprobe@efi_pstore.service - Load Kernel Module efi_pstore...
9月 04 01:17:58 lsj-VirtualBox systemd[1]: Starting modprobe@fuse.service - Load Kernel Module fuse...
9月 04 01:17:58 lsj-VirtualBox systemd-journald[256]: Collecting audit messages is disabled.
9月 04 01:17:58 lsj-VirtualBox systemd[1]: Starting modprobe@loop.service - Load Kernel Module loop...
9月 04 01:17:58 lsj-VirtualBox systemd[1]: systemd-fsck-root.service - File System Check on Root Device was skipped because of an unmet condition check (ConditionPathExists=!/run/initramfs/fsck-root).
9月 04 01:17:58 lsj-VirtualBox systemd[1]: Starting systemd-modules-load.service - Load Kernel Modules...
9月 04 01:17:58 lsj-VirtualBox systemd[1]: systemd-pcrmachine.service - TPM2 PCR Machine ID Measurement was skipped because of an unmet condition check (ConditionSecurity=measured-uki).
9月 04 01:17:58 lsj-VirtualBox systemd[1]: Starting systemd-remount-fs.service - Remount Root and Kernel File Systems...
9月 04 01:17:58 lsj-VirtualBox systemd[1]: systemd-tpm2-setup-early.service - TPM2 SRK Setup (Early) was skipped because of an unmet condition check (ConditionSecurity=measured-uki).
9月 04 01:17:58 lsj-VirtualBox systemd[1]: Starting systemd-udev-trigger.service - Coldplug All udev Devices...
9月 04 01:17:58 lsj-VirtualBox systemd[1]: Mounted dev-hugepages.mount - Huge Pages File System.
9月 04 01:17:58 lsj-VirtualBox systemd[1]: Mounted dev-mqueue.mount - POSIX Message Queue File System.
9月 04 01:17:58 lsj-VirtualBox systemd[1]: Mounted sys-kernel-debug.mount - Kernel Debug File System.
9月 04 01:17:58 lsj-VirtualBox systemd[1]: Mounted sys-kernel-tracing.mount - Kernel Trace File System.
9月 04 01:17:58 lsj-VirtualBox systemd[1]: Finished kmod-static-nodes.service - Create List of Static Device Nodes.
9月 04 01:17:58 lsj-VirtualBox systemd[1]: modprobe@configfs.service: Deactivated successfully.
9月 04 01:17:58 lsj-VirtualBox systemd[1]: Finished modprobe@configfs.service - Load Kernel Module configfs.
9月 04 01:17:58 lsj-VirtualBox systemd[1]: modprobe@dm_mod.service: Deactivated successfully.
9月 04 01:17:58 lsj-VirtualBox systemd-journald[256]: Journal started
9月 04 01:17:58 lsj-VirtualBox systemd-journald[256]: Runtime Journal (/run/log/journal/b2e2015d374f46f2a0de988a0badd38e) is 2.4M, max 19.6M, 17.2M free.
9月 04 01:17:58 lsj-VirtualBox systemd[1]: Finished modprobe@dm_mod.service - Load Kernel Module dm_mod.
9月 04 01:17:58 lsj-VirtualBox systemd[1]: Started systemd-journald.service - Journal Service.
9月 04 01:17:58 lsj-VirtualBox systemd[1]: modprobe@drm.service: Deactivated successfully.
9月 04 01:17:58 lsj-VirtualBox systemd[1]: Finished modprobe@drm.service - Load Kernel Module drm.
9月 04 01:17:58 lsj-VirtualBox systemd[1]: modprobe@efi_pstore.service: Deactivated successfully.
9月 04 01:17:58 lsj-VirtualBox systemd[1]: Finished modprobe@efi_pstore.service - Load Kernel Module efi_pstore.
9月 04 01:17:58 lsj-VirtualBox systemd[1]: modprobe@fuse.service: Deactivated successfully.
9月 04 01:17:58 lsj-VirtualBox systemd[1]: Finished modprobe@fuse.service - Load Kernel Module fuse.
9月 04 01:17:58 lsj-VirtualBox systemd[1]: modprobe@loop.service: Deactivated successfully.
9月 04 01:17:58 lsj-VirtualBox systemd[1]: Finished modprobe@loop.service - Load Kernel Module loop.
9月 04 01:17:58 lsj-VirtualBox systemd-modules-load[276]: Inserted module 'lp'
9月 04 01:17:58 lsj-VirtualBox kernel: lp: driver loaded but no devices found
9月 04 01:17:58 lsj-VirtualBox kernel: ppdev: user-space parallel port driver
9月 04 01:17:58 lsj-VirtualBox systemd-modules-load[276]: Inserted module 'ppdev'
9月 04 01:17:58 lsj-VirtualBox systemd[1]: Mounting sys-fs-fuse-connections.mount - FUSE Control File System...
9月 04 01:17:58 lsj-VirtualBox systemd-modules-load[276]: Inserted module 'parport_pc'
9月 04 01:17:58 lsj-VirtualBox systemd[1]: Mounting sys-kernel-config.mount - Kernel Configuration File System...
9月 04 01:17:58 lsj-VirtualBox systemd[1]: systemd-repart.service - Repartition Root Disk was skipped because no trigger condition checks were met.
9月 04 01:17:58 lsj-VirtualBox systemd[1]: Starting systemd-tmpfiles-setup-dev-early.service - Create Static Device Nodes in /dev gracefully...
9月 04 01:17:58 lsj-VirtualBox systemd[1]: Mounted sys-fs-fuse-connections.mount - FUSE Control File System.
9月 04 01:17:58 lsj-VirtualBox kernel: EXT4-fs (sda2): re-mounted dab7ee4c-255d-407a-9d8b-62ce20b560be r/w. Quota mode: none.
9月 04 01:17:58 lsj-VirtualBox systemd[1]: Finished systemd-remount-fs.service - Remount Root and Kernel File Systems.
9月 04 01:17:58 lsj-VirtualBox systemd[1]: Mounted sys-kernel-config.mount - Kernel Configuration File System.
9月 04 01:17:58 lsj-VirtualBox systemd-modules-load[276]: Inserted module 'msr'
9月 04 01:17:58 lsj-VirtualBox systemd[1]: Activating swap swap.img.swap - /swap.img...
9月 04 01:17:58 lsj-VirtualBox systemd[1]: systemd-hwdb-update.service - Rebuild Hardware Database was skipped because of an unmet condition check (ConditionNeedsUpdate=/etc).
9月 04 01:17:58 lsj-VirtualBox systemd[1]: Starting systemd-journal-flush.service - Flush Journal to Persistent Storage...
9月 04 01:17:58 lsj-VirtualBox systemd[1]: systemd-pstore.service - Platform Persistent Storage Archival was skipped because of an unmet condition check (ConditionDirectoryNotEmpty=/sys/fs/pstore).
9月 04 01:17:58 lsj-VirtualBox systemd[1]: Starting systemd-random-seed.service - Load/Save OS Random Seed...
9月 04 01:17:58 lsj-VirtualBox systemd[1]: systemd-tpm2-setup.service - TPM2 SRK Setup was skipped because of an unmet condition check (ConditionSecurity=measured-uki).
9月 04 01:17:58 lsj-VirtualBox systemd[1]: Finished keyboard-setup.service - Set the console keyboard layout.
9月 04 01:17:58 lsj-VirtualBox systemd[1]: Finished systemd-modules-load.service - Load Kernel Modules.
9月 04 01:17:58 lsj-VirtualBox systemd-journald[256]: Time spent on flushing to /var/log/journal/b2e2015d374f46f2a0de988a0badd38e is 5.222ms for 569 entries.
9月 04 01:17:58 lsj-VirtualBox systemd-journald[256]: System Journal (/var/log/journal/b2e2015d374f46f2a0de988a0badd38e) is 82.6M, max 4.0G, 3.9G free.
9月 04 01:17:58 lsj-VirtualBox systemd-journald[256]: Received client request to flush runtime journal.
9月 04 01:17:58 lsj-VirtualBox kernel: Adding 2097148k swap on /swap.img.  Priority:-2 extents:3 across:2236412k 
9月 04 01:17:58 lsj-VirtualBox systemd-journald[256]: File /var/log/journal/b2e2015d374f46f2a0de988a0badd38e/system.journal corrupted or uncleanly shut down, renaming and replacing.
9月 04 01:17:58 lsj-VirtualBox systemd[1]: Starting systemd-sysctl.service - Apply Kernel Variables...
9月 04 01:17:58 lsj-VirtualBox systemd[1]: Activated swap swap.img.swap - /swap.img.
9月 04 01:17:58 lsj-VirtualBox systemd[1]: Reached target swap.target - Swaps.
9月 04 01:17:58 lsj-VirtualBox systemd[1]: Finished systemd-random-seed.service - Load/Save OS Random Seed.
9月 04 01:17:58 lsj-VirtualBox systemd[1]: Finished systemd-tmpfiles-setup-dev-early.service - Create Static Device Nodes in /dev gracefully.
9月 04 01:17:58 lsj-VirtualBox systemd[1]: systemd-sysusers.service - Create System Users was skipped because no trigger condition checks were met.
9月 04 01:17:58 lsj-VirtualBox systemd[1]: Starting systemd-tmpfiles-setup-dev.service - Create Static Device Nodes in /dev...
9月 04 01:17:58 lsj-VirtualBox systemd[1]: Finished systemd-sysctl.service - Apply Kernel Variables.
9月 04 01:17:58 lsj-VirtualBox systemd[1]: Finished systemd-journal-flush.service - Flush Journal to Persistent Storage.
9月 04 01:17:58 lsj-VirtualBox systemd[1]: Finished systemd-tmpfiles-setup-dev.service - Create Static Device Nodes in /dev.
9月 04 01:17:58 lsj-VirtualBox systemd[1]: Reached target local-fs-pre.target - Preparation for Local File Systems.
9月 04 01:17:58 lsj-VirtualBox systemd[1]: Mounting snap-bare-5.mount - Mount unit for bare, revision 5...
9月 04 01:17:58 lsj-VirtualBox systemd[1]: Mounting snap-core22-1564.mount - Mount unit for core22, revision 1564...
9月 04 01:17:58 lsj-VirtualBox kernel: loop0: detected capacity change from 0 to 8
9月 04 01:17:58 lsj-VirtualBox systemd[1]: Mounting snap-core22-1586.mount - Mount unit for core22, revision 1586...
9月 04 01:17:58 lsj-VirtualBox systemd[1]: Mounting snap-firefox-4793.mount - Mount unit for firefox, revision 4793...
9月 04 01:17:58 lsj-VirtualBox kernel: loop1: detected capacity change from 0 to 152112
9月 04 01:17:58 lsj-VirtualBox systemd[1]: Mounting snap-firmware\x2dupdater-127.mount - Mount unit for firmware-updater, revision 127...
9月 04 01:17:58 lsj-VirtualBox systemd[1]: Mounting snap-gnome\x2d42\x2d2204-176.mount - Mount unit for gnome-42-2204, revision 176...
9月 04 01:17:58 lsj-VirtualBox kernel: loop2: detected capacity change from 0 to 552488
9月 04 01:17:58 lsj-VirtualBox systemd[1]: Mounting snap-gtk\x2dcommon\x2dthemes-1535.mount - Mount unit for gtk-common-themes, revision 1535...
9月 04 01:17:58 lsj-VirtualBox kernel: loop3: detected capacity change from 0 to 152112
9月 04 01:17:58 lsj-VirtualBox systemd[1]: Mounting snap-snap\x2dstore-1173.mount - Mount unit for snap-store, revision 1173...
9月 04 01:17:58 lsj-VirtualBox kernel: loop4: detected capacity change from 0 to 21952
9月 04 01:17:58 lsj-VirtualBox kernel: loop5: detected capacity change from 0 to 1034424
9月 04 01:17:58 lsj-VirtualBox kernel: loop6: detected capacity change from 0 to 187776
9月 04 01:17:58 lsj-VirtualBox systemd[1]: Mounting snap-snapd-21759.mount - Mount unit for snapd, revision 21759...
9月 04 01:17:58 lsj-VirtualBox systemd[1]: Mounting snap-snapd\x2ddesktop\x2dintegration-178.mount - Mount unit for snapd-desktop-integration, revision 178...
9月 04 01:17:58 lsj-VirtualBox kernel: loop7: detected capacity change from 0 to 21584
9月 04 01:17:58 lsj-VirtualBox systemd[1]: Starting systemd-udevd.service - Rule-based Manager for Device Events and Files...
9月 04 01:17:58 lsj-VirtualBox kernel: loop8: detected capacity change from 0 to 79520
9月 04 01:17:58 lsj-VirtualBox kernel: loop9: detected capacity change from 0 to 1000
9月 04 01:17:58 lsj-VirtualBox systemd[1]: Finished systemd-udev-trigger.service - Coldplug All udev Devices.
9月 04 01:17:58 lsj-VirtualBox systemd[1]: Mounted snap-bare-5.mount - Mount unit for bare, revision 5.
9月 04 01:17:58 lsj-VirtualBox systemd[1]: Mounted snap-core22-1564.mount - Mount unit for core22, revision 1564.
9月 04 01:17:58 lsj-VirtualBox systemd[1]: Mounted snap-core22-1586.mount - Mount unit for core22, revision 1586.
9月 04 01:17:58 lsj-VirtualBox systemd[1]: Mounted snap-firefox-4793.mount - Mount unit for firefox, revision 4793.
9月 04 01:17:58 lsj-VirtualBox systemd[1]: Mounted snap-firmware\x2dupdater-127.mount - Mount unit for firmware-updater, revision 127.
9月 04 01:17:58 lsj-VirtualBox systemd[1]: Mounted snap-gnome\x2d42\x2d2204-176.mount - Mount unit for gnome-42-2204, revision 176.
9月 04 01:17:58 lsj-VirtualBox systemd[1]: Mounted snap-gtk\x2dcommon\x2dthemes-1535.mount - Mount unit for gtk-common-themes, revision 1535.
9月 04 01:17:58 lsj-VirtualBox systemd[1]: Mounted snap-snap\x2dstore-1173.mount - Mount unit for snap-store, revision 1173.
9月 04 01:17:58 lsj-VirtualBox systemd[1]: Mounted snap-snapd-21759.mount - Mount unit for snapd, revision 21759.
9月 04 01:17:58 lsj-VirtualBox systemd[1]: Mounted snap-snapd\x2ddesktop\x2dintegration-178.mount - Mount unit for snapd-desktop-integration, revision 178.
9月 04 01:17:58 lsj-VirtualBox systemd[1]: Reached target snapd.mounts.target - Mounted snaps.
9月 04 01:17:58 lsj-VirtualBox systemd[1]: Reached target local-fs.target - Local File Systems.
9月 04 01:17:58 lsj-VirtualBox systemd[1]: Listening on systemd-sysext.socket - System Extension Image Management (Varlink).
9月 04 01:17:58 lsj-VirtualBox systemd[1]: Starting apparmor.service - Load AppArmor profiles...
9月 04 01:17:58 lsj-VirtualBox systemd[1]: Starting console-setup.service - Set console font and keymap...
9月 04 01:17:58 lsj-VirtualBox systemd[1]: ldconfig.service - Rebuild Dynamic Linker Cache was skipped because no trigger condition checks were met.
9月 04 01:17:58 lsj-VirtualBox systemd[1]: Starting plymouth-read-write.service - Tell Plymouth To Write Out Runtime Data...
9月 04 01:17:58 lsj-VirtualBox systemd[1]: Starting systemd-binfmt.service - Set Up Additional Binary Formats...
9月 04 01:17:58 lsj-VirtualBox apparmor.systemd[342]: Restarting AppArmor
9月 04 01:17:58 lsj-VirtualBox systemd[1]: Starting systemd-tmpfiles-setup.service - Create Volatile Files and Directories...
9月 04 01:17:58 lsj-VirtualBox systemd[1]: Starting ufw.service - Uncomplicated firewall...
9月 04 01:17:58 lsj-VirtualBox apparmor.systemd[342]: Reloading AppArmor profiles
9月 04 01:17:58 lsj-VirtualBox systemd-udevd[330]: Using default interface naming scheme 'v255'.
9月 04 01:17:58 lsj-VirtualBox systemd[1]: Finished console-setup.service - Set console font and keymap.
9月 04 01:17:58 lsj-VirtualBox systemd[1]: proc-sys-fs-binfmt_misc.automount: Got automount request for /proc/sys/fs/binfmt_misc, triggered by 347 (systemd-binfmt)
9月 04 01:17:58 lsj-VirtualBox systemd[1]: Mounting proc-sys-fs-binfmt_misc.mount - Arbitrary Executable File Formats File System...
9月 04 01:17:58 lsj-VirtualBox systemd[1]: Received SIGRTMIN+20 from PID 181 (plymouthd).
9月 04 01:17:58 lsj-VirtualBox systemd[1]: Finished ufw.service - Uncomplicated firewall.
9月 04 01:17:58 lsj-VirtualBox systemd[1]: Finished plymouth-read-write.service - Tell Plymouth To Write Out Runtime Data.
9月 04 01:17:58 lsj-VirtualBox kernel: audit: type=1400 audit(1725383878.831:2): apparmor="STATUS" operation="profile_load" profile="unconfined" name="1password" pid=363 comm="apparmor_parser"
9月 04 01:17:58 lsj-VirtualBox kernel: audit: type=1400 audit(1725383878.831:3): apparmor="STATUS" operation="profile_load" profile="unconfined" name="QtWebEngineProcess" pid=366 comm="apparmor_parser"
9月 04 01:17:58 lsj-VirtualBox kernel: audit: type=1400 audit(1725383878.831:4): apparmor="STATUS" operation="profile_load" profile="unconfined" name="Discord" pid=364 comm="apparmor_parser"
9月 04 01:17:58 lsj-VirtualBox kernel: audit: type=1400 audit(1725383878.832:5): apparmor="STATUS" operation="profile_load" profile="unconfined" name=4D6F6E676F444220436F6D70617373 pid=365 comm="apparmor_parser"
9月 04 01:17:58 lsj-VirtualBox systemd[1]: Mounted proc-sys-fs-binfmt_misc.mount - Arbitrary Executable File Formats File System.
9月 04 01:17:58 lsj-VirtualBox kernel: audit: type=1400 audit(1725383878.835:6): apparmor="STATUS" operation="profile_load" profile="unconfined" name="brave" pid=368 comm="apparmor_parser"
9月 04 01:17:58 lsj-VirtualBox kernel: audit: type=1400 audit(1725383878.836:7): apparmor="STATUS" operation="profile_load" profile="unconfined" name="buildah" pid=369 comm="apparmor_parser"
9月 04 01:17:58 lsj-VirtualBox kernel: audit: type=1400 audit(1725383878.836:8): apparmor="STATUS" operation="profile_load" profile="unconfined" name="busybox" pid=370 comm="apparmor_parser"
9月 04 01:17:58 lsj-VirtualBox kernel: audit: type=1400 audit(1725383878.839:9): apparmor="STATUS" operation="profile_load" profile="unconfined" name="ch-checkns" pid=373 comm="apparmor_parser"
9月 04 01:17:58 lsj-VirtualBox kernel: audit: type=1400 audit(1725383878.839:10): apparmor="STATUS" operation="profile_load" profile="unconfined" name="cam" pid=372 comm="apparmor_parser"
9月 04 01:17:58 lsj-VirtualBox systemd[1]: Finished systemd-binfmt.service - Set Up Additional Binary Formats.
9月 04 01:17:58 lsj-VirtualBox systemd[1]: Finished systemd-tmpfiles-setup.service - Create Volatile Files and Directories.
9月 04 01:17:58 lsj-VirtualBox systemd[1]: systemd-firstboot.service - First Boot Wizard was skipped because of an unmet condition check (ConditionFirstBoot=yes).
9月 04 01:17:58 lsj-VirtualBox systemd[1]: first-boot-complete.target - First Boot Complete was skipped because of an unmet condition check (ConditionFirstBoot=yes).
9月 04 01:17:58 lsj-VirtualBox systemd[1]: systemd-journal-catalog-update.service - Rebuild Journal Catalog was skipped because of an unmet condition check (ConditionNeedsUpdate=/var).
9月 04 01:17:58 lsj-VirtualBox systemd[1]: systemd-machine-id-commit.service - Commit a transient machine-id on disk was skipped because of an unmet condition check (ConditionPathIsMountPoint=/etc/machine-id).
9月 04 01:17:58 lsj-VirtualBox systemd[1]: Starting systemd-oomd.service - Userspace Out-Of-Memory (OOM) Killer...
9月 04 01:17:58 lsj-VirtualBox systemd[1]: Starting systemd-resolved.service - Network Name Resolution...
9月 04 01:17:58 lsj-VirtualBox systemd[1]: systemd-update-done.service - Update is Completed was skipped because no trigger condition checks were met.
9月 04 01:17:58 lsj-VirtualBox systemd[1]: Starting systemd-update-utmp.service - Record System Boot/Shutdown in UTMP...
9月 04 01:17:58 lsj-VirtualBox systemd[1]: Started systemd-udevd.service - Rule-based Manager for Device Events and Files.
9月 04 01:17:58 lsj-VirtualBox systemd[1]: Starting plymouth-start.service - Show Plymouth Boot Screen...
9月 04 01:17:58 lsj-VirtualBox systemd[1]: Finished systemd-update-utmp.service - Record System Boot/Shutdown in UTMP.
9月 04 01:17:58 lsj-VirtualBox systemd[1]: Started plymouth-start.service - Show Plymouth Boot Screen.
9月 04 01:17:58 lsj-VirtualBox systemd[1]: systemd-ask-password-console.path - Dispatch Password Requests to Console Directory Watch was skipped because of an unmet condition check (ConditionPathExists=!/run/plymouth/pid).
9月 04 01:17:58 lsj-VirtualBox systemd[1]: Started systemd-ask-password-plymouth.path - Forward Password Requests to Plymouth Directory Watch.
9月 04 01:17:58 lsj-VirtualBox systemd[1]: Reached target cryptsetup.target - Local Encrypted Volumes.
9月 04 01:17:58 lsj-VirtualBox systemd[1]: Started systemd-oomd.service - Userspace Out-Of-Memory (OOM) Killer.
9月 04 01:17:58 lsj-VirtualBox apparmor.systemd[490]: Warning: found usr.sbin.sssd in /etc/apparmor.d/force-complain, forcing complain mode
9月 04 01:17:59 lsj-VirtualBox systemd-resolved[438]: Positive Trust Anchors:
9月 04 01:17:59 lsj-VirtualBox systemd-resolved[438]: . IN DS 20326 8 2 e06d44b80b8f1d39a95c0b0d7c65d08458e880409bbc683457104237c7f8ec8d
9月 04 01:17:59 lsj-VirtualBox systemd-resolved[438]: Negative trust anchors: home.arpa 10.in-addr.arpa 16.172.in-addr.arpa 17.172.in-addr.arpa 18.172.in-addr.arpa 19.172.in-addr.arpa 20.172.in-addr.arpa 21.172.in-addr.arpa 22.172.in-addr.arpa 23.172.in-addr.arpa 24.172.in-addr.arpa 25.172.in-addr.arpa 26.172.in-addr.arpa 27.172.in-addr.arpa 28.172.in-addr.arpa 29.172.in-addr.arpa 30.172.in-addr.arpa 31.172.in-addr.arpa 170.0.0.192.in-addr.arpa 171.0.0.192.in-addr.arpa 168.192.in-addr.arpa d.f.ip6.arpa ipv4only.arpa corp home internal intranet lan local private test
9月 04 01:17:59 lsj-VirtualBox apparmor.systemd[490]: Warning from /etc/apparmor.d (/etc/apparmor.d/usr.sbin.sssd line 63): Caching disabled for: 'usr.sbin.sssd' due to force complain
9月 04 01:17:59 lsj-VirtualBox systemd[1]: Finished apparmor.service - Load AppArmor profiles.
9月 04 01:17:59 lsj-VirtualBox systemd[1]: Starting snapd.apparmor.service - Load AppArmor profiles managed internally by snapd...
9月 04 01:17:59 lsj-VirtualBox systemd-resolved[438]: Using system hostname 'lsj-VirtualBox'.
9月 04 01:17:59 lsj-VirtualBox systemd[1]: Started systemd-resolved.service - Network Name Resolution.
9月 04 01:17:59 lsj-VirtualBox systemd[1]: Reached target nss-lookup.target - Host and Network Name Lookups.
9月 04 01:17:59 lsj-VirtualBox snapd-apparmor[498]: main.go:124: Loading profiles [/var/lib/snapd/apparmor/profiles/snap-confine.snapd.21759 /var/lib/snapd/apparmor/profiles/snap-update-ns.firefox /var/lib/snapd/apparmor/profiles/snap-update-ns.firmware-updater /var/lib/snapd/apparmor/profiles/snap-update-ns.snap-store /var/lib/snapd/apparmor/profiles/snap-update-ns.snapd-desktop-integration /var/lib/snapd/apparmor/profiles/snap.firefox.firefox /var/lib/snapd/apparmor/profiles/snap.firefox.geckodriver /var/lib/snapd/apparmor/profiles/snap.firefox.hook.configure /var/lib/snapd/apparmor/profiles/snap.firefox.hook.disconnect-plug-host-hunspell /var/lib/snapd/apparmor/profiles/snap.firefox.hook.post-refresh /var/lib/snapd/apparmor/profiles/snap.firmware-updater.firmware-notifier /var/lib/snapd/apparmor/profiles/snap.firmware-updater.firmware-updater /var/lib/snapd/apparmor/profiles/snap.firmware-updater.firmware-updater-app /var/lib/snapd/apparmor/profiles/snap.firmware-updater.hook.configure /var/lib/snapd/apparmor/profiles/snap.snap-store.hook.configure /var/lib/snapd/apparmor/profiles/snap.snap-store.show-updates /var/lib/snapd/apparmor/profiles/snap.snap-store.snap-store /var/lib/snapd/apparmor/profiles/snap.snapd-desktop-integration.hook.configure /var/lib/snapd/apparmor/profiles/snap.snapd-desktop-integration.snapd-desktop-integration]
9月 04 01:17:59 lsj-VirtualBox (udev-worker)[470]: sr0: Process '/usr/bin/unshare -m /usr/bin/snap auto-import --mount=/dev/sr0' failed with exit code 1.
9月 04 01:17:59 lsj-VirtualBox (udev-worker)[475]: sda: Process '/usr/bin/unshare -m /usr/bin/snap auto-import --mount=/dev/sda' failed with exit code 1.
9月 04 01:17:59 lsj-VirtualBox systemd[1]: Finished snapd.apparmor.service - Load AppArmor profiles managed internally by snapd.
9月 04 01:17:59 lsj-VirtualBox systemd[1]: Reached target sysinit.target - System Initialization.
9月 04 01:17:59 lsj-VirtualBox systemd[1]: apport-autoreport.path - Process error reports when automatic reporting is enabled (file watch) was skipped because of an unmet condition check (ConditionPathExists=/var/lib/apport/autoreport).
9月 04 01:17:59 lsj-VirtualBox systemd[1]: Started cups.path - CUPS Scheduler.
9月 04 01:17:59 lsj-VirtualBox systemd[1]: tpm-udev.path - Handle dynamically added tpm devices was skipped because of an unmet condition check (ConditionVirtualization=container).
9月 04 01:17:59 lsj-VirtualBox systemd[1]: Started whoopsie.path - Start whoopsie on modification of the /var/crash directory.
9月 04 01:17:59 lsj-VirtualBox systemd[1]: Started anacron.timer - Trigger anacron every hour.
9月 04 01:17:59 lsj-VirtualBox systemd[1]: apport-autoreport.timer - Process error reports when automatic reporting is enabled (timer based) was skipped because of an unmet condition check (ConditionPathExists=/var/lib/apport/autoreport).
9月 04 01:17:59 lsj-VirtualBox systemd[1]: Started apt-daily.timer - Daily apt download activities.
9月 04 01:17:59 lsj-VirtualBox systemd[1]: Started apt-daily-upgrade.timer - Daily apt upgrade and clean activities.
9月 04 01:17:59 lsj-VirtualBox systemd[1]: Started dpkg-db-backup.timer - Daily dpkg database backup timer.
9月 04 01:17:59 lsj-VirtualBox systemd[1]: Started e2scrub_all.timer - Periodic ext4 Online Metadata Check for All Filesystems.
9月 04 01:17:59 lsj-VirtualBox systemd[1]: Started fstrim.timer - Discard unused filesystem blocks once a week.
9月 04 01:17:59 lsj-VirtualBox systemd[1]: Started fwupd-refresh.timer - Refresh fwupd metadata regularly.
9月 04 01:17:59 lsj-VirtualBox systemd[1]: Started logrotate.timer - Daily rotation of log files.
9月 04 01:17:59 lsj-VirtualBox systemd[1]: Started man-db.timer - Daily man-db regeneration.
9月 04 01:17:59 lsj-VirtualBox systemd[1]: Started motd-news.timer - Message of the Day.
9月 04 01:17:59 lsj-VirtualBox systemd[1]: snapd.snap-repair.timer - Timer to automatically fetch and run repair assertions was skipped because no trigger condition checks were met.
9月 04 01:17:59 lsj-VirtualBox systemd[1]: Started sysstat-collect.timer - Run system activity accounting tool every 10 minutes.
9月 04 01:17:59 lsj-VirtualBox systemd[1]: Started sysstat-summary.timer - Generate summary of yesterday's process accounting.
9月 04 01:17:59 lsj-VirtualBox systemd[1]: Started systemd-tmpfiles-clean.timer - Daily Cleanup of Temporary Directories.
9月 04 01:17:59 lsj-VirtualBox systemd[1]: ua-timer.timer - Ubuntu Pro Timer for running repeated jobs was skipped because of an unmet condition check (ConditionPathExists=/var/lib/ubuntu-advantage/private/machine-token.json).
9月 04 01:17:59 lsj-VirtualBox systemd[1]: Reached target paths.target - Path Units.
9月 04 01:17:59 lsj-VirtualBox systemd[1]: apport-forward.socket - Unix socket for apport crash forwarding was skipped because of an unmet condition check (ConditionVirtualization=container).
9月 04 01:17:59 lsj-VirtualBox systemd[1]: Listening on avahi-daemon.socket - Avahi mDNS/DNS-SD Stack Activation Socket.
9月 04 01:17:59 lsj-VirtualBox systemd[1]: Listening on cups.socket - CUPS Scheduler.
9月 04 01:17:59 lsj-VirtualBox systemd[1]: Listening on dbus.socket - D-Bus System Message Bus Socket.
9月 04 01:17:59 lsj-VirtualBox systemd[1]: Starting snapd.socket - Socket activation for snappy daemon...
9月 04 01:17:59 lsj-VirtualBox systemd[1]: Listening on ssh.socket - OpenBSD Secure Shell server socket.
9月 04 01:17:59 lsj-VirtualBox systemd[1]: Listening on uuidd.socket - UUID daemon activation socket.
9月 04 01:17:59 lsj-VirtualBox systemd[1]: systemd-pcrphase-sysinit.service - TPM2 PCR Barrier (Initialization) was skipped because of an unmet condition check (ConditionSecurity=measured-uki).
9月 04 01:17:59 lsj-VirtualBox systemd[1]: Listening on snapd.socket - Socket activation for snappy daemon.
9月 04 01:17:59 lsj-VirtualBox mtp-probe[534]: checking bus 1, device 2: "/sys/devices/pci0000:00/0000:00:06.0/usb1/1-1"
9月 04 01:17:59 lsj-VirtualBox mtp-probe[534]: bus: 1, device: 2 was not an MTP device
9月 04 01:17:59 lsj-VirtualBox systemd[1]: Reached target sockets.target - Socket Units.
9月 04 01:17:59 lsj-VirtualBox systemd[1]: Reached target basic.target - Basic System.
9月 04 01:17:59 lsj-VirtualBox systemd[1]: Started anacron.service - Run anacron jobs.
9月 04 01:17:59 lsj-VirtualBox (udev-worker)[462]: sda2: Process '/usr/bin/unshare -m /usr/bin/snap auto-import --mount=/dev/sda2' failed with exit code 1.
9月 04 01:17:59 lsj-VirtualBox systemd[1]: Starting apport.service - automatic crash report generation...
9月 04 01:17:59 lsj-VirtualBox anacron[547]: Anacron 2.3 started on 2024-09-04
9月 04 01:17:59 lsj-VirtualBox systemd[1]: Starting avahi-daemon.service - Avahi mDNS/DNS-SD Stack...
9月 04 01:17:59 lsj-VirtualBox systemd[1]: Starting dbus.service - D-Bus System Message Bus...
9月 04 01:17:59 lsj-VirtualBox anacron[547]: Normal exit (0 jobs run)
9月 04 01:17:59 lsj-VirtualBox (udev-worker)[475]: sda1: Process '/usr/bin/unshare -m /usr/bin/snap auto-import --mount=/dev/sda1' failed with exit code 1.
9月 04 01:17:59 lsj-VirtualBox systemd[1]: Started dmesg.service - Save initial kernel messages after boot.
9月 04 01:17:59 lsj-VirtualBox systemd[1]: Starting e2scrub_reap.service - Remove Stale Online ext4 Metadata Check Snapshots...
9月 04 01:17:59 lsj-VirtualBox systemd[1]: getty-static.service - getty on tty2-tty6 if dbus and logind are not available was skipped because of an unmet condition check (ConditionPathExists=!/usr/bin/dbus-daemon).
9月 04 01:17:59 lsj-VirtualBox systemd[1]: Reached target getty.target - Login Prompts.
9月 04 01:17:59 lsj-VirtualBox systemd[1]: Starting gnome-remote-desktop.service - GNOME Remote Desktop...
9月 04 01:17:59 lsj-VirtualBox systemd[1]: Starting gpu-manager.service - Detect the available GPUs and deal with any system changes...
9月 04 01:17:59 lsj-VirtualBox avahi-daemon[555]: Found user 'avahi' (UID 108) and group 'avahi' (GID 111).
9月 04 01:17:59 lsj-VirtualBox systemd[1]: Starting grub-common.service - Record successful boot for GRUB...
9月 04 01:17:59 lsj-VirtualBox systemd[1]: networkd-dispatcher.service - Dispatcher daemon for systemd-networkd was skipped because no trigger condition checks were met.
9月 04 01:17:59 lsj-VirtualBox systemd[1]: Starting polkit.service - Authorization Manager...
9月 04 01:17:59 lsj-VirtualBox dbus-daemon[556]: dbus[556]: Unknown group "power" in message bus configuration file
9月 04 01:17:59 lsj-VirtualBox systemd[1]: Starting power-profiles-daemon.service - Power Profiles daemon...
9月 04 01:17:59 lsj-VirtualBox systemd[1]: Starting rsyslog.service - System Logging Service...
9月 04 01:17:59 lsj-VirtualBox systemd[1]: secureboot-db.service - Secure Boot updates for DB and DBX was skipped because of an unmet condition check (ConditionPathExists=/sys/firmware/efi/efivars/db-d719b2cb-3d3a-4596-a3bc-dad00e67656f).
9月 04 01:17:59 lsj-VirtualBox systemd[1]: snapd.core-fixup.service - Automatically repair incorrect owner/permissions on core devices was skipped because no trigger condition checks were met.
9月 04 01:17:59 lsj-VirtualBox systemd[1]: snapd.recovery-chooser-trigger.service - Wait for the Ubuntu Core chooser trigger was skipped because of an unmet condition check (ConditionKernelCommandLine=snapd_recovery_mode).
9月 04 01:17:59 lsj-VirtualBox systemd[1]: Reached target getty-pre.target - Preparation for Logins.
9月 04 01:17:59 lsj-VirtualBox systemd[1]: Starting snapd.seeded.service - Wait until snapd is fully seeded...
9月 04 01:17:59 lsj-VirtualBox systemd[1]: Starting snapd.service - Snap Daemon...
9月 04 01:17:59 lsj-VirtualBox systemd[1]: ssl-cert.service - Generate snakeoil SSL keypair was skipped because of an unmet condition check (ConditionPathExists=!/etc/ssl/private/ssl-cert-snakeoil.key).
9月 04 01:17:59 lsj-VirtualBox systemd[1]: sssd.service - System Security Services Daemon was skipped because no trigger condition checks were met.
9月 04 01:17:59 lsj-VirtualBox systemd[1]: Reached target nss-user-lookup.target - User and Group Name Lookups.
9月 04 01:17:59 lsj-VirtualBox systemd[1]: sssd-nss.socket: Bound to unit sssd.service, but unit isn't active.
9月 04 01:17:59 lsj-VirtualBox systemd[1]: Dependency failed for sssd-nss.socket - SSSD NSS Service responder socket.
9月 04 01:17:59 lsj-VirtualBox systemd[1]: sssd-nss.socket: Job sssd-nss.socket/start failed with result 'dependency'.
9月 04 01:17:59 lsj-VirtualBox systemd[1]: sssd-autofs.socket: Bound to unit sssd.service, but unit isn't active.
9月 04 01:17:59 lsj-VirtualBox systemd[1]: Dependency failed for sssd-autofs.socket - SSSD AutoFS Service responder socket.
9月 04 01:17:59 lsj-VirtualBox systemd[1]: sssd-autofs.socket: Job sssd-autofs.socket/start failed with result 'dependency'.
9月 04 01:17:59 lsj-VirtualBox systemd[1]: sssd-pac.socket: Bound to unit sssd.service, but unit isn't active.
9月 04 01:17:59 lsj-VirtualBox systemd[1]: Dependency failed for sssd-pac.socket - SSSD PAC Service responder socket.
9月 04 01:17:59 lsj-VirtualBox systemd[1]: sssd-pac.socket: Job sssd-pac.socket/start failed with result 'dependency'.
9月 04 01:17:59 lsj-VirtualBox systemd[1]: sssd-pam-priv.socket: Bound to unit sssd.service, but unit isn't active.
9月 04 01:17:59 lsj-VirtualBox systemd[1]: Dependency failed for sssd-pam-priv.socket - SSSD PAM Service responder private socket.
9月 04 01:17:59 lsj-VirtualBox systemd[1]: Dependency failed for sssd-pam.socket - SSSD PAM Service responder socket.
9月 04 01:17:59 lsj-VirtualBox systemd[1]: sssd-pam.socket: Job sssd-pam.socket/start failed with result 'dependency'.
9月 04 01:17:59 lsj-VirtualBox systemd[1]: sssd-pam-priv.socket: Job sssd-pam-priv.socket/start failed with result 'dependency'.
9月 04 01:17:59 lsj-VirtualBox systemd[1]: sssd-ssh.socket: Bound to unit sssd.service, but unit isn't active.
9月 04 01:17:59 lsj-VirtualBox systemd[1]: Dependency failed for sssd-ssh.socket - SSSD SSH Service responder socket.
9月 04 01:17:59 lsj-VirtualBox systemd[1]: sssd-ssh.socket: Job sssd-ssh.socket/start failed with result 'dependency'.
9月 04 01:17:59 lsj-VirtualBox systemd[1]: sssd-sudo.socket: Bound to unit sssd.service, but unit isn't active.
9月 04 01:17:59 lsj-VirtualBox systemd[1]: Dependency failed for sssd-sudo.socket - SSSD Sudo Service responder socket.
9月 04 01:17:59 lsj-VirtualBox systemd[1]: sssd-sudo.socket: Job sssd-sudo.socket/start failed with result 'dependency'.
9月 04 01:17:59 lsj-VirtualBox systemd[1]: Starting accounts-daemon.service - Accounts Service...
9月 04 01:17:59 lsj-VirtualBox dbus-daemon[556]: [system] AppArmor D-Bus mediation is enabled
9月 04 01:17:59 lsj-VirtualBox systemd[1]: Started cron.service - Regular background program processing daemon.
9月 04 01:17:59 lsj-VirtualBox systemd[1]: Starting switcheroo-control.service - Switcheroo Control Proxy service...
9月 04 01:17:59 lsj-VirtualBox (cron)[582]: cron.service: Referenced but unset environment variable evaluates to an empty string: EXTRA_OPTS
9月 04 01:17:59 lsj-VirtualBox cron[582]: (CRON) INFO (pidfile fd = 3)
9月 04 01:17:59 lsj-VirtualBox dbus-daemon[556]: [system] Activating systemd to hand-off: service name='org.freedesktop.PolicyKit1' unit='polkit.service' requested by ':1.2' (uid=0 pid=569 comm="/usr/libexec/power-profiles-daemon" label="unconfined")
9月 04 01:17:59 lsj-VirtualBox systemd[1]: Starting sysstat.service - Resets System Activity Logs...
9月 04 01:17:59 lsj-VirtualBox cron[582]: (CRON) INFO (Running @reboot jobs)
9月 04 01:17:59 lsj-VirtualBox systemd[1]: Starting systemd-logind.service - User Login Management...
9月 04 01:17:59 lsj-VirtualBox systemd[1]: systemd-pcrphase.service - TPM2 PCR Barrier (User) was skipped because of an unmet condition check (ConditionSecurity=measured-uki).
9月 04 01:17:59 lsj-VirtualBox systemd[1]: thermald.service - Thermal Daemon Service was skipped because of an unmet condition check (ConditionVirtualization=no).
9月 04 01:17:59 lsj-VirtualBox systemd[1]: ua-reboot-cmds.service - Ubuntu Pro reboot cmds was skipped because of an unmet condition check (ConditionPathExists=/var/lib/ubuntu-advantage/private/machine-token.json).
9月 04 01:17:59 lsj-VirtualBox systemd[1]: Starting udisks2.service - Disk Manager...
9月 04 01:17:59 lsj-VirtualBox systemd[1]: Starting vboxadd.service...
9月 04 01:17:59 lsj-VirtualBox systemd[1]: Started dbus.service - D-Bus System Message Bus.
9月 04 01:17:59 lsj-VirtualBox systemd[1]: anacron.service: Deactivated successfully.
9月 04 01:17:59 lsj-VirtualBox systemd[1]: Finished sysstat.service - Resets System Activity Logs.
9月 04 01:17:59 lsj-VirtualBox systemd-logind[603]: Watching system buttons on /dev/input/event0 (Power Button)
9月 04 01:17:59 lsj-VirtualBox systemd-logind[603]: Watching system buttons on /dev/input/event1 (Sleep Button)
9月 04 01:17:59 lsj-VirtualBox udisksd[608]: udisks daemon version 2.10.1 starting
9月 04 01:17:59 lsj-VirtualBox systemd-logind[603]: Watching system buttons on /dev/input/event2 (AT Translated Set 2 keyboard)
9月 04 01:17:59 lsj-VirtualBox systemd-logind[603]: New seat seat0.
9月 04 01:17:59 lsj-VirtualBox systemd[1]: Started systemd-logind.service - User Login Management.
9月 04 01:17:59 lsj-VirtualBox kernel: kauditd_printk_skb: 134 callbacks suppressed
9月 04 01:17:59 lsj-VirtualBox kernel: audit: type=1400 audit(1725383879.694:145): apparmor="STATUS" operation="profile_replace" info="same as current profile, skipping" profile="unconfined" name="rsyslogd" pid=598 comm="apparmor_parser"
9月 04 01:17:59 lsj-VirtualBox systemd[1]: e2scrub_reap.service: Deactivated successfully.
9月 04 01:17:59 lsj-VirtualBox systemd[1]: Finished e2scrub_reap.service - Remove Stale Online ext4 Metadata Check Snapshots.
9月 04 01:17:59 lsj-VirtualBox dbus-daemon[556]: [system] Successfully activated service 'org.freedesktop.systemd1'
9月 04 01:17:59 lsj-VirtualBox systemd[1]: Cannot find unit for notify message of PID 634, ignoring.
9月 04 01:17:59 lsj-VirtualBox systemd[1]: grub-common.service: Deactivated successfully.
9月 04 01:17:59 lsj-VirtualBox systemd[1]: Finished grub-common.service - Record successful boot for GRUB.
9月 04 01:17:59 lsj-VirtualBox avahi-daemon[555]: Successfully dropped root privileges.
9月 04 01:17:59 lsj-VirtualBox avahi-daemon[555]: avahi-daemon 0.8 starting up.
9月 04 01:17:59 lsj-VirtualBox systemd[1]: Started switcheroo-control.service - Switcheroo Control Proxy service.
9月 04 01:17:59 lsj-VirtualBox avahi-daemon[555]: Successfully called chroot().
9月 04 01:17:59 lsj-VirtualBox systemd[1]: Started avahi-daemon.service - Avahi mDNS/DNS-SD Stack.
9月 04 01:17:59 lsj-VirtualBox avahi-daemon[555]: Successfully dropped remaining capabilities.
9月 04 01:17:59 lsj-VirtualBox avahi-daemon[555]: No service file found in /etc/avahi/services.
9月 04 01:17:59 lsj-VirtualBox avahi-daemon[555]: Joining mDNS multicast group on interface lo.IPv6 with address ::1.
9月 04 01:17:59 lsj-VirtualBox avahi-daemon[555]: New relevant interface lo.IPv6 for mDNS.
9月 04 01:17:59 lsj-VirtualBox avahi-daemon[555]: Joining mDNS multicast group on interface lo.IPv4 with address 127.0.0.1.
9月 04 01:17:59 lsj-VirtualBox avahi-daemon[555]: New relevant interface lo.IPv4 for mDNS.
9月 04 01:17:59 lsj-VirtualBox avahi-daemon[555]: Network interface enumeration completed.
9月 04 01:17:59 lsj-VirtualBox avahi-daemon[555]: Registering new address record for ::1 on lo.*.
9月 04 01:17:59 lsj-VirtualBox avahi-daemon[555]: Registering new address record for 127.0.0.1 on lo.IPv4.
9月 04 01:17:59 lsj-VirtualBox systemd[1]: Starting grub-initrd-fallback.service - GRUB failed boot detection...
9月 04 01:17:59 lsj-VirtualBox systemd[1]: Starting wpa_supplicant.service - WPA supplicant...
9月 04 01:17:59 lsj-VirtualBox systemd[1]: gpu-manager.service: Deactivated successfully.
9月 04 01:17:59 lsj-VirtualBox systemd[1]: Finished gpu-manager.service - Detect the available GPUs and deal with any system changes.
9月 04 01:17:59 lsj-VirtualBox systemd[1]: Started wpa_supplicant.service - WPA supplicant.
9月 04 01:17:59 lsj-VirtualBox wpa_supplicant[655]: Successfully initialized wpa_supplicant
9月 04 01:17:59 lsj-VirtualBox rsyslogd[635]: imuxsock: Acquired UNIX socket '/run/systemd/journal/syslog' (fd 3) from systemd.  [v8.2312.0]
9月 04 01:17:59 lsj-VirtualBox systemd[1]: Started rsyslog.service - System Logging Service.
9月 04 01:17:59 lsj-VirtualBox rsyslogd[635]: rsyslogd's groupid changed to 102
9月 04 01:17:59 lsj-VirtualBox gnome-remote-de[560]: Init TPM credentials failed because No TPM device found, using GKeyFile as fallback
9月 04 01:17:59 lsj-VirtualBox rsyslogd[635]: rsyslogd's userid changed to 102
9月 04 01:17:59 lsj-VirtualBox rsyslogd[635]: [origin software="rsyslogd" swVersion="8.2312.0" x-pid="635" x-info="https://www.rsyslog.com"] start
9月 04 01:17:59 lsj-VirtualBox kernel: piix4_smbus 0000:00:07.0: SMBus Host Controller at 0x4100, revision 0
9月 04 01:17:59 lsj-VirtualBox systemd[1]: grub-initrd-fallback.service: Deactivated successfully.
9月 04 01:17:59 lsj-VirtualBox systemd[1]: Finished grub-initrd-fallback.service - GRUB failed boot detection.
9月 04 01:17:59 lsj-VirtualBox snapd[576]: overlord.go:271: Acquiring state lock file
9月 04 01:17:59 lsj-VirtualBox snapd[576]: overlord.go:276: Acquired state lock file
9月 04 01:17:59 lsj-VirtualBox polkitd[566]: Started polkitd version 124
9月 04 01:17:59 lsj-VirtualBox kernel: vboxguest: host-version: 7.0.8r156879 0x8000000f
9月 04 01:17:59 lsj-VirtualBox polkitd[566]: Loading rules from directory /etc/polkit-1/rules.d
9月 04 01:17:59 lsj-VirtualBox polkitd[566]: Loading rules from directory /usr/share/polkit-1/rules.d
9月 04 01:17:59 lsj-VirtualBox kernel: vbg_heartbeat_init: Setting up heartbeat to trigger every 2000 milliseconds
9月 04 01:17:59 lsj-VirtualBox kernel: input: VirtualBox mouse integration as /devices/pci0000:00/0000:00:04.0/input/input7
9月 04 01:17:59 lsj-VirtualBox snapd[576]: daemon.go:247: started snapd/2.63.1+24.04 (series 16; classic) ubuntu/24.04 (amd64) linux/6.8.0-41-generic.
9月 04 01:17:59 lsj-VirtualBox polkitd[566]: Finished loading, compiling and executing 16 rules
9月 04 01:17:59 lsj-VirtualBox kernel: cryptd: max_cpu_qlen set to 1000
9月 04 01:17:59 lsj-VirtualBox dbus-daemon[556]: [system] Successfully activated service 'org.freedesktop.PolicyKit1'
9月 04 01:17:59 lsj-VirtualBox systemd[1]: Started polkit.service - Authorization Manager.
9月 04 01:17:59 lsj-VirtualBox polkitd[566]: Acquired the name org.freedesktop.PolicyKit1 on the system bus
9月 04 01:17:59 lsj-VirtualBox accounts-daemon[580]: started daemon version 23.13.9
9月 04 01:17:59 lsj-VirtualBox kernel: vmwgfx 0000:00:02.0: vgaarb: deactivate vga console
9月 04 01:17:59 lsj-VirtualBox kernel: Console: switching to colour dummy device 80x25
9月 04 01:17:59 lsj-VirtualBox kernel: loop10: detected capacity change from 0 to 8
9月 04 01:17:59 lsj-VirtualBox systemd[1]: Starting ModemManager.service - Modem Manager...
9月 04 01:17:59 lsj-VirtualBox kernel: vmwgfx 0000:00:02.0: [drm] FIFO at 0x00000000f0000000 size is 2048 kiB
9月 04 01:17:59 lsj-VirtualBox kernel: vmwgfx 0000:00:02.0: [drm] VRAM at 0x00000000e0000000 size is 131072 kiB
9月 04 01:17:59 lsj-VirtualBox kernel: vmwgfx 0000:00:02.0: [drm] Running on SVGA version 2.
9月 04 01:17:59 lsj-VirtualBox kernel: vmwgfx 0000:00:02.0: [drm] Capabilities: rect copy, cursor, cursor bypass, cursor bypass 2, alpha cursor, extended fifo, pitchlock, irq mask, gmr, traces, gmr2, screen object 2, command buffers, 
9月 04 01:17:59 lsj-VirtualBox kernel: vmwgfx 0000:00:02.0: [drm] *ERROR* vmwgfx seems to be running on an unsupported hypervisor.
9月 04 01:17:59 lsj-VirtualBox kernel: vmwgfx 0000:00:02.0: [drm] *ERROR* This configuration is likely broken.
9月 04 01:17:59 lsj-VirtualBox kernel: vmwgfx 0000:00:02.0: [drm] *ERROR* Please switch to a supported graphics device to avoid problems.
9月 04 01:17:59 lsj-VirtualBox kernel: vmwgfx 0000:00:02.0: [drm] DMA map mode: Caching DMA mappings.
9月 04 01:17:59 lsj-VirtualBox kernel: vmwgfx 0000:00:02.0: [drm] Legacy memory limits: VRAM = 131072 kB, FIFO = 2048 kB, surface = 393216 kB
9月 04 01:17:59 lsj-VirtualBox kernel: vmwgfx 0000:00:02.0: [drm] MOB limits: max mob size = 0 kB, max mob pages = 0
9月 04 01:17:59 lsj-VirtualBox kernel: vmwgfx 0000:00:02.0: [drm] Max GMR ids is 8192
9月 04 01:17:59 lsj-VirtualBox kernel: vmwgfx 0000:00:02.0: [drm] Max number of GMR pages is 1048576
9月 04 01:17:59 lsj-VirtualBox kernel: vmwgfx 0000:00:02.0: [drm] Maximum display memory size is 131072 kiB
9月 04 01:17:59 lsj-VirtualBox kernel: vmwgfx 0000:00:02.0: [drm] Screen Object display unit initialized
9月 04 01:17:59 lsj-VirtualBox kernel: vmwgfx 0000:00:02.0: [drm] Fifo max 0x00200000 min 0x00001000 cap 0x00000355
9月 04 01:17:59 lsj-VirtualBox kernel: vmwgfx 0000:00:02.0: [drm] Using command buffers with DMA pool.
9月 04 01:17:59 lsj-VirtualBox kernel: vmwgfx 0000:00:02.0: [drm] Available shader model: Legacy.
9月 04 01:17:59 lsj-VirtualBox systemd[1]: Starting firewalld.service - firewalld - dynamic firewall daemon...
9月 04 01:17:59 lsj-VirtualBox kernel: [drm] Initialized vmwgfx 2.20.0 20211206 for 0000:00:02.0 on minor 0
9月 04 01:17:59 lsj-VirtualBox kernel: fbcon: vmwgfxdrmfb (fb0) is primary device
9月 04 01:17:59 lsj-VirtualBox kernel: Console: switching to colour frame buffer device 160x50
9月 04 01:17:59 lsj-VirtualBox kernel: vmwgfx 0000:00:02.0: [drm] fb0: vmwgfxdrmfb frame buffer device
9月 04 01:17:59 lsj-VirtualBox systemd[1]: Started power-profiles-daemon.service - Power Profiles daemon.
9月 04 01:17:59 lsj-VirtualBox systemd[1]: Started accounts-daemon.service - Accounts Service.
9月 04 01:17:59 lsj-VirtualBox kernel: AVX2 version of gcm_enc/dec engaged.
9月 04 01:17:59 lsj-VirtualBox kernel: AES CTR mode by8 optimization enabled
9月 04 01:17:59 lsj-VirtualBox systemd[1]: tmp-syscheck\x2dmountpoint\x2d326945832.mount: Deactivated successfully.
9月 04 01:17:59 lsj-VirtualBox systemd[1]: Started gnome-remote-desktop.service - GNOME Remote Desktop.
9月 04 01:18:00 lsj-VirtualBox snapd[576]: daemon.go:340: adjusting startup timeout by 1m15s (pessimistic estimate of 30s plus 5s per snap)
9月 04 01:18:00 lsj-VirtualBox ModemManager[710]: <msg> ModemManager (version 1.23.4) starting in system bus...
9月 04 01:18:00 lsj-VirtualBox systemd[1]: Listening on systemd-rfkill.socket - Load/Save RF Kill Switch Status /dev/rfkill Watch.
9月 04 01:18:00 lsj-VirtualBox snapd[576]: backends.go:58: AppArmor status: apparmor is enabled and all features are available
9月 04 01:18:00 lsj-VirtualBox systemd[1]: Started udisks2.service - Disk Manager.
9月 04 01:18:00 lsj-VirtualBox udisksd[608]: Cleaning up mount point /media/lsj/VBox_GAs_7.0.8 (device 11:0 is not mounted)
9月 04 01:18:00 lsj-VirtualBox vboxadd[609]: VirtualBox Guest Additions: Starting.
9月 04 01:18:00 lsj-VirtualBox kernel: NET: Registered PF_QIPCRTR protocol family
9月 04 01:18:00 lsj-VirtualBox systemd[1]: Started ModemManager.service - Modem Manager.
9月 04 01:18:00 lsj-VirtualBox systemd[1]: Finished apport.service - automatic crash report generation.
9月 04 01:18:00 lsj-VirtualBox udisksd[608]: Acquired the name org.freedesktop.UDisks2 on the system message bus
9月 04 01:18:00 lsj-VirtualBox vboxadd[780]: VirtualBox Guest Additions: Setting up modules
9月 04 01:18:00 lsj-VirtualBox (udev-worker)[465]: vboxguest: /etc/udev/rules.d/60-vboxadd.rules:1 Only network interfaces can be renamed, ignoring NAME="vboxguest".
9月 04 01:18:00 lsj-VirtualBox (udev-worker)[470]: vboxuser: /etc/udev/rules.d/60-vboxadd.rules:2 Only network interfaces can be renamed, ignoring NAME="vboxuser".
9月 04 01:18:00 lsj-VirtualBox kernel: audit: type=1400 audit(1725383880.222:146): apparmor="STATUS" operation="profile_replace" profile="unconfined" name="/usr/lib/snapd/snap-confine" pid=748 comm="apparmor_parser"
9月 04 01:18:00 lsj-VirtualBox vboxadd[793]: VirtualBox Guest Additions: Building the VirtualBox Guest Additions kernel
9月 04 01:18:00 lsj-VirtualBox vboxadd[793]: modules.  This may take a while.
9月 04 01:18:00 lsj-VirtualBox vboxadd[798]: VirtualBox Guest Additions: To build modules for other installed kernels, run
9月 04 01:18:00 lsj-VirtualBox vboxadd[801]: VirtualBox Guest Additions:   /sbin/rcvboxadd quicksetup <version>
9月 04 01:18:00 lsj-VirtualBox kernel: audit: type=1400 audit(1725383880.230:147): apparmor="STATUS" operation="profile_replace" profile="unconfined" name="/usr/lib/snapd/snap-confine//mount-namespace-capture-helper" pid=748 comm="apparmor_parser"
9月 04 01:18:00 lsj-VirtualBox vboxadd[805]: VirtualBox Guest Additions: or
9月 04 01:18:00 lsj-VirtualBox vboxadd[807]: VirtualBox Guest Additions:   /sbin/rcvboxadd quicksetup all
9月 04 01:18:00 lsj-VirtualBox vboxadd[812]: VirtualBox Guest Additions: Building the modules for kernel 6.8.0-41-generic.
9月 04 01:18:00 lsj-VirtualBox systemd[1]: Started snapd.service - Snap Daemon.
9月 04 01:18:00 lsj-VirtualBox dbus-daemon[556]: [system] Activating via systemd: service name='org.freedesktop.timedate1' unit='dbus-org.freedesktop.timedate1.service' requested by ':1.13' (uid=0 pid=576 comm="/usr/lib/snapd/snapd" label="unconfined")
9月 04 01:18:00 lsj-VirtualBox kernel: intel_rapl_common: Found RAPL domain package
9月 04 01:18:00 lsj-VirtualBox kernel: intel_rapl_common: Found RAPL domain core
9月 04 01:18:00 lsj-VirtualBox systemd[1]: Starting systemd-timedated.service - Time & Date Service...
9月 04 01:18:00 lsj-VirtualBox dbus-daemon[556]: [system] Successfully activated service 'org.freedesktop.timedate1'
9月 04 01:18:00 lsj-VirtualBox systemd[1]: Started systemd-timedated.service - Time & Date Service.
9月 04 01:18:00 lsj-VirtualBox systemd[1]: Started firewalld.service - firewalld - dynamic firewall daemon.
9月 04 01:18:00 lsj-VirtualBox systemd[1]: Reached target network-pre.target - Preparation for Network.
9月 04 01:18:00 lsj-VirtualBox systemd[1]: Starting NetworkManager.service - Network Manager...
9月 04 01:18:00 lsj-VirtualBox NetworkManager[924]: <info>  [1725383880.5201] NetworkManager (version 1.46.0) is starting... (boot:8e62b4fd-39ca-45de-ba18-f0c5fcb06d77)
9月 04 01:18:00 lsj-VirtualBox NetworkManager[924]: <info>  [1725383880.5221] Read config: /etc/NetworkManager/NetworkManager.conf (lib: 10-dns-resolved.conf, 20-connectivity-ubuntu.conf, no-mac-addr-change.conf) (run: 10-globally-managed-devices.conf) (etc: default-wifi-powersave-on.conf)
9月 04 01:18:00 lsj-VirtualBox NetworkManager[924]: <info>  [1725383880.5436] manager[0x5add40f47610]: monitoring kernel firmware directory '/lib/firmware'.
9月 04 01:18:00 lsj-VirtualBox NetworkManager[924]: <info>  [1725383880.5436] monitoring ifupdown state file '/run/network/ifstate'.
9月 04 01:18:00 lsj-VirtualBox systemd[1]: Finished snapd.seeded.service - Wait until snapd is fully seeded.
9月 04 01:18:00 lsj-VirtualBox systemd[1]: snapd.autoimport.service - Auto import assertions from block devices was skipped because no trigger condition checks were met.
9月 04 01:18:00 lsj-VirtualBox dbus-daemon[556]: [system] Activating via systemd: service name='org.freedesktop.hostname1' unit='dbus-org.freedesktop.hostname1.service' requested by ':1.16' (uid=0 pid=924 comm="/usr/sbin/NetworkManager --no-daemon" label="unconfined")
9月 04 01:18:00 lsj-VirtualBox systemd[1]: Starting systemd-hostnamed.service - Hostname Service...
9月 04 01:18:00 lsj-VirtualBox avahi-daemon[555]: Server startup complete. Host name is lsj-VirtualBox.local. Local service cookie is 3070679146.
9月 04 01:18:00 lsj-VirtualBox dbus-daemon[556]: [system] Successfully activated service 'org.freedesktop.hostname1'
9月 04 01:18:00 lsj-VirtualBox systemd[1]: Started systemd-hostnamed.service - Hostname Service.
9月 04 01:18:00 lsj-VirtualBox NetworkManager[924]: <info>  [1725383880.6882] hostname: hostname: using hostnamed
9月 04 01:18:00 lsj-VirtualBox NetworkManager[924]: <info>  [1725383880.6883] hostname: static hostname changed from (none) to "lsj-VirtualBox"
9月 04 01:18:00 lsj-VirtualBox NetworkManager[924]: <info>  [1725383880.6916] dns-mgr: init: dns=systemd-resolved rc-manager=unmanaged (auto), plugin=systemd-resolved
9月 04 01:18:00 lsj-VirtualBox NetworkManager[924]: <info>  [1725383880.6924] manager[0x5add40f47610]: rfkill: Wi-Fi hardware radio set enabled
9月 04 01:18:00 lsj-VirtualBox NetworkManager[924]: <info>  [1725383880.6925] manager[0x5add40f47610]: rfkill: WWAN hardware radio set enabled
9月 04 01:18:00 lsj-VirtualBox systemd[1]: Cannot find unit for notify message of PID 994, ignoring.
9月 04 01:18:00 lsj-VirtualBox NetworkManager[924]: <info>  [1725383880.6996] Loaded device plugin: NMTeamFactory (/usr/lib/x86_64-linux-gnu/NetworkManager/1.46.0/libnm-device-plugin-team.so)
9月 04 01:18:00 lsj-VirtualBox NetworkManager[924]: <info>  [1725383880.7024] Loaded device plugin: NMWifiFactory (/usr/lib/x86_64-linux-gnu/NetworkManager/1.46.0/libnm-device-plugin-wifi.so)
9月 04 01:18:00 lsj-VirtualBox NetworkManager[924]: <info>  [1725383880.7072] Loaded device plugin: NMWwanFactory (/usr/lib/x86_64-linux-gnu/NetworkManager/1.46.0/libnm-device-plugin-wwan.so)
9月 04 01:18:00 lsj-VirtualBox NetworkManager[924]: <info>  [1725383880.7120] Loaded device plugin: NMBluezManager (/usr/lib/x86_64-linux-gnu/NetworkManager/1.46.0/libnm-device-plugin-bluetooth.so)
9月 04 01:18:00 lsj-VirtualBox NetworkManager[924]: <info>  [1725383880.7137] Loaded device plugin: NMAtmManager (/usr/lib/x86_64-linux-gnu/NetworkManager/1.46.0/libnm-device-plugin-adsl.so)
9月 04 01:18:00 lsj-VirtualBox NetworkManager[924]: <info>  [1725383880.7143] manager: rfkill: Wi-Fi enabled by radio killswitch; enabled by state file
9月 04 01:18:00 lsj-VirtualBox NetworkManager[924]: <info>  [1725383880.7144] manager: rfkill: WWAN enabled by radio killswitch; enabled by state file
9月 04 01:18:00 lsj-VirtualBox NetworkManager[924]: <info>  [1725383880.7145] manager: Networking is enabled by state file
9月 04 01:18:00 lsj-VirtualBox dbus-daemon[556]: [system] Activating via systemd: service name='org.freedesktop.nm_dispatcher' unit='dbus-org.freedesktop.nm-dispatcher.service' requested by ':1.16' (uid=0 pid=924 comm="/usr/sbin/NetworkManager --no-daemon" label="unconfined")
9月 04 01:18:00 lsj-VirtualBox NetworkManager[924]: <info>  [1725383880.7187] settings: Loaded settings plugin: ifupdown ("/usr/lib/x86_64-linux-gnu/NetworkManager/1.46.0/libnm-settings-plugin-ifupdown.so")
